Archive member included because of file (symbol)

C:/Freescale/KSDK_1.3.0/lib/ksdk_platform_lib/kds/KL46Z4/debug/libksdk_platform.a(fsl_uart_hal.o)
                              ./utilities/fsl_debug_console.o (UART_HAL_SetBaudRate)
C:/Freescale/KSDK_1.3.0/lib/ksdk_platform_lib/kds/KL46Z4/debug/libksdk_platform.a(fsl_lpsci_hal.o)
                              ./utilities/fsl_debug_console.o (LPSCI_HAL_SetBaudRate)
C:/Freescale/KSDK_1.3.0/lib/ksdk_platform_lib/kds/KL46Z4/debug/libksdk_platform.a(fsl_clock_MKL46Z4.o)
                              ./board/board.o (CLOCK_SYS_SetSimConfigration)
C:/Freescale/KSDK_1.3.0/lib/ksdk_platform_lib/kds/KL46Z4/debug/libksdk_platform.a(fsl_clock_manager.o)
                              C:/Freescale/KSDK_1.3.0/lib/ksdk_platform_lib/kds/KL46Z4/debug/libksdk_platform.a(fsl_clock_MKL46Z4.o) (CLOCK_SYS_GetSystickFreq)
C:/Freescale/KSDK_1.3.0/lib/ksdk_platform_lib/kds/KL46Z4/debug/libksdk_platform.a(fsl_clock_manager_common.o)
                              C:/Freescale/KSDK_1.3.0/lib/ksdk_platform_lib/kds/KL46Z4/debug/libksdk_platform.a(fsl_clock_MKL46Z4.o) (g_oscBase)
C:/Freescale/KSDK_1.3.0/lib/ksdk_platform_lib/kds/KL46Z4/debug/libksdk_platform.a(fsl_os_abstraction_bm.o)
                              C:/Freescale/KSDK_1.3.0/lib/ksdk_platform_lib/kds/KL46Z4/debug/libksdk_platform.a(fsl_clock_manager.o) (OSA_EnterCritical)
C:/Freescale/KSDK_1.3.0/lib/ksdk_platform_lib/kds/KL46Z4/debug/libksdk_platform.a(fsl_sim_hal_MKL46Z4.o)
                              C:/Freescale/KSDK_1.3.0/lib/ksdk_platform_lib/kds/KL46Z4/debug/libksdk_platform.a(fsl_clock_MKL46Z4.o) (CLOCK_HAL_SetOutDiv)
C:/Freescale/KSDK_1.3.0/lib/ksdk_platform_lib/kds/KL46Z4/debug/libksdk_platform.a(fsl_osc_hal.o)
                              C:/Freescale/KSDK_1.3.0/lib/ksdk_platform_lib/kds/KL46Z4/debug/libksdk_platform.a(fsl_clock_manager.o) (OSC_HAL_SetCapacitor)
C:/Freescale/KSDK_1.3.0/lib/ksdk_platform_lib/kds/KL46Z4/debug/libksdk_platform.a(fsl_mcg_hal.o)
                              C:/Freescale/KSDK_1.3.0/lib/ksdk_platform_lib/kds/KL46Z4/debug/libksdk_platform.a(fsl_clock_MKL46Z4.o) (g_xtal0ClkFreq)
C:/Freescale/KSDK_1.3.0/lib/ksdk_platform_lib/kds/KL46Z4/debug/libksdk_platform.a(fsl_mcg_hal_modes.o)
                              C:/Freescale/KSDK_1.3.0/lib/ksdk_platform_lib/kds/KL46Z4/debug/libksdk_platform.a(fsl_clock_manager.o) (CLOCK_HAL_GetMcgMode)
C:/Freescale/KSDK_1.3.0/lib/ksdk_platform_lib/kds/KL46Z4/debug/libksdk_platform.a(fsl_lptmr_hal.o)
                              C:/Freescale/KSDK_1.3.0/lib/ksdk_platform_lib/kds/KL46Z4/debug/libksdk_platform.a(fsl_os_abstraction_bm.o) (LPTMR_HAL_SetTimerWorkingMode)
C:/Freescale/KSDK_1.3.0/lib/ksdk_platform_lib/kds/KL46Z4/debug/libksdk_platform.a(fsl_interrupt_manager.o)
                              C:/Freescale/KSDK_1.3.0/lib/ksdk_platform_lib/kds/KL46Z4/debug/libksdk_platform.a(fsl_os_abstraction_bm.o) (INT_SYS_InstallHandler)
c:/freescale/kds_v3/toolchain/bin/../lib/gcc/arm-none-eabi/4.8.4/armv6-m\libgcc.a(_udivsi3.o)
                              ./utilities/print_scan.o (__aeabi_uidiv)
c:/freescale/kds_v3/toolchain/bin/../lib/gcc/arm-none-eabi/4.8.4/armv6-m\libgcc.a(_divsi3.o)
                              ./utilities/print_scan.o (__aeabi_idiv)
c:/freescale/kds_v3/toolchain/bin/../lib/gcc/arm-none-eabi/4.8.4/armv6-m\libgcc.a(_dvmd_tls.o)
                              c:/freescale/kds_v3/toolchain/bin/../lib/gcc/arm-none-eabi/4.8.4/armv6-m\libgcc.a(_udivsi3.o) (__aeabi_idiv0)
c:/freescale/kds_v3/toolchain/bin/../lib/gcc/arm-none-eabi/4.8.4/../../../../arm-none-eabi/lib/armv6-m\libg_s.a(lib_a-assert.o)
                              ./board/board.o (__assert_func)
c:/freescale/kds_v3/toolchain/bin/../lib/gcc/arm-none-eabi/4.8.4/../../../../arm-none-eabi/lib/armv6-m\libg_s.a(lib_a-calloc.o)
                              C:/Freescale/KSDK_1.3.0/lib/ksdk_platform_lib/kds/KL46Z4/debug/libksdk_platform.a(fsl_os_abstraction_bm.o) (calloc)
c:/freescale/kds_v3/toolchain/bin/../lib/gcc/arm-none-eabi/4.8.4/../../../../arm-none-eabi/lib/armv6-m\libg_s.a(lib_a-errno.o)
                              ./utilities/fsl_misc_utilities.o (__errno)
c:/freescale/kds_v3/toolchain/bin/../lib/gcc/arm-none-eabi/4.8.4/../../../../arm-none-eabi/lib/armv6-m\libg_s.a(lib_a-exit.o)
                              c:/freescale/kds_v3/toolchain/bin/../lib/gcc/arm-none-eabi/4.8.4/../../../../arm-none-eabi/lib/armv6-m/crt0.o (exit)
c:/freescale/kds_v3/toolchain/bin/../lib/gcc/arm-none-eabi/4.8.4/../../../../arm-none-eabi/lib/armv6-m\libg_s.a(lib_a-fprintf.o)
                              c:/freescale/kds_v3/toolchain/bin/../lib/gcc/arm-none-eabi/4.8.4/../../../../arm-none-eabi/lib/armv6-m\libg_s.a(lib_a-assert.o) (fiprintf)
c:/freescale/kds_v3/toolchain/bin/../lib/gcc/arm-none-eabi/4.8.4/../../../../arm-none-eabi/lib/armv6-m\libg_s.a(lib_a-impure.o)
[...]
Memory Configuration

Name             Origin             Length             Attributes
m_interrupts     0x00000000         0x00000100         xr
m_flash_config   0x00000400         0x00000010         xr
m_text           0x00000410         0x0003fbf0         xr
m_data           0x1fffe000         0x00008000         rw
*default*        0x00000000         0xffffffff

Linker script and memory map

LOAD c:/freescale/kds_v3/toolchain/bin/../lib/gcc/arm-none-eabi/4.8.4/armv6-m/crti.o
LOAD c:/freescale/kds_v3/toolchain/bin/../lib/gcc/arm-none-eabi/4.8.4/armv6-m/crtbegin.o
LOAD c:/freescale/kds_v3/toolchain/bin/../lib/gcc/arm-none-eabi/4.8.4/../../../../arm-none-eabi/lib/armv6-m/crt0.o
LOAD ./utilities/fsl_debug_console.o
LOAD ./utilities/fsl_misc_utilities.o
LOAD ./utilities/print_scan.o
LOAD ./board/board.o
LOAD ./board/gpio_pins.o
LOAD ./board/hardware_init.o
LOAD ./board/pin_mux.o
LOAD ./Sources/main.o
LOAD ./Project_Settings/Startup_Code/startup.o
LOAD ./Project_Settings/Startup_Code/startup_MKL46Z4.o
LOAD ./Project_Settings/Startup_Code/system_MKL46Z4.o
LOAD C:/Freescale/KSDK_1.3.0/lib/ksdk_platform_lib/kds/KL46Z4/debug/libksdk_platform.a
LOAD c:/freescale/kds_v3/toolchain/bin/../lib/gcc/arm-none-eabi/4.8.4/../../../../arm-none-eabi/lib/armv6-m\libstdc++_s.a
LOAD c:/freescale/kds_v3/toolchain/bin/../lib/gcc/arm-none-eabi/4.8.4/../../../../arm-none-eabi/lib/armv6-m\libm.a
START GROUP
LOAD c:/freescale/kds_v3/toolchain/bin/../lib/gcc/arm-none-eabi/4.8.4/armv6-m\libgcc.a
LOAD c:/freescale/kds_v3/toolchain/bin/../lib/gcc/arm-none-eabi/4.8.4/../../../../arm-none-eabi/lib/armv6-m\libg_s.a
LOAD c:/freescale/kds_v3/toolchain/bin/../lib/gcc/arm-none-eabi/4.8.4/../../../../arm-none-eabi/lib/armv6-m\libc_s.a
END GROUP
START GROUP
LOAD c:/freescale/kds_v3/toolchain/bin/../lib/gcc/arm-none-eabi/4.8.4/armv6-m\libgcc.a
LOAD c:/freescale/kds_v3/toolchain/bin/../lib/gcc/arm-none-eabi/4.8.4/../../../../arm-none-eabi/lib/armv6-m\libc_s.a
LOAD c:/freescale/kds_v3/toolchain/bin/../lib/gcc/arm-none-eabi/4.8.4/../../../../arm-none-eabi/lib/armv6-m\libnosys.a
END GROUP
START GROUP
LOAD c:/freescale/kds_v3/toolchain/bin/../lib/gcc/arm-none-eabi/4.8.4/armv6-m\libgcc.a
LOAD c:/freescale/kds_v3/toolchain/bin/../lib/gcc/arm-none-eabi/4.8.4/../../../../arm-none-eabi/lib/armv6-m\libc_s.a
LOAD c:/freescale/kds_v3/toolchain/bin/../lib/gcc/arm-none-eabi/4.8.4/../../../../arm-none-eabi/lib/armv6-m\libnosys.a
END GROUP
LOAD c:/freescale/kds_v3/toolchain/bin/../lib/gcc/arm-none-eabi/4.8.4/armv6-m/crtend.o
LOAD c:/freescale/kds_v3/toolchain/bin/../lib/gcc/arm-none-eabi/4.8.4/armv6-m/crtn.o
                0x00000400                HEAP_SIZE = DEFINED (__heap_size__)?__heap_size__:0x400
                0x00000400                STACK_SIZE = DEFINED (__stack_size__)?__stack_size__:0x400
                0x00000000                M_VECTOR_RAM_SIZE = DEFINED (__ram_vector_table__)?0x100:0x0

.interrupts     0x00000000       0xc0
                0x00000000                __VECTOR_TABLE = .
                0x00000000                . = ALIGN (0x4)
 *(.isr_vector)
 .isr_vector    0x00000000       0xc0 ./Project_Settings/Startup_Code/startup_MKL46Z4.o
                0x00000000                __isr_vector
                0x000000c0                . = ALIGN (0x4)

.flash_config   0x00000400       0x10
                0x00000400                . = ALIGN (0x4)
 *(.FlashConfig)
 .FlashConfig   0x00000400       0x10 ./Project_Settings/Startup_Code/startup_MKL46Z4.o
                0x00000410                . = ALIGN (0x4)

.text           0x00000410     0x3b90
                0x00000410                . = ALIGN (0x4)
 *(.text)
 .text          0x00000410       0x60 c:/freescale/kds_v3/toolchain/bin/../lib/gcc/arm-none-eabi/4.8.4/armv6-m/crtbegin.o
 .text          0x00000470       0x78 c:/freescale/kds_v3/toolchain/bin/../lib/gcc/arm-none-eabi/4.8.4/../../../../arm-none-eabi/lib/armv6-m/crt0.o
                0x00000470                _start
                0x00000470                _mainCRTStartup
 .text          0x000004e8       0x18 ./Project_Settings/Startup_Code/startup_MKL46Z4.o
                0x000004e8                Reset_Handler
                0x000004f8                HardFault_Handler
                0x000004f8                SysTick_Handler
                0x000004f8                PendSV_Handler
                0x000004f8                NMI_Handler
                0x000004f8                PORTC_PORTD_IRQHandler
                0x000004f8                I2C1_IRQHandler
                0x000004f8                UART1_IRQHandler
                0x000004f8                DMA2_IRQHandler
                0x000004f8                TPM0_IRQHandler
                0x000004f8                I2S0_IRQHandler
                0x000004f8                LLWU_IRQHandler
                0x000004f8                TSI0_IRQHandler
                0x000004f8                UART0_IRQHandler
                0x000004f8                ADC0_IRQHandler
                0x000004f8                SPI1_IRQHandler
                0x000004f8                DefaultISR
                0x000004f8                TPM2_IRQHandler
                0x000004f8                RTC_IRQHandler
                0x000004f8                I2C0_IRQHandler
                0x000004f8                LCD_IRQHandler
                0x000004f8                RTC_Seconds_IRQHandler
                0x000004f8                MCG_IRQHandler
                0x000004f8                UART2_IRQHandler
                0x000004f8                Reserved20_IRQHandler
                0x000004f8                USB0_IRQHandler
                0x000004f8                PIT_IRQHandler
                0x000004f8                SVC_Handler
                0x000004f8                DMA3_IRQHandler
                0x000004f8                DMA0_IRQHandler
                0x000004f8                DAC0_IRQHandler
                0x000004f8                TPM1_IRQHandler
                0x000004f8                LVD_LVW_IRQHandler
                0x000004f8                SPI0_IRQHandler
                0x000004f8                PORTA_IRQHandler
                0x000004f8                FTFA_IRQHandler
                0x000004f8                LPTMR0_IRQHandler
                0x000004f8                CMP0_IRQHandler
                0x000004f8                DMA1_IRQHandler
 .text          0x00000500       0x9c c:/freescale/kds_v3/toolchain/bin/../lib/gcc/arm-none-eabi/4.8.4/armv6-m\libgcc.a(_udivsi3.o)
                0x00000500                __aeabi_uidiv
                0x00000500                __udivsi3
                0x00000588                __aeabi_uidivmod
 .text          0x0000059c       0xc0 c:/freescale/kds_v3/toolchain/bin/../lib/gcc/arm-none-eabi/4.8.4/armv6-m\libgcc.a(_divsi3.o)
                0x0000059c                __divsi3
                0x0000059c                __aeabi_idiv
                0x00000648                __aeabi_idivmod
 .text          0x0000065c        0x4 c:/freescale/kds_v3/toolchain/bin/../lib/gcc/arm-none-eabi/4.8.4/armv6-m\libgcc.a(_dvmd_tls.o)
                0x0000065c                __aeabi_idiv0
                0x0000065c                __aeabi_ldiv0
 *(.text*)
 .text.UART_HAL_EnableTransmitter
                0x00000660       0x1c ./utilities/fsl_debug_console.o
 .text.UART_HAL_EnableReceiver
                0x0000067c       0x1c ./utilities/fsl_debug_console.o
 .text.UART_HAL_SetBitCountPerChar
                0x00000698       0x28 ./utilities/fsl_debug_console.o
 .text.UART_HAL_SetStopBitCount
                0x000006c0       0x28 ./utilities/fsl_debug_console.o
 .text.LPSCI_HAL_EnableTransmitter
                0x000006e8       0x1c ./utilities/fsl_debug_console.o
 .text.LPSCI_HAL_EnableReceiver
                0x00000704       0x1c ./utilities/fsl_debug_console.o
 .text.LPSCI_HAL_SetBitCountPerChar
                0x00000720       0x28 ./utilities/fsl_debug_console.o
 .text.LPSCI_HAL_SetStopBitCount
                0x00000748       0x28 ./utilities/fsl_debug_console.o
 .text.DbgConsole_Init
                0x00000770      0x160 ./utilities/fsl_debug_console.o
                0x00000770                DbgConsole_Init
 .text._write   0x000008d0       0x5c ./utilities/fsl_debug_console.o
                0x000008d0                _write
 .text._read    0x0000092c       0x48 ./utilities/fsl_debug_console.o
                0x0000092c                _read
 .text.debug_printf
                0x00000974       0x4c ./utilities/fsl_debug_console.o
                0x00000974                debug_printf
 .text.debug_putc
                0x000009c0       0x44 ./utilities/fsl_debug_console.o
 .text._sbrk    0x00000a04       0x5c ./utilities/fsl_misc_utilities.o
                0x00000a04                _sbrk
 .text._doprint
                0x00000a60      0x6e4 ./utilities/print_scan.o
                0x00000a60                _doprint
 .text.mknumstr
                0x00001144      0x110 ./utilities/print_scan.o
 .text.fput_pad
                0x00001254       0x44 ./utilities/print_scan.o
 .text.PORT_HAL_SetMuxMode
                0x00001298       0x4c ./board/board.o
 .text.CLOCK_HAL_SetLpsciSrc
                0x000012e4       0x30 ./board/board.o
 .text.CLOCK_SYS_SetLpsciSrc
                0x00001314       0x2c ./board/board.o
 .text.SMC_HAL_SetProtection
                0x00001340       0x1c ./board/board.o
 .text.BOARD_InitOsc0
                0x0000135c       0x40 ./board/board.o
                0x0000135c                BOARD_InitOsc0
 .text.CLOCK_SetBootConfig
                0x0000139c       0x3c ./board/board.o
 .text.BOARD_ClockInit
                0x000013d8       0x44 ./board/board.o
                0x000013d8                BOARD_ClockInit
 .text.dbg_uart_init
                0x0000141c       0x24 ./board/board.o
                0x0000141c                dbg_uart_init
 .text.hardware_init
                0x00001440       0x24 ./board/hardware_init.o
                0x00001440                hardware_init
 .text.PORT_HAL_SetMuxMode
                0x00001464       0x4c ./board/pin_mux.o
 .text.configure_lpsci_pins
                0x000014b0       0x34 ./board/pin_mux.o
                0x000014b0                configure_lpsci_pins
 .text.main     0x000014e4       0x24 ./Sources/main.o
                0x000014e4                main
 .text.init_data_bss
                0x00001508       0xc8 ./Project_Settings/Startup_Code/startup.o
                0x00001508                init_data_bss
 .text.SystemInit
                0x000015d0       0x18 ./Project_Settings/Startup_Code/system_MKL46Z4.o
                0x000015d0                SystemInit
 .text.UART_HAL_SetBaudRate
                0x000015e8       0x6c C:/Freescale/KSDK_1.3.0/lib/ksdk_platform_lib/kds/KL46Z4/debug/libksdk_platform.a(fsl_uart_hal.o)
                0x000015e8                UART_HAL_SetBaudRate
 .text.UART_HAL_SetParityMode
                0x00001654       0x40 C:/Freescale/KSDK_1.3.0/lib/ksdk_platform_lib/kds/KL46Z4/debug/libksdk_platform.a(fsl_uart_hal.o)
                0x00001654                UART_HAL_SetParityMode
 .text.UART_HAL_Putchar
                0x00001694       0x34 C:/Freescale/KSDK_1.3.0/lib/ksdk_platform_lib/kds/KL46Z4/debug/libksdk_platform.a(fsl_uart_hal.o)
                0x00001694                UART_HAL_Putchar
 .text.UART_HAL_Getchar
                0x000016c8       0x34 C:/Freescale/KSDK_1.3.0/lib/ksdk_platform_lib/kds/KL46Z4/debug/libksdk_platform.a(fsl_uart_hal.o)
                0x000016c8                UART_HAL_Getchar
 .text.UART_HAL_SendDataPolling
                0x000016fc       0x44 C:/Freescale/KSDK_1.3.0/lib/ksdk_platform_lib/kds/KL46Z4/debug/libksdk_platform.a(fsl_uart_hal.o)
                0x000016fc                UART_HAL_SendDataPolling
 .text.UART_HAL_ReceiveDataPolling
                0x00001740       0xa4 C:/Freescale/KSDK_1.3.0/lib/ksdk_platform_lib/kds/KL46Z4/debug/libksdk_platform.a(fsl_uart_hal.o)
                0x00001740                UART_HAL_ReceiveDataPolling
 .text.LPSCI_HAL_Putchar
                0x000017e4       0x1c C:/Freescale/KSDK_1.3.0/lib/ksdk_platform_lib/kds/KL46Z4/debug/libksdk_platform.a(fsl_lpsci_hal.o)
 .text.LPSCI_HAL_Getchar
                0x00001800       0x1c C:/Freescale/KSDK_1.3.0/lib/ksdk_platform_lib/kds/KL46Z4/debug/libksdk_platform.a(fsl_lpsci_hal.o)
 .text.LPSCI_HAL_SetBaudRate
                0x0000181c      0x14c C:/Freescale/KSDK_1.3.0/lib/ksdk_platform_lib/kds/KL46Z4/debug/libksdk_platform.a(fsl_lpsci_hal.o)
                0x0000181c                LPSCI_HAL_SetBaudRate
 .text.LPSCI_HAL_SetParityMode
                0x00001968       0x40 C:/Freescale/KSDK_1.3.0/lib/ksdk_platform_lib/kds/KL46Z4/debug/libksdk_platform.a(fsl_lpsci_hal.o)
                0x00001968                LPSCI_HAL_SetParityMode
 .text.LPSCI_HAL_SendDataPolling
                0x000019a8       0x44 C:/Freescale/KSDK_1.3.0/lib/ksdk_platform_lib/kds/KL46Z4/debug/libksdk_platform.a(fsl_lpsci_hal.o)
                0x000019a8                LPSCI_HAL_SendDataPolling
 .text.LPSCI_HAL_ReceiveDataPolling
                0x000019ec       0x88 C:/Freescale/KSDK_1.3.0/lib/ksdk_platform_lib/kds/KL46Z4/debug/libksdk_platform.a(fsl_lpsci_hal.o)
                0x000019ec                LPSCI_HAL_ReceiveDataPolling
 .text.SIM_HAL_EnableClock
                0x00001a74       0x58 C:/Freescale/KSDK_1.3.0/lib/ksdk_platform_lib/kds/KL46Z4/debug/libksdk_platform.a(fsl_clock_MKL46Z4.o)
 .text.CLOCK_HAL_GetLpsciSrc
                0x00001acc       0x28 C:/Freescale/KSDK_1.3.0/lib/ksdk_platform_lib/kds/KL46Z4/debug/libksdk_platform.a(fsl_clock_MKL46Z4.o)
 .text.CLOCK_HAL_SetExternalRefClock32kSrc
                0x00001af4       0x28 C:/Freescale/KSDK_1.3.0/lib/ksdk_platform_lib/kds/KL46Z4/debug/libksdk_platform.a(fsl_clock_MKL46Z4.o)
 .text.CLOCK_HAL_SetPllfllSel
                0x00001b1c       0x2c C:/Freescale/KSDK_1.3.0/lib/ksdk_platform_lib/kds/KL46Z4/debug/libksdk_platform.a(fsl_clock_MKL46Z4.o)
 .text.CLOCK_HAL_GetPllfllSel
                0x00001b48       0x24 C:/Freescale/KSDK_1.3.0/lib/ksdk_platform_lib/kds/KL46Z4/debug/libksdk_platform.a(fsl_clock_MKL46Z4.o)
 .text.CLOCK_HAL_GetOutDiv1
                0x00001b6c       0x28 C:/Freescale/KSDK_1.3.0/lib/ksdk_platform_lib/kds/KL46Z4/debug/libksdk_platform.a(fsl_clock_MKL46Z4.o)
 .text.CLOCK_HAL_GetOutDiv4
                0x00001b94       0x28 C:/Freescale/KSDK_1.3.0/lib/ksdk_platform_lib/kds/KL46Z4/debug/libksdk_platform.a(fsl_clock_MKL46Z4.o)
 .text.OSC_HAL_GetExternalRefClkCmd
                0x00001bbc       0x24 C:/Freescale/KSDK_1.3.0/lib/ksdk_platform_lib/kds/KL46Z4/debug/libksdk_platform.a(fsl_clock_MKL46Z4.o)
 .text.CLOCK_SYS_SetSimConfigration
                0x00001be0       0x48 C:/Freescale/KSDK_1.3.0/lib/ksdk_platform_lib/kds/KL46Z4/debug/libksdk_platform.a(fsl_clock_MKL46Z4.o)
                0x00001be0                CLOCK_SYS_SetSimConfigration
 .text.CLOCK_SYS_GetSystemClockFreq
                0x00001c28       0x34 C:/Freescale/KSDK_1.3.0/lib/ksdk_platform_lib/kds/KL46Z4/debug/libksdk_platform.a(fsl_clock_MKL46Z4.o)
                0x00001c28                CLOCK_SYS_GetSystemClockFreq
 .text.CLOCK_SYS_GetBusClockFreq
                0x00001c5c       0x2c C:/Freescale/KSDK_1.3.0/lib/ksdk_platform_lib/kds/KL46Z4/debug/libksdk_platform.a(fsl_clock_MKL46Z4.o)
                0x00001c5c                CLOCK_SYS_GetBusClockFreq
 .text.CLOCK_SYS_GetPllFllClockFreq
                0x00001c88       0x5c C:/Freescale/KSDK_1.3.0/lib/ksdk_platform_lib/kds/KL46Z4/debug/libksdk_platform.a(fsl_clock_MKL46Z4.o)
                0x00001c88                CLOCK_SYS_GetPllFllClockFreq
 .text.CLOCK_SYS_GetOsc0ExternalRefClockFreq
                0x00001ce4       0x2c C:/Freescale/KSDK_1.3.0/lib/ksdk_platform_lib/kds/KL46Z4/debug/libksdk_platform.a(fsl_clock_MKL46Z4.o)
                0x00001ce4                CLOCK_SYS_GetOsc0ExternalRefClockFreq
 .text.CLOCK_SYS_GetLpsciFreq
                0x00001d10       0x68 C:/Freescale/KSDK_1.3.0/lib/ksdk_platform_lib/kds/KL46Z4/debug/libksdk_platform.a(fsl_clock_MKL46Z4.o)
                0x00001d10                CLOCK_SYS_GetLpsciFreq
 .text.CLOCK_SYS_GetUartFreq
                0x00001d78       0x2c C:/Freescale/KSDK_1.3.0/lib/ksdk_platform_lib/kds/KL46Z4/debug/libksdk_platform.a(fsl_clock_MKL46Z4.o)
                0x00001d78                CLOCK_SYS_GetUartFreq
 .text.CLOCK_SYS_EnablePortClock
                0x00001da4       0x4c C:/Freescale/KSDK_1.3.0/lib/ksdk_platform_lib/kds/KL46Z4/debug/libksdk_platform.a(fsl_clock_MKL46Z4.o)
                0x00001da4                CLOCK_SYS_EnablePortClock
 .text.CLOCK_SYS_EnableLpsciClock
                0x00001df0       0x40 C:/Freescale/KSDK_1.3.0/lib/ksdk_platform_lib/kds/KL46Z4/debug/libksdk_platform.a(fsl_clock_MKL46Z4.o)
                0x00001df0                CLOCK_SYS_EnableLpsciClock
 .text.CLOCK_SYS_EnableUartClock
                0x00001e30       0x4c C:/Freescale/KSDK_1.3.0/lib/ksdk_platform_lib/kds/KL46Z4/debug/libksdk_platform.a(fsl_clock_MKL46Z4.o)
                0x00001e30                CLOCK_SYS_EnableUartClock
 .text.CLOCK_HAL_SetClkOutSrc
                0x00001e7c       0x28 C:/Freescale/KSDK_1.3.0/lib/ksdk_platform_lib/kds/KL46Z4/debug/libksdk_platform.a(fsl_clock_manager.o)
 .text.CLOCK_HAL_SetClksFrdivIrefs
                0x00001ea4       0x60 C:/Freescale/KSDK_1.3.0/lib/ksdk_platform_lib/kds/KL46Z4/debug/libksdk_platform.a(fsl_clock_manager.o)
 .text.CLOCK_HAL_GetClkOutStat
                0x00001f04       0x20 C:/Freescale/KSDK_1.3.0/lib/ksdk_platform_lib/kds/KL46Z4/debug/libksdk_platform.a(fsl_clock_manager.o)
 .text.CLOCK_HAL_GetFllSrc
                0x00001f24       0x20 C:/Freescale/KSDK_1.3.0/lib/ksdk_platform_lib/kds/KL46Z4/debug/libksdk_platform.a(fsl_clock_manager.o)
 .text.CLOCK_HAL_IsOsc0Stable
                0x00001f44       0x24 C:/Freescale/KSDK_1.3.0/lib/ksdk_platform_lib/kds/KL46Z4/debug/libksdk_platform.a(fsl_clock_manager.o)
 .text.OSC_HAL_SetExternalRefClkCmd
                0x00001f68       0x28 C:/Freescale/KSDK_1.3.0/lib/ksdk_platform_lib/kds/KL46Z4/debug/libksdk_platform.a(fsl_clock_manager.o)
 .text.OSC_HAL_SetExternalRefClkInStopModeCmd
                0x00001f90       0x28 C:/Freescale/KSDK_1.3.0/lib/ksdk_platform_lib/kds/KL46Z4/debug/libksdk_platform.a(fsl_clock_manager.o)
 .text.CLOCK_SYS_BootToPee
                0x00001fb8       0xd0 C:/Freescale/KSDK_1.3.0/lib/ksdk_platform_lib/kds/KL46Z4/debug/libksdk_platform.a(fsl_clock_manager.o)
                0x00001fb8                CLOCK_SYS_BootToPee
 .text.CLOCK_SYS_OscInit
                0x00002088       0xf0 C:/Freescale/KSDK_1.3.0/lib/ksdk_platform_lib/kds/KL46Z4/debug/libksdk_platform.a(fsl_clock_manager.o)
                0x00002088                CLOCK_SYS_OscInit
 .text.CLOCK_SYS_SetOscerConfigration
                0x00002178       0x3c C:/Freescale/KSDK_1.3.0/lib/ksdk_platform_lib/kds/KL46Z4/debug/libksdk_platform.a(fsl_clock_manager.o)
                0x00002178                CLOCK_SYS_SetOscerConfigration
 .text.CLOCK_HAL_SetOutDiv
                0x000021b4       0x50 C:/Freescale/KSDK_1.3.0/lib/ksdk_platform_lib/kds/KL46Z4/debug/libksdk_platform.a(fsl_sim_hal_MKL46Z4.o)
                0x000021b4                CLOCK_HAL_SetOutDiv
 .text.OSC_HAL_SetCapacitor
                0x00002204       0x28 C:/Freescale/KSDK_1.3.0/lib/ksdk_platform_lib/kds/KL46Z4/debug/libksdk_platform.a(fsl_osc_hal.o)
                0x00002204                OSC_HAL_SetCapacitor
 .text.CLOCK_HAL_GetClkOutStat
                0x0000222c       0x20 C:/Freescale/KSDK_1.3.0/lib/ksdk_platform_lib/kds/KL46Z4/debug/libksdk_platform.a(fsl_mcg_hal.o)
 .text.CLOCK_HAL_SetInternalRefClkMode
                0x0000224c       0x24 C:/Freescale/KSDK_1.3.0/lib/ksdk_platform_lib/kds/KL46Z4/debug/libksdk_platform.a(fsl_mcg_hal.o)
 .text.CLOCK_HAL_GetInternalRefClkMode
                0x00002270       0x20 C:/Freescale/KSDK_1.3.0/lib/ksdk_platform_lib/kds/KL46Z4/debug/libksdk_platform.a(fsl_mcg_hal.o)
 .text.CLOCK_HAL_IsPllSelected
                0x00002290       0x24 C:/Freescale/KSDK_1.3.0/lib/ksdk_platform_lib/kds/KL46Z4/debug/libksdk_platform.a(fsl_mcg_hal.o)
 .text.CLOCK_HAL_IsOsc0Stable
                0x000022b4       0x24 C:/Freescale/KSDK_1.3.0/lib/ksdk_platform_lib/kds/KL46Z4/debug/libksdk_platform.a(fsl_mcg_hal.o)
 .text.CLOCK_HAL_PrepareOsc
                0x000022d8       0x3c C:/Freescale/KSDK_1.3.0/lib/ksdk_platform_lib/kds/KL46Z4/debug/libksdk_platform.a(fsl_mcg_hal.o)
                0x000022d8                CLOCK_HAL_PrepareOsc
 .text.CLOCK_HAL_GetMcgExternalClkFreq
                0x00002314       0x18 C:/Freescale/KSDK_1.3.0/lib/ksdk_platform_lib/kds/KL46Z4/debug/libksdk_platform.a(fsl_mcg_hal.o)
 .text.CLOCK_HAL_TestFllExternalRefFreq
                0x0000232c       0x7c C:/Freescale/KSDK_1.3.0/lib/ksdk_platform_lib/kds/KL46Z4/debug/libksdk_platform.a(fsl_mcg_hal.o)
                0x0000232c                CLOCK_HAL_TestFllExternalRefFreq
 .text.CLOCK_HAL_GetFllRefClk
                0x000023a8       0x8c C:/Freescale/KSDK_1.3.0/lib/ksdk_platform_lib/kds/KL46Z4/debug/libksdk_platform.a(fsl_mcg_hal.o)
                0x000023a8                CLOCK_HAL_GetFllRefClk
 .text.CLOCK_HAL_TestFllFreq
                0x00002434       0x6c C:/Freescale/KSDK_1.3.0/lib/ksdk_platform_lib/kds/KL46Z4/debug/libksdk_platform.a(fsl_mcg_hal.o)
                0x00002434                CLOCK_HAL_TestFllFreq
 .text.CLOCK_HAL_GetFllClk
                0x000024a0       0x7c C:/Freescale/KSDK_1.3.0/lib/ksdk_platform_lib/kds/KL46Z4/debug/libksdk_platform.a(fsl_mcg_hal.o)
                0x000024a0                CLOCK_HAL_GetFllClk
 .text.CLOCK_HAL_UpdateFastClkInternalRefDiv
                0x0000251c       0xb8 C:/Freescale/KSDK_1.3.0/lib/ksdk_platform_lib/kds/KL46Z4/debug/libksdk_platform.a(fsl_mcg_hal.o)
                0x0000251c                CLOCK_HAL_UpdateFastClkInternalRefDiv
 .text.CLOCK_HAL_UpdateInternalRefClk
                0x000025d4       0x8c C:/Freescale/KSDK_1.3.0/lib/ksdk_platform_lib/kds/KL46Z4/debug/libksdk_platform.a(fsl_mcg_hal.o)
                0x000025d4                CLOCK_HAL_UpdateInternalRefClk
 .text.CLOCK_HAL_GetPll0RefFreq
                0x00002660       0x1c C:/Freescale/KSDK_1.3.0/lib/ksdk_platform_lib/kds/KL46Z4/debug/libksdk_platform.a(fsl_mcg_hal.o)
                0x00002660                CLOCK_HAL_GetPll0RefFreq
 .text.CLOCK_HAL_GetPll0Clk
                0x0000267c       0x90 C:/Freescale/KSDK_1.3.0/lib/ksdk_platform_lib/kds/KL46Z4/debug/libksdk_platform.a(fsl_mcg_hal.o)
                0x0000267c                CLOCK_HAL_GetPll0Clk
 .text.CLOCK_HAL_GetInternalRefClk
                0x0000270c       0x64 C:/Freescale/KSDK_1.3.0/lib/ksdk_platform_lib/kds/KL46Z4/debug/libksdk_platform.a(fsl_mcg_hal.o)
                0x0000270c                CLOCK_HAL_GetInternalRefClk
 .text.CLOCK_HAL_GetOutClk
                0x00002770       0x7c C:/Freescale/KSDK_1.3.0/lib/ksdk_platform_lib/kds/KL46Z4/debug/libksdk_platform.a(fsl_mcg_hal.o)
                0x00002770                CLOCK_HAL_GetOutClk
 .text.CLOCK_HAL_SetOsc0Mode
                0x000027ec       0x68 C:/Freescale/KSDK_1.3.0/lib/ksdk_platform_lib/kds/KL46Z4/debug/libksdk_platform.a(fsl_mcg_hal.o)
                0x000027ec                CLOCK_HAL_SetOsc0Mode
 .text.CLOCK_HAL_GetClkOutStat
                0x00002854       0x20 C:/Freescale/KSDK_1.3.0/lib/ksdk_platform_lib/kds/KL46Z4/debug/libksdk_platform.a(fsl_mcg_hal_modes.o)
 .text.CLOCK_HAL_SetPll0EnableCmd
                0x00002874       0x28 C:/Freescale/KSDK_1.3.0/lib/ksdk_platform_lib/kds/KL46Z4/debug/libksdk_platform.a(fsl_mcg_hal_modes.o)
 .text.CLOCK_HAL_IsPll0Locked
                0x0000289c       0x24 C:/Freescale/KSDK_1.3.0/lib/ksdk_platform_lib/kds/KL46Z4/debug/libksdk_platform.a(fsl_mcg_hal_modes.o)
 .text.CLOCK_HAL_IsPllSelected
                0x000028c0       0x24 C:/Freescale/KSDK_1.3.0/lib/ksdk_platform_lib/kds/KL46Z4/debug/libksdk_platform.a(fsl_mcg_hal_modes.o)
 .text.CLOCK_HAL_SetPbeMode
                0x000028e4      0x100 C:/Freescale/KSDK_1.3.0/lib/ksdk_platform_lib/kds/KL46Z4/debug/libksdk_platform.a(fsl_mcg_hal_modes.o)
                0x000028e4                CLOCK_HAL_SetPbeMode
 .text.__assert_func
                0x000029e4       0x3c c:/freescale/kds_v3/toolchain/bin/../lib/gcc/arm-none-eabi/4.8.4/../../../../arm-none-eabi/lib/armv6-m\libg_s.a(lib_a-assert.o)
                0x000029e4                __assert_func
 .text.__errno  0x00002a20        0xc c:/freescale/kds_v3/toolchain/bin/../lib/gcc/arm-none-eabi/4.8.4/../../../../arm-none-eabi/lib/armv6-m\libg_s.a(lib_a-errno.o)
                0x00002a20                __errno
 .text.exit     0x00002a2c       0x2c c:/freescale/kds_v3/toolchain/bin/../lib/gcc/arm-none-eabi/4.8.4/../../../../arm-none-eabi/lib/armv6-m\libg_s.a(lib_a-exit.o)
                0x00002a2c                exit
 .text.fprintf  0x00002a58       0x24 c:/freescale/kds_v3/toolchain/bin/../lib/gcc/arm-none-eabi/4.8.4/../../../../arm-none-eabi/lib/armv6-m\libg_s.a(lib_a-fprintf.o)
                0x00002a58                fiprintf
                0x00002a58                fprintf
 .text.__libc_init_array
                0x00002a7c       0x4c c:/freescale/kds_v3/toolchain/bin/../lib/gcc/arm-none-eabi/4.8.4/../../../../arm-none-eabi/lib/armv6-m\libg_s.a(lib_a-init.o)
                0x00002a7c                __libc_init_array
 .text.memset   0x00002ac8       0x10 c:/freescale/kds_v3/toolchain/bin/../lib/gcc/arm-none-eabi/4.8.4/../../../../arm-none-eabi/lib/armv6-m\libg_s.a(lib_a-memset.o)
                0x00002ac8                memset
 .text._free_r  0x00002ad8       0x90 c:/freescale/kds_v3/toolchain/bin/../lib/gcc/arm-none-eabi/4.8.4/../../../../arm-none-eabi/lib/armv6-m\libg_s.a(lib_a-nano-freer.o)
                0x00002ad8                _free_r
 .text._malloc_r
                0x00002b68       0xa8 c:/freescale/kds_v3/toolchain/bin/../lib/gcc/arm-none-eabi/4.8.4/../../../../arm-none-eabi/lib/armv6-m\libg_s.a(lib_a-nano-mallocr.o)
                0x00002b68                _malloc_r
 .text._sbrk_r  0x00002c10       0x24 c:/freescale/kds_v3/toolchain/bin/../lib/gcc/arm-none-eabi/4.8.4/../../../../arm-none-eabi/lib/armv6-m\libg_s.a(lib_a-sbrkr.o)
                0x00002c10                _sbrk_r
 .text.strlen   0x00002c34        0xe c:/freescale/kds_v3/toolchain/bin/../lib/gcc/arm-none-eabi/4.8.4/../../../../arm-none-eabi/lib/armv6-m\libg_s.a(lib_a-strlen.o)
                0x00002c34                strlen
 .text.__sfputc_r
                0x00002c42       0x2a c:/freescale/kds_v3/toolchain/bin/../lib/gcc/arm-none-eabi/4.8.4/../../../../arm-none-eabi/lib/armv6-m\libg_s.a(lib_a-vfprintf.o)
 .text.__sfputs_r
                0x00002c6c       0x24 c:/freescale/kds_v3/toolchain/bin/../lib/gcc/arm-none-eabi/4.8.4/../../../../arm-none-eabi/lib/armv6-m\libg_s.a(lib_a-vfprintf.o)
                0x00002c6c                __sfputs_r
 .text._vfprintf_r
                0x00002c90      0x210 c:/freescale/kds_v3/toolchain/bin/../lib/gcc/arm-none-eabi/4.8.4/../../../../arm-none-eabi/lib/armv6-m\libg_s.a(lib_a-vfprintf.o)
                0x00002c90                _vfprintf_r
                0x00002c90                _vfiprintf_r
 .text._printf_common
                0x00002ea0       0xe8 c:/freescale/kds_v3/toolchain/bin/../lib/gcc/arm-none-eabi/4.8.4/../../../../arm-none-eabi/lib/armv6-m\libg_s.a(lib_a-vfprintf_i.o)
                0x00002ea0                _printf_common
 .text._printf_i
                0x00002f88      0x22c c:/freescale/kds_v3/toolchain/bin/../lib/gcc/arm-none-eabi/4.8.4/../../../../arm-none-eabi/lib/armv6-m\libg_s.a(lib_a-vfprintf_i.o)
                0x00002f88                _printf_i
 .text.__swbuf_r
                0x000031b4       0xb0 c:/freescale/kds_v3/toolchain/bin/../lib/gcc/arm-none-eabi/4.8.4/../../../../arm-none-eabi/lib/armv6-m\libg_s.a(lib_a-wbuf.o)
                0x000031b4                __swbuf_r
 .text.__swsetup_r
                0x00003264       0xe4 c:/freescale/kds_v3/toolchain/bin/../lib/gcc/arm-none-eabi/4.8.4/../../../../arm-none-eabi/lib/armv6-m\libg_s.a(lib_a-wsetup.o)
                0x00003264                __swsetup_r
 .text.abort    0x00003348        0xe c:/freescale/kds_v3/toolchain/bin/../lib/gcc/arm-none-eabi/4.8.4/../../../../arm-none-eabi/lib/armv6-m\libg_s.a(lib_a-abort.o)
                0x00003348                abort
 .text.__sflush_r
                0x00003356      0x112 c:/freescale/kds_v3/toolchain/bin/../lib/gcc/arm-none-eabi/4.8.4/../../../../arm-none-eabi/lib/armv6-m\libg_s.a(lib_a-fflush.o)
                0x00003356                __sflush_r
 .text._fflush_r
                0x00003468       0x58 c:/freescale/kds_v3/toolchain/bin/../lib/gcc/arm-none-eabi/4.8.4/../../../../arm-none-eabi/lib/armv6-m\libg_s.a(lib_a-fflush.o)
                0x00003468                _fflush_r
 .text._cleanup_r
                0x000034c0       0x34 c:/freescale/kds_v3/toolchain/bin/../lib/gcc/arm-none-eabi/4.8.4/../../../../arm-none-eabi/lib/armv6-m\libg_s.a(lib_a-findfp.o)
                0x000034c0                _cleanup_r
 .text.std.isra.0
                0x000034f4       0x48 c:/freescale/kds_v3/toolchain/bin/../lib/gcc/arm-none-eabi/4.8.4/../../../../arm-none-eabi/lib/armv6-m\libg_s.a(lib_a-findfp.o)
 .text.__sfmoreglue
                0x0000353c       0x2c c:/freescale/kds_v3/toolchain/bin/../lib/gcc/arm-none-eabi/4.8.4/../../../../arm-none-eabi/lib/armv6-m\libg_s.a(lib_a-findfp.o)
                0x0000353c                __sfmoreglue
 .text.__sinit  0x00003568       0x64 c:/freescale/kds_v3/toolchain/bin/../lib/gcc/arm-none-eabi/4.8.4/../../../../arm-none-eabi/lib/armv6-m\libg_s.a(lib_a-findfp.o)
                0x00003568                __sinit
 .text.__sfp    0x000035cc       0x7c c:/freescale/kds_v3/toolchain/bin/../lib/gcc/arm-none-eabi/4.8.4/../../../../arm-none-eabi/lib/armv6-m\libg_s.a(lib_a-findfp.o)
                0x000035cc                __sfp
 .text.__smakebuf_r
                0x00003648       0xa0 c:/freescale/kds_v3/toolchain/bin/../lib/gcc/arm-none-eabi/4.8.4/../../../../arm-none-eabi/lib/armv6-m\libg_s.a(lib_a-makebuf.o)
                0x00003648                __smakebuf_r
 .text.memchr   0x000036e8       0x16 c:/freescale/kds_v3/toolchain/bin/../lib/gcc/arm-none-eabi/4.8.4/../../../../arm-none-eabi/lib/armv6-m\libg_s.a(lib_a-memchr-stub.o)
                0x000036e8                memchr
 .text._raise_r
                0x000036fe       0x56 c:/freescale/kds_v3/toolchain/bin/../lib/gcc/arm-none-eabi/4.8.4/../../../../arm-none-eabi/lib/armv6-m\libg_s.a(lib_a-signal.o)
                0x000036fe                _raise_r
 .text.raise    0x00003754       0x14 c:/freescale/kds_v3/toolchain/bin/../lib/gcc/arm-none-eabi/4.8.4/../../../../arm-none-eabi/lib/armv6-m\libg_s.a(lib_a-signal.o)
                0x00003754                raise
 .text._kill_r  0x00003768       0x24 c:/freescale/kds_v3/toolchain/bin/../lib/gcc/arm-none-eabi/4.8.4/../../../../arm-none-eabi/lib/armv6-m\libg_s.a(lib_a-signalr.o)
                0x00003768                _kill_r
 .text._getpid_r
                0x0000378c        0x8 c:/freescale/kds_v3/toolchain/bin/../lib/gcc/arm-none-eabi/4.8.4/../../../../arm-none-eabi/lib/armv6-m\libg_s.a(lib_a-signalr.o)
                0x0000378c                _getpid_r
 .text.__sread  0x00003794       0x28 c:/freescale/kds_v3/toolchain/bin/../lib/gcc/arm-none-eabi/4.8.4/../../../../arm-none-eabi/lib/armv6-m\libg_s.a(lib_a-stdio.o)
                0x00003794                __sread
 .text.__swrite
                0x000037bc       0x38 c:/freescale/kds_v3/toolchain/bin/../lib/gcc/arm-none-eabi/4.8.4/../../../../arm-none-eabi/lib/armv6-m\libg_s.a(lib_a-stdio.o)
                0x000037bc                __swrite
 .text.__sseek  0x000037f4       0x2c c:/freescale/kds_v3/toolchain/bin/../lib/gcc/arm-none-eabi/4.8.4/../../../../arm-none-eabi/lib/armv6-m\libg_s.a(lib_a-stdio.o)
                0x000037f4                __sseek
 .text.__sclose
                0x00003820        0xc c:/freescale/kds_v3/toolchain/bin/../lib/gcc/arm-none-eabi/4.8.4/../../../../arm-none-eabi/lib/armv6-m\libg_s.a(lib_a-stdio.o)
                0x00003820                __sclose
 .text._write_r
                0x0000382c       0x28 c:/freescale/kds_v3/toolchain/bin/../lib/gcc/arm-none-eabi/4.8.4/../../../../arm-none-eabi/lib/armv6-m\libg_s.a(lib_a-writer.o)
                0x0000382c                _write_r
 .text._close_r
                0x00003854       0x24 c:/freescale/kds_v3/toolchain/bin/../lib/gcc/arm-none-eabi/4.8.4/../../../../arm-none-eabi/lib/armv6-m\libg_s.a(lib_a-closer.o)
                0x00003854                _close_r
 .text._fstat_r
                0x00003878       0x24 c:/freescale/kds_v3/toolchain/bin/../lib/gcc/arm-none-eabi/4.8.4/../../../../arm-none-eabi/lib/armv6-m\libg_s.a(lib_a-fstatr.o)
                0x00003878                _fstat_r
 .text._isatty_r
                0x0000389c       0x24 c:/freescale/kds_v3/toolchain/bin/../lib/gcc/arm-none-eabi/4.8.4/../../../../arm-none-eabi/lib/armv6-m\libg_s.a(lib_a-isattyr.o)
                0x0000389c                _isatty_r
 .text._lseek_r
                0x000038c0       0x28 c:/freescale/kds_v3/toolchain/bin/../lib/gcc/arm-none-eabi/4.8.4/../../../../arm-none-eabi/lib/armv6-m\libg_s.a(lib_a-lseekr.o)
                0x000038c0                _lseek_r
 .text._read_r  0x000038e8       0x28 c:/freescale/kds_v3/toolchain/bin/../lib/gcc/arm-none-eabi/4.8.4/../../../../arm-none-eabi/lib/armv6-m\libg_s.a(lib_a-readr.o)
                0x000038e8                _read_r
 .text._close   0x00003910       0x10 c:/freescale/kds_v3/toolchain/bin/../lib/gcc/arm-none-eabi/4.8.4/../../../../arm-none-eabi/lib/armv6-m\libnosys.a(close.o)
                0x00003910                _close
 .text._fstat   0x00003920       0x10 c:/freescale/kds_v3/toolchain/bin/../lib/gcc/arm-none-eabi/4.8.4/../../../../arm-none-eabi/lib/armv6-m\libnosys.a(fstat.o)
                0x00003920                _fstat
 .text._getpid  0x00003930       0x10 c:/freescale/kds_v3/toolchain/bin/../lib/gcc/arm-none-eabi/4.8.4/../../../../arm-none-eabi/lib/armv6-m\libnosys.a(getpid.o)
                0x00003930                _getpid
 .text._isatty  0x00003940       0x10 c:/freescale/kds_v3/toolchain/bin/../lib/gcc/arm-none-eabi/4.8.4/../../../../arm-none-eabi/lib/armv6-m\libnosys.a(isatty.o)
                0x00003940                _isatty
 .text._kill    0x00003950       0x10 c:/freescale/kds_v3/toolchain/bin/../lib/gcc/arm-none-eabi/4.8.4/../../../../arm-none-eabi/lib/armv6-m\libnosys.a(kill.o)
                0x00003950                _kill
 .text._lseek   0x00003960       0x10 c:/freescale/kds_v3/toolchain/bin/../lib/gcc/arm-none-eabi/4.8.4/../../../../arm-none-eabi/lib/armv6-m\libnosys.a(lseek.o)
                0x00003960                _lseek
 .text._exit    0x00003970        0x4 c:/freescale/kds_v3/toolchain/bin/../lib/gcc/arm-none-eabi/4.8.4/../../../../arm-none-eabi/lib/armv6-m\libnosys.a(_exit.o)
                0x00003970                _exit
 *(.rodata)
 .rodata        0x00003974        0xc ./utilities/fsl_debug_console.o
 .rodata        0x00003980       0x44 ./board/board.o
 .rodata        0x000039c4       0x44 ./board/pin_mux.o
 .rodata        0x00003a08       0x24 ./Sources/main.o
 .rodata        0x00003a2c      0x22c C:/Freescale/KSDK_1.3.0/lib/ksdk_platform_lib/kds/KL46Z4/debug/libksdk_platform.a(fsl_clock_MKL46Z4.o)
 .rodata        0x00003c58       0xcc C:/Freescale/KSDK_1.3.0/lib/ksdk_platform_lib/kds/KL46Z4/debug/libksdk_platform.a(fsl_clock_manager.o)
 *(.rodata*)
 .rodata._doprint
                0x00003d24       0xc8 ./utilities/print_scan.o
 .rodata.g_defaultClockConfigRun
                0x00003dec       0x14 ./board/board.o
                0x00003dec                g_defaultClockConfigRun
 .rodata.__func__.5167
                0x00003e00       0x14 ./board/board.o
 .rodata.__func__.5143
                0x00003e14       0x14 ./board/pin_mux.o
 .rodata.portGateTable
                0x00003e28        0x8 C:/Freescale/KSDK_1.3.0/lib/ksdk_platform_lib/kds/KL46Z4/debug/libksdk_platform.a(fsl_clock_MKL46Z4.o)
 .rodata.uartGateTable
                0x00003e30        0x4 C:/Freescale/KSDK_1.3.0/lib/ksdk_platform_lib/kds/KL46Z4/debug/libksdk_platform.a(fsl_clock_MKL46Z4.o)
 .rodata.__func__.6396
                0x00003e34       0x1c C:/Freescale/KSDK_1.3.0/lib/ksdk_platform_lib/kds/KL46Z4/debug/libksdk_platform.a(fsl_clock_MKL46Z4.o)
 .rodata.__func__.6469
                0x00003e50       0x1c C:/Freescale/KSDK_1.3.0/lib/ksdk_platform_lib/kds/KL46Z4/debug/libksdk_platform.a(fsl_clock_MKL46Z4.o)
 .rodata.__func__.6474
                0x00003e6c       0x1c C:/Freescale/KSDK_1.3.0/lib/ksdk_platform_lib/kds/KL46Z4/debug/libksdk_platform.a(fsl_clock_MKL46Z4.o)
 .rodata.__func__.6697
                0x00003e88       0x14 C:/Freescale/KSDK_1.3.0/lib/ksdk_platform_lib/kds/KL46Z4/debug/libksdk_platform.a(fsl_clock_manager.o)
 .rodata.g_oscBase
                0x00003e9c        0x4 C:/Freescale/KSDK_1.3.0/lib/ksdk_platform_lib/kds/KL46Z4/debug/libksdk_platform.a(fsl_clock_manager_common.o)
                0x00003e9c                g_oscBase
 .rodata.fllFactorTable.5252
                0x00003ea0       0x10 C:/Freescale/KSDK_1.3.0/lib/ksdk_platform_lib/kds/KL46Z4/debug/libksdk_platform.a(fsl_mcg_hal.o)
 .rodata.str1.1
                0x00003eb0       0x3c c:/freescale/kds_v3/toolchain/bin/../lib/gcc/arm-none-eabi/4.8.4/../../../../arm-none-eabi/lib/armv6-m\libg_s.a(lib_a-assert.o)
                                 0x3d (size before relaxing)
 .rodata.str1.1
                0x00003eec        0x2 c:/freescale/kds_v3/toolchain/bin/../lib/gcc/arm-none-eabi/4.8.4/../../../../arm-none-eabi/lib/armv6-m\libg_s.a(lib_a-impure.o)
 *fill*         0x00003eee        0x2 
 .rodata._global_impure_ptr
                0x00003ef0        0x4 c:/freescale/kds_v3/toolchain/bin/../lib/gcc/arm-none-eabi/4.8.4/../../../../arm-none-eabi/lib/armv6-m\libg_s.a(lib_a-impure.o)
                0x00003ef0                _global_impure_ptr
 .rodata.str1.1
                0x00003ef4       0x11 c:/freescale/kds_v3/toolchain/bin/../lib/gcc/arm-none-eabi/4.8.4/../../../../arm-none-eabi/lib/armv6-m\libg_s.a(lib_a-vfprintf.o)
 .rodata.str1.1
                0x00003f05       0x22 c:/freescale/kds_v3/toolchain/bin/../lib/gcc/arm-none-eabi/4.8.4/../../../../arm-none-eabi/lib/armv6-m\libg_s.a(lib_a-vfprintf_i.o)
 *fill*         0x00003f27        0x1 
 .rodata.__sf_fake_stdin
                0x00003f28       0x20 c:/freescale/kds_v3/toolchain/bin/../lib/gcc/arm-none-eabi/4.8.4/../../../../arm-none-eabi/lib/armv6-m\libg_s.a(lib_a-findfp.o)
                0x00003f28                __sf_fake_stdin
 .rodata.__sf_fake_stdout
                0x00003f48       0x20 c:/freescale/kds_v3/toolchain/bin/../lib/gcc/arm-none-eabi/4.8.4/../../../../arm-none-eabi/lib/armv6-m\libg_s.a(lib_a-findfp.o)
                0x00003f48                __sf_fake_stdout
 .rodata.__sf_fake_stderr
                0x00003f68       0x20 c:/freescale/kds_v3/toolchain/bin/../lib/gcc/arm-none-eabi/4.8.4/../../../../arm-none-eabi/lib/armv6-m\libg_s.a(lib_a-findfp.o)
                0x00003f68                __sf_fake_stderr
 *(.glue_7)
 .glue_7        0x00000000        0x0 linker stubs
 *(.glue_7t)
 .glue_7t       0x00000000        0x0 linker stubs
 *(.eh_frame)
 .eh_frame      0x00003f88        0x0 c:/freescale/kds_v3/toolchain/bin/../lib/gcc/arm-none-eabi/4.8.4/armv6-m/crtbegin.o
 *(.init)
 .init          0x00003f88        0x4 c:/freescale/kds_v3/toolchain/bin/../lib/gcc/arm-none-eabi/4.8.4/armv6-m/crti.o
                0x00003f88                _init
 .init          0x00003f8c        0x8 c:/freescale/kds_v3/toolchain/bin/../lib/gcc/arm-none-eabi/4.8.4/armv6-m/crtn.o
 *(.fini)
 .fini          0x00003f94        0x4 c:/freescale/kds_v3/toolchain/bin/../lib/gcc/arm-none-eabi/4.8.4/armv6-m/crti.o
                0x00003f94                _fini
 .fini          0x00003f98        0x8 c:/freescale/kds_v3/toolchain/bin/../lib/gcc/arm-none-eabi/4.8.4/armv6-m/crtn.o
                0x00003fa0                . = ALIGN (0x4)

.vfp11_veneer   0x00003fa0        0x0
 .vfp11_veneer  0x00000000        0x0 linker stubs

.v4_bx          0x00003fa0        0x0
 .v4_bx         0x00000000        0x0 linker stubs

.iplt           0x00003fa0        0x0
 .iplt          0x00000000        0x0 c:/freescale/kds_v3/toolchain/bin/../lib/gcc/arm-none-eabi/4.8.4/armv6-m/crtbegin.o

.ARM.extab
 *(.ARM.extab* .gnu.linkonce.armextab.*)

.ARM            0x00003fa0        0x8
                0x00003fa0                __exidx_start = .
 *(.ARM.exidx*)
 .ARM.exidx     0x00003fa0        0x8 c:/freescale/kds_v3/toolchain/bin/../lib/gcc/arm-none-eabi/4.8.4/../../../../arm-none-eabi/lib/armv6-m/crt0.o
                0x00003fa8                __exidx_end = .

.rel.dyn        0x00003fa8        0x0
 .rel.iplt      0x00000000        0x0 c:/freescale/kds_v3/toolchain/bin/../lib/gcc/arm-none-eabi/4.8.4/armv6-m/crtbegin.o

.ctors          0x00003fa8        0x0
                0x00003fa8                __CTOR_LIST__ = .
 *crtbegin.o(.ctors)
 *crtbegin?.o(.ctors)
 *(EXCLUDE_FILE(*crtend.o *crtend?.o) .ctors)
 *(SORT(.ctors.*))
 *(.ctors)
                0x00003fa8                __CTOR_END__ = .

.dtors          0x00003fa8        0x0
                0x00003fa8                __DTOR_LIST__ = .
 *crtbegin.o(.dtors)
 *crtbegin?.o(.dtors)
 *(EXCLUDE_FILE(*crtend.o *crtend?.o) .dtors)
 *(SORT(.dtors.*))
 *(.dtors)
                0x00003fa8                __DTOR_END__ = .

.preinit_array  0x00003fa8        0x0
                0x00003fa8                PROVIDE (__preinit_array_start, .)
 *(.preinit_array*)
                0x00003fa8                PROVIDE (__preinit_array_end, .)

.init_array     0x00003fa8        0x4
                0x00003fa8                PROVIDE (__init_array_start, .)
 *(SORT(.init_array.*))
 *(.init_array*)
 .init_array    0x00003fa8        0x4 c:/freescale/kds_v3/toolchain/bin/../lib/gcc/arm-none-eabi/4.8.4/armv6-m/crtbegin.o
                0x00003fac                PROVIDE (__init_array_end, .)

.fini_array     0x00003fac        0x4
                0x00003fac                PROVIDE (__fini_array_start, .)
 *(SORT(.fini_array.*))
 *(.fini_array*)
 .fini_array    0x00003fac        0x4 c:/freescale/kds_v3/toolchain/bin/../lib/gcc/arm-none-eabi/4.8.4/armv6-m/crtbegin.o
                0x00003fb0                PROVIDE (__fini_array_end, .)
                0x00003fb0                __etext = .
                0x00003fb0                __DATA_ROM = .

.mtb            0x1fffe000        0x0
                0x1fffe000                . = ALIGN (0x8)
                0x1fffe000                _mtb_start = .
 *(.mtb_buf)
                0x1fffe000                . = ALIGN (0x8)
                0x1fffe000                _mtb_end = .

.interrupts_ram
                0x1fffe000        0x0
                0x1fffe000                . = ALIGN (0x4)
                0x1fffe000                __VECTOR_RAM__ = .
                0x1fffe000                __interrupts_ram_start__ = .
 *(.m_interrupts_ram)
                0x1fffe000                . = (. + M_VECTOR_RAM_SIZE)
                0x1fffe000                . = ALIGN (0x4)
                0x1fffe000                __interrupts_ram_end__ = .
                0x00000000                __VECTOR_RAM = DEFINED (__ram_vector_table__)?__VECTOR_RAM__:ORIGIN (m_interrupts)
                0x00000000                __RAM_VECTOR_TABLE_SIZE_BYTES = DEFINED (__ram_vector_table__)?(__interrupts_ram_end__ - __interrupts_ram_start__):0x0

.data           0x1fffe000       0x74 load address 0x00003fb0
                0x1fffe000                . = ALIGN (0x4)
                0x1fffe000                __DATA_RAM = .
                0x1fffe000                __data_start__ = .
 *(.data)
 *(.data*)
 .data.SystemCoreClock
                0x1fffe000        0x4 ./Project_Settings/Startup_Code/system_MKL46Z4.o
                0x1fffe000                SystemCoreClock
 .data.g_fastInternalRefClkFreq
                0x1fffe004        0x4 C:/Freescale/KSDK_1.3.0/lib/ksdk_platform_lib/kds/KL46Z4/debug/libksdk_platform.a(fsl_mcg_hal.o)
                0x1fffe004                g_fastInternalRefClkFreq
 .data.g_slowInternalRefClkFreq
                0x1fffe008        0x4 C:/Freescale/KSDK_1.3.0/lib/ksdk_platform_lib/kds/KL46Z4/debug/libksdk_platform.a(fsl_mcg_hal.o)
                0x1fffe008                g_slowInternalRefClkFreq
 .data.impure_data
                0x1fffe00c       0x60 c:/freescale/kds_v3/toolchain/bin/../lib/gcc/arm-none-eabi/4.8.4/../../../../arm-none-eabi/lib/armv6-m\libg_s.a(lib_a-impure.o)
 .data._impure_ptr
                0x1fffe06c        0x4 c:/freescale/kds_v3/toolchain/bin/../lib/gcc/arm-none-eabi/4.8.4/../../../../arm-none-eabi/lib/armv6-m\libg_s.a(lib_a-impure.o)
                0x1fffe06c                _impure_ptr
 *(.jcr*)
 .jcr           0x1fffe070        0x0 c:/freescale/kds_v3/toolchain/bin/../lib/gcc/arm-none-eabi/4.8.4/armv6-m/crtbegin.o
 .jcr           0x1fffe070        0x4 c:/freescale/kds_v3/toolchain/bin/../lib/gcc/arm-none-eabi/4.8.4/armv6-m/crtend.o
                0x1fffe074                . = ALIGN (0x4)
                0x1fffe074                __data_end__ = .
                0x00004024                __DATA_END = (__DATA_ROM + (__data_end__ - __data_start__))
                0x00040000                text_end = (ORIGIN (m_text) + 0x3fbf0)
                0x00000001                ASSERT ((__DATA_END <= text_end), region m_text overflowed with text and data)

.igot.plt       0x1fffe074        0x0 load address 0x00004024
 .igot.plt      0x00000000        0x0 c:/freescale/kds_v3/toolchain/bin/../lib/gcc/arm-none-eabi/4.8.4/armv6-m/crtbegin.o

.bss            0x1fffe074       0x44 load address 0x00004024
                0x1fffe074                . = ALIGN (0x4)
                0x1fffe074                __START_BSS = .
                0x1fffe074                __bss_start__ = .
 *(.bss)
 .bss           0x1fffe074       0x1c c:/freescale/kds_v3/toolchain/bin/../lib/gcc/arm-none-eabi/4.8.4/armv6-m/crtbegin.o
 *(.bss*)
 .bss.s_debugConsole
                0x1fffe090       0x10 ./utilities/fsl_debug_console.o
 .bss.heap_end.5138
                0x1fffe0a0        0x4 ./utilities/fsl_misc_utilities.o
 .bss.i         0x1fffe0a4        0x4 ./Sources/main.o
 .bss.g_xtal0ClkFreq
                0x1fffe0a8        0x4 C:/Freescale/KSDK_1.3.0/lib/ksdk_platform_lib/kds/KL46Z4/debug/libksdk_platform.a(fsl_mcg_hal.o)
                0x1fffe0a8                g_xtal0ClkFreq
 .bss.__malloc_sbrk_start
                0x1fffe0ac        0x4 c:/freescale/kds_v3/toolchain/bin/../lib/gcc/arm-none-eabi/4.8.4/../../../../arm-none-eabi/lib/armv6-m\libg_s.a(lib_a-nano-mallocr.o)
                0x1fffe0ac                __malloc_sbrk_start
 .bss.__malloc_free_list
                0x1fffe0b0        0x4 c:/freescale/kds_v3/toolchain/bin/../lib/gcc/arm-none-eabi/4.8.4/../../../../arm-none-eabi/lib/armv6-m\libg_s.a(lib_a-nano-mallocr.o)
                0x1fffe0b0                __malloc_free_list
 *(COMMON)
 COMMON         0x1fffe0b4        0x4 c:/freescale/kds_v3/toolchain/bin/../lib/gcc/arm-none-eabi/4.8.4/../../../../arm-none-eabi/lib/armv6-m\libg_s.a(lib_a-reent.o)
                0x1fffe0b4                errno
                0x1fffe0b8                . = ALIGN (0x4)
                0x1fffe0b8                __bss_end__ = .
                0x1fffe0b8                __END_BSS = .

.heap           0x1fffe0b8      0x400 load address 0x00004068
                0x1fffe0b8                . = ALIGN (0x8)
                0x1fffe0b8                __end__ = .
                0x1fffe0b8                PROVIDE (end, .)
                0x1fffe0b8                __HeapBase = .
                0x1fffe4b8                . = (. + HEAP_SIZE)
 *fill*         0x1fffe0b8      0x400 
                0x1fffe4b8                __HeapLimit = .

.stack          0x1fffe4b8      0x400 load address 0x00004468
                0x1fffe4b8                . = ALIGN (0x8)
                0x1fffe8b8                . = (. + STACK_SIZE)
 *fill*         0x1fffe4b8      0x400 
                0x20006000                __StackTop = (ORIGIN (m_data) + 0x8000)
                0x20005c00                __StackLimit = (__StackTop - STACK_SIZE)
                0x20006000                PROVIDE (__stack, __StackTop)

.ARM.attributes
                0x00000000       0x28
 *(.ARM.attributes)
 .ARM.attributes
                0x00000000       0x1e c:/freescale/kds_v3/toolchain/bin/../lib/gcc/arm-none-eabi/4.8.4/armv6-m/crti.o
 .ARM.attributes
                0x0000001e       0x2c c:/freescale/kds_v3/toolchain/bin/../lib/gcc/arm-none-eabi/4.8.4/armv6-m/crtbegin.o
 .ARM.attributes
                0x0000004a       0x1b c:/freescale/kds_v3/toolchain/bin/../lib/gcc/arm-none-eabi/4.8.4/../../../../arm-none-eabi/lib/armv6-m/crt0.o
 .ARM.attributes
                0x00000065       0x32 ./utilities/fsl_debug_console.o
 .ARM.attributes
                0x00000097       0x32 ./utilities/fsl_misc_utilities.o
 .ARM.attributes
                0x000000c9       0x32 ./utilities/print_scan.o
 .ARM.attributes
                0x000000fb       0x32 ./board/board.o
 .ARM.attributes
                0x0000012d       0x32 ./board/hardware_init.o
 .ARM.attributes
                0x0000015f       0x32 ./board/pin_mux.o
 .ARM.attributes
                0x00000191       0x32 ./Sources/main.o
 .ARM.attributes
                0x000001c3       0x32 ./Project_Settings/Startup_Code/startup.o
 .ARM.attributes
                0x000001f5       0x1b ./Project_Settings/Startup_Code/startup_MKL46Z4.o
 .ARM.attributes
                0x00000210       0x32 ./Project_Settings/Startup_Code/system_MKL46Z4.o
 .ARM.attributes
                0x00000242       0x32 C:/Freescale/KSDK_1.3.0/lib/ksdk_platform_lib/kds/KL46Z4/debug/libksdk_platform.a(fsl_uart_hal.o)
 .ARM.attributes
                0x00000274       0x32 C:/Freescale/KSDK_1.3.0/lib/ksdk_platform_lib/kds/KL46Z4/debug/libksdk_platform.a(fsl_lpsci_hal.o)
 .ARM.attributes
                0x000002a6       0x32 C:/Freescale/KSDK_1.3.0/lib/ksdk_platform_lib/kds/KL46Z4/debug/libksdk_platform.a(fsl_clock_MKL46Z4.o)
 .ARM.attributes
                0x000002d8       0x32 C:/Freescale/KSDK_1.3.0/lib/ksdk_platform_lib/kds/KL46Z4/debug/libksdk_platform.a(fsl_clock_manager.o)
 .ARM.attributes
                0x0000030a       0x32 C:/Freescale/KSDK_1.3.0/lib/ksdk_platform_lib/kds/KL46Z4/debug/libksdk_platform.a(fsl_clock_manager_common.o)
 .ARM.attributes
                0x0000033c       0x32 C:/Freescale/KSDK_1.3.0/lib/ksdk_platform_lib/kds/KL46Z4/debug/libksdk_platform.a(fsl_sim_hal_MKL46Z4.o)
 .ARM.attributes
                0x0000036e       0x32 C:/Freescale/KSDK_1.3.0/lib/ksdk_platform_lib/kds/KL46Z4/debug/libksdk_platform.a(fsl_osc_hal.o)
 .ARM.attributes
                0x000003a0       0x32 C:/Freescale/KSDK_1.3.0/lib/ksdk_platform_lib/kds/KL46Z4/debug/libksdk_platform.a(fsl_mcg_hal.o)
 .ARM.attributes
                0x000003d2       0x32 C:/Freescale/KSDK_1.3.0/lib/ksdk_platform_lib/kds/KL46Z4/debug/libksdk_platform.a(fsl_mcg_hal_modes.o)
 .ARM.attributes
                0x00000404       0x1e c:/freescale/kds_v3/toolchain/bin/../lib/gcc/arm-none-eabi/4.8.4/armv6-m\libgcc.a(_udivsi3.o)
 .ARM.attributes
                0x00000422       0x1e c:/freescale/kds_v3/toolchain/bin/../lib/gcc/arm-none-eabi/4.8.4/armv6-m\libgcc.a(_divsi3.o)
 .ARM.attributes
                0x00000440       0x1e c:/freescale/kds_v3/toolchain/bin/../lib/gcc/arm-none-eabi/4.8.4/armv6-m\libgcc.a(_dvmd_tls.o)
 .ARM.attributes
                0x0000045e       0x2c c:/freescale/kds_v3/toolchain/bin/../lib/gcc/arm-none-eabi/4.8.4/../../../../arm-none-eabi/lib/armv6-m\libg_s.a(lib_a-assert.o)
 .ARM.attributes
                0x0000048a       0x2c c:/freescale/kds_v3/toolchain/bin/../lib/gcc/arm-none-eabi/4.8.4/../../../../arm-none-eabi/lib/armv6-m\libg_s.a(lib_a-errno.o)
 .ARM.attributes
                0x000004b6       0x2c c:/freescale/kds_v3/toolchain/bin/../lib/gcc/arm-none-eabi/4.8.4/../../../../arm-none-eabi/lib/armv6-m\libg_s.a(lib_a-exit.o)
 .ARM.attributes
                0x000004e2       0x2c c:/freescale/kds_v3/toolchain/bin/../lib/gcc/arm-none-eabi/4.8.4/../../../../arm-none-eabi/lib/armv6-m\libg_s.a(lib_a-fprintf.o)
 .ARM.attributes
                0x0000050e       0x2c c:/freescale/kds_v3/toolchain/bin/../lib/gcc/arm-none-eabi/4.8.4/../../../../arm-none-eabi/lib/armv6-m\libg_s.a(lib_a-impure.o)
 .ARM.attributes
                0x0000053a       0x2c c:/freescale/kds_v3/toolchain/bin/../lib/gcc/arm-none-eabi/4.8.4/../../../../arm-none-eabi/lib/armv6-m\libg_s.a(lib_a-init.o)
 .ARM.attributes
                0x00000566       0x2c c:/freescale/kds_v3/toolchain/bin/../lib/gcc/arm-none-eabi/4.8.4/../../../../arm-none-eabi/lib/armv6-m\libg_s.a(lib_a-memset.o)
 .ARM.attributes
                0x00000592       0x2c c:/freescale/kds_v3/toolchain/bin/../lib/gcc/arm-none-eabi/4.8.4/../../../../arm-none-eabi/lib/armv6-m\libg_s.a(lib_a-nano-freer.o)
 .ARM.attributes
                0x000005be       0x2c c:/freescale/kds_v3/toolchain/bin/../lib/gcc/arm-none-eabi/4.8.4/../../../../arm-none-eabi/lib/armv6-m\libg_s.a(lib_a-nano-mallocr.o)
 .ARM.attributes
                0x000005ea       0x2c c:/freescale/kds_v3/toolchain/bin/../lib/gcc/arm-none-eabi/4.8.4/../../../../arm-none-eabi/lib/armv6-m\libg_s.a(lib_a-sbrkr.o)
 .ARM.attributes
                0x00000616       0x2c c:/freescale/kds_v3/toolchain/bin/../lib/gcc/arm-none-eabi/4.8.4/../../../../arm-none-eabi/lib/armv6-m\libg_s.a(lib_a-strlen.o)
 .ARM.attributes
                0x00000642       0x2c c:/freescale/kds_v3/toolchain/bin/../lib/gcc/arm-none-eabi/4.8.4/../../../../arm-none-eabi/lib/armv6-m\libg_s.a(lib_a-vfprintf.o)
 .ARM.attributes
                0x0000066e       0x2c c:/freescale/kds_v3/toolchain/bin/../lib/gcc/arm-none-eabi/4.8.4/../../../../arm-none-eabi/lib/armv6-m\libg_s.a(lib_a-vfprintf_i.o)
 .ARM.attributes
                0x0000069a       0x2c c:/freescale/kds_v3/toolchain/bin/../lib/gcc/arm-none-eabi/4.8.4/../../../../arm-none-eabi/lib/armv6-m\libg_s.a(lib_a-wbuf.o)
 .ARM.attributes
                0x000006c6       0x2c c:/freescale/kds_v3/toolchain/bin/../lib/gcc/arm-none-eabi/4.8.4/../../../../arm-none-eabi/lib/armv6-m\libg_s.a(lib_a-wsetup.o)
 .ARM.attributes
                0x000006f2       0x2c c:/freescale/kds_v3/toolchain/bin/../lib/gcc/arm-none-eabi/4.8.4/../../../../arm-none-eabi/lib/armv6-m\libg_s.a(lib_a-abort.o)
 .ARM.attributes
                0x0000071e       0x2c c:/freescale/kds_v3/toolchain/bin/../lib/gcc/arm-none-eabi/4.8.4/../../../../arm-none-eabi/lib/armv6-m\libg_s.a(lib_a-fflush.o)
 .ARM.attributes
                0x0000074a       0x2c c:/freescale/kds_v3/toolchain/bin/../lib/gcc/arm-none-eabi/4.8.4/../../../../arm-none-eabi/lib/armv6-m\libg_s.a(lib_a-findfp.o)
 .ARM.attributes
                0x00000776       0x2c c:/freescale/kds_v3/toolchain/bin/../lib/gcc/arm-none-eabi/4.8.4/../../../../arm-none-eabi/lib/armv6-m\libg_s.a(lib_a-makebuf.o)
 .ARM.attributes
                0x000007a2       0x2c c:/freescale/kds_v3/toolchain/bin/../lib/gcc/arm-none-eabi/4.8.4/../../../../arm-none-eabi/lib/armv6-m\libg_s.a(lib_a-memchr-stub.o)
 .ARM.attributes
                0x000007ce       0x2c c:/freescale/kds_v3/toolchain/bin/../lib/gcc/arm-none-eabi/4.8.4/../../../../arm-none-eabi/lib/armv6-m\libg_s.a(lib_a-reent.o)
 .ARM.attributes
                0x000007fa       0x2c c:/freescale/kds_v3/toolchain/bin/../lib/gcc/arm-none-eabi/4.8.4/../../../../arm-none-eabi/lib/armv6-m\libg_s.a(lib_a-signal.o)
 .ARM.attributes
                0x00000826       0x2c c:/freescale/kds_v3/toolchain/bin/../lib/gcc/arm-none-eabi/4.8.4/../../../../arm-none-eabi/lib/armv6-m\libg_s.a(lib_a-signalr.o)
 .ARM.attributes
                0x00000852       0x2c c:/freescale/kds_v3/toolchain/bin/../lib/gcc/arm-none-eabi/4.8.4/../../../../arm-none-eabi/lib/armv6-m\libg_s.a(lib_a-stdio.o)
 .ARM.attributes
                0x0000087e       0x2c c:/freescale/kds_v3/toolchain/bin/../lib/gcc/arm-none-eabi/4.8.4/../../../../arm-none-eabi/lib/armv6-m\libg_s.a(lib_a-writer.o)
 .ARM.attributes
                0x000008aa       0x2c c:/freescale/kds_v3/toolchain/bin/../lib/gcc/arm-none-eabi/4.8.4/../../../../arm-none-eabi/lib/armv6-m\libg_s.a(lib_a-closer.o)
 .ARM.attributes
                0x000008d6       0x2c c:/freescale/kds_v3/toolchain/bin/../lib/gcc/arm-none-eabi/4.8.4/../../../../arm-none-eabi/lib/armv6-m\libg_s.a(lib_a-fstatr.o)
 .ARM.attributes
                0x00000902       0x2c c:/freescale/kds_v3/toolchain/bin/../lib/gcc/arm-none-eabi/4.8.4/../../../../arm-none-eabi/lib/armv6-m\libg_s.a(lib_a-isattyr.o)
 .ARM.attributes
                0x0000092e       0x2c c:/freescale/kds_v3/toolchain/bin/../lib/gcc/arm-none-eabi/4.8.4/../../../../arm-none-eabi/lib/armv6-m\libg_s.a(lib_a-lseekr.o)
 .ARM.attributes
                0x0000095a       0x2c c:/freescale/kds_v3/toolchain/bin/../lib/gcc/arm-none-eabi/4.8.4/../../../../arm-none-eabi/lib/armv6-m\libg_s.a(lib_a-readr.o)
 .ARM.attributes
                0x00000986       0x2c c:/freescale/kds_v3/toolchain/bin/../lib/gcc/arm-none-eabi/4.8.4/../../../../arm-none-eabi/lib/armv6-m\libnosys.a(close.o)
 .ARM.attributes
                0x000009b2       0x2c c:/freescale/kds_v3/toolchain/bin/../lib/gcc/arm-none-eabi/4.8.4/../../../../arm-none-eabi/lib/armv6-m\libnosys.a(fstat.o)
 .ARM.attributes
                0x000009de       0x2c c:/freescale/kds_v3/toolchain/bin/../lib/gcc/arm-none-eabi/4.8.4/../../../../arm-none-eabi/lib/armv6-m\libnosys.a(getpid.o)
 .ARM.attributes
                0x00000a0a       0x2c c:/freescale/kds_v3/toolchain/bin/../lib/gcc/arm-none-eabi/4.8.4/../../../../arm-none-eabi/lib/armv6-m\libnosys.a(isatty.o)
 .ARM.attributes
                0x00000a36       0x2c c:/freescale/kds_v3/toolchain/bin/../lib/gcc/arm-none-eabi/4.8.4/../../../../arm-none-eabi/lib/armv6-m\libnosys.a(kill.o)
 .ARM.attributes
                0x00000a62       0x2c c:/freescale/kds_v3/toolchain/bin/../lib/gcc/arm-none-eabi/4.8.4/../../../../arm-none-eabi/lib/armv6-m\libnosys.a(lseek.o)
 .ARM.attributes
                0x00000a8e       0x2c c:/freescale/kds_v3/toolchain/bin/../lib/gcc/arm-none-eabi/4.8.4/../../../../arm-none-eabi/lib/armv6-m\libnosys.a(_exit.o)
 .ARM.attributes
                0x00000aba       0x2c c:/freescale/kds_v3/toolchain/bin/../lib/gcc/arm-none-eabi/4.8.4/armv6-m/crtend.o
 .ARM.attributes
                0x00000ae6       0x1e c:/freescale/kds_v3/toolchain/bin/../lib/gcc/arm-none-eabi/4.8.4/armv6-m/crtn.o
                0x00000001                ASSERT ((__StackLimit >= __HeapLimit), region m_data overflowed with stack and heap)
OUTPUT(Template Project (Rename Me!).elf elf32-littlearm)

.debug_info     0x00000000     0x8cbf
 .debug_info    0x00000000      0xa71 ./utilities/fsl_debug_console.o
 .debug_info    0x00000a71      0x172 ./utilities/fsl_misc_utilities.o
 .debug_info    0x00000be3      0x5eb ./utilities/print_scan.o
 .debug_info    0x000011ce      0xa73 ./board/board.o
 .debug_info    0x00001c41       0xe2 ./board/hardware_init.o
 .debug_info    0x00001d23      0x4e6 ./board/pin_mux.o
 .debug_info    0x00002209       0xa9 ./Sources/main.o
 .debug_info    0x000022b2      0x296 ./Project_Settings/Startup_Code/startup.o
 .debug_info    0x00002548       0x9d ./Project_Settings/Startup_Code/startup_MKL46Z4.o
 .debug_info    0x000025e5      0x3f5 ./Project_Settings/Startup_Code/system_MKL46Z4.o
 .debug_info    0x000029da      0x80e C:/Freescale/KSDK_1.3.0/lib/ksdk_platform_lib/kds/KL46Z4/debug/libksdk_platform.a(fsl_uart_hal.o)
 .debug_info    0x000031e8      0x917 C:/Freescale/KSDK_1.3.0/lib/ksdk_platform_lib/kds/KL46Z4/debug/libksdk_platform.a(fsl_lpsci_hal.o)
 .debug_info    0x00003aff     0x1829 C:/Freescale/KSDK_1.3.0/lib/ksdk_platform_lib/kds/KL46Z4/debug/libksdk_platform.a(fsl_clock_MKL46Z4.o)
 .debug_info    0x00005328     0x1693 C:/Freescale/KSDK_1.3.0/lib/ksdk_platform_lib/kds/KL46Z4/debug/libksdk_platform.a(fsl_clock_manager.o)
 .debug_info    0x000069bb      0x449 C:/Freescale/KSDK_1.3.0/lib/ksdk_platform_lib/kds/KL46Z4/debug/libksdk_platform.a(fsl_clock_manager_common.o)
 .debug_info    0x00006e04      0x957 C:/Freescale/KSDK_1.3.0/lib/ksdk_platform_lib/kds/KL46Z4/debug/libksdk_platform.a(fsl_sim_hal_MKL46Z4.o)
 .debug_info    0x0000775b       0xef C:/Freescale/KSDK_1.3.0/lib/ksdk_platform_lib/kds/KL46Z4/debug/libksdk_platform.a(fsl_osc_hal.o)
 .debug_info    0x0000784a      0xc24 C:/Freescale/KSDK_1.3.0/lib/ksdk_platform_lib/kds/KL46Z4/debug/libksdk_platform.a(fsl_mcg_hal.o)
 .debug_info    0x0000846e      0x851 C:/Freescale/KSDK_1.3.0/lib/ksdk_platform_lib/kds/KL46Z4/debug/libksdk_platform.a(fsl_mcg_hal_modes.o)

.debug_abbrev   0x00000000     0x1b86
 .debug_abbrev  0x00000000      0x23a ./utilities/fsl_debug_console.o
 .debug_abbrev  0x0000023a       0xc4 ./utilities/fsl_misc_utilities.o
 .debug_abbrev  0x000002fe      0x1b6 ./utilities/print_scan.o
 .debug_abbrev  0x000004b4      0x256 ./board/board.o
 .debug_abbrev  0x0000070a       0x75 ./board/hardware_init.o
 .debug_abbrev  0x0000077f      0x128 ./board/pin_mux.o
 .debug_abbrev  0x000008a7       0x56 ./Sources/main.o
 .debug_abbrev  0x000008fd       0xe9 ./Project_Settings/Startup_Code/startup.o
 .debug_abbrev  0x000009e6       0x14 ./Project_Settings/Startup_Code/startup_MKL46Z4.o
 .debug_abbrev  0x000009fa      0x109 ./Project_Settings/Startup_Code/system_MKL46Z4.o
 .debug_abbrev  0x00000b03      0x1eb C:/Freescale/KSDK_1.3.0/lib/ksdk_platform_lib/kds/KL46Z4/debug/libksdk_platform.a(fsl_uart_hal.o)
 .debug_abbrev  0x00000cee      0x20e C:/Freescale/KSDK_1.3.0/lib/ksdk_platform_lib/kds/KL46Z4/debug/libksdk_platform.a(fsl_lpsci_hal.o)
 .debug_abbrev  0x00000efc      0x2fe C:/Freescale/KSDK_1.3.0/lib/ksdk_platform_lib/kds/KL46Z4/debug/libksdk_platform.a(fsl_clock_MKL46Z4.o)
 .debug_abbrev  0x000011fa      0x2a9 C:/Freescale/KSDK_1.3.0/lib/ksdk_platform_lib/kds/KL46Z4/debug/libksdk_platform.a(fsl_clock_manager.o)
 .debug_abbrev  0x000014a3       0xdb C:/Freescale/KSDK_1.3.0/lib/ksdk_platform_lib/kds/KL46Z4/debug/libksdk_platform.a(fsl_clock_manager_common.o)
 .debug_abbrev  0x0000157e      0x197 C:/Freescale/KSDK_1.3.0/lib/ksdk_platform_lib/kds/KL46Z4/debug/libksdk_platform.a(fsl_sim_hal_MKL46Z4.o)
 .debug_abbrev  0x00001715       0x99 C:/Freescale/KSDK_1.3.0/lib/ksdk_platform_lib/kds/KL46Z4/debug/libksdk_platform.a(fsl_osc_hal.o)
 .debug_abbrev  0x000017ae      0x234 C:/Freescale/KSDK_1.3.0/lib/ksdk_platform_lib/kds/KL46Z4/debug/libksdk_platform.a(fsl_mcg_hal.o)
 .debug_abbrev  0x000019e2      0x1a4 C:/Freescale/KSDK_1.3.0/lib/ksdk_platform_lib/kds/KL46Z4/debug/libksdk_platform.a(fsl_mcg_hal_modes.o)

.debug_aranges  0x00000000      0x9f0
 .debug_aranges
                0x00000000       0xa0 ./utilities/fsl_debug_console.o
 .debug_aranges
                0x000000a0       0x28 ./utilities/fsl_misc_utilities.o
 .debug_aranges
                0x000000c8       0x48 ./utilities/print_scan.o
 .debug_aranges
                0x00000110       0x70 ./board/board.o
 .debug_aranges
                0x00000180       0x20 ./board/hardware_init.o
 .debug_aranges
                0x000001a0       0x98 ./board/pin_mux.o
 .debug_aranges
                0x00000238       0x20 ./Sources/main.o
 .debug_aranges
                0x00000258       0x20 ./Project_Settings/Startup_Code/startup.o
 .debug_aranges
                0x00000278       0x20 ./Project_Settings/Startup_Code/startup_MKL46Z4.o
 .debug_aranges
                0x00000298       0x28 ./Project_Settings/Startup_Code/system_MKL46Z4.o
 .debug_aranges
                0x000002c0       0xb0 C:/Freescale/KSDK_1.3.0/lib/ksdk_platform_lib/kds/KL46Z4/debug/libksdk_platform.a(fsl_uart_hal.o)
 .debug_aranges
                0x00000370       0xc8 C:/Freescale/KSDK_1.3.0/lib/ksdk_platform_lib/kds/KL46Z4/debug/libksdk_platform.a(fsl_lpsci_hal.o)
 .debug_aranges
                0x00000438      0x218 C:/Freescale/KSDK_1.3.0/lib/ksdk_platform_lib/kds/KL46Z4/debug/libksdk_platform.a(fsl_clock_MKL46Z4.o)
 .debug_aranges
                0x00000650      0x150 C:/Freescale/KSDK_1.3.0/lib/ksdk_platform_lib/kds/KL46Z4/debug/libksdk_platform.a(fsl_clock_manager.o)
 .debug_aranges
                0x000007a0       0x18 C:/Freescale/KSDK_1.3.0/lib/ksdk_platform_lib/kds/KL46Z4/debug/libksdk_platform.a(fsl_clock_manager_common.o)
 .debug_aranges
                0x000007b8       0x90 C:/Freescale/KSDK_1.3.0/lib/ksdk_platform_lib/kds/KL46Z4/debug/libksdk_platform.a(fsl_sim_hal_MKL46Z4.o)
 .debug_aranges
                0x00000848       0x20 C:/Freescale/KSDK_1.3.0/lib/ksdk_platform_lib/kds/KL46Z4/debug/libksdk_platform.a(fsl_osc_hal.o)
 .debug_aranges
                0x00000868       0xf0 C:/Freescale/KSDK_1.3.0/lib/ksdk_platform_lib/kds/KL46Z4/debug/libksdk_platform.a(fsl_mcg_hal.o)
 .debug_aranges
                0x00000958       0x98 C:/Freescale/KSDK_1.3.0/lib/ksdk_platform_lib/kds/KL46Z4/debug/libksdk_platform.a(fsl_mcg_hal_modes.o)

.debug_ranges   0x00000000      0x8a8
 .debug_ranges  0x00000000       0x90 ./utilities/fsl_debug_console.o
 .debug_ranges  0x00000090       0x18 ./utilities/fsl_misc_utilities.o
 .debug_ranges  0x000000a8       0x38 ./utilities/print_scan.o
 .debug_ranges  0x000000e0       0x60 ./board/board.o
 .debug_ranges  0x00000140       0x10 ./board/hardware_init.o
 .debug_ranges  0x00000150       0x88 ./board/pin_mux.o
 .debug_ranges  0x000001d8       0x10 ./Sources/main.o
 .debug_ranges  0x000001e8       0x10 ./Project_Settings/Startup_Code/startup.o
 .debug_ranges  0x000001f8       0x18 ./Project_Settings/Startup_Code/system_MKL46Z4.o
 .debug_ranges  0x00000210       0xa0 C:/Freescale/KSDK_1.3.0/lib/ksdk_platform_lib/kds/KL46Z4/debug/libksdk_platform.a(fsl_uart_hal.o)
 .debug_ranges  0x000002b0       0xb8 C:/Freescale/KSDK_1.3.0/lib/ksdk_platform_lib/kds/KL46Z4/debug/libksdk_platform.a(fsl_lpsci_hal.o)
 .debug_ranges  0x00000368      0x208 C:/Freescale/KSDK_1.3.0/lib/ksdk_platform_lib/kds/KL46Z4/debug/libksdk_platform.a(fsl_clock_MKL46Z4.o)
 .debug_ranges  0x00000570      0x140 C:/Freescale/KSDK_1.3.0/lib/ksdk_platform_lib/kds/KL46Z4/debug/libksdk_platform.a(fsl_clock_manager.o)
 .debug_ranges  0x000006b0       0x80 C:/Freescale/KSDK_1.3.0/lib/ksdk_platform_lib/kds/KL46Z4/debug/libksdk_platform.a(fsl_sim_hal_MKL46Z4.o)
 .debug_ranges  0x00000730       0x10 C:/Freescale/KSDK_1.3.0/lib/ksdk_platform_lib/kds/KL46Z4/debug/libksdk_platform.a(fsl_osc_hal.o)
 .debug_ranges  0x00000740       0xe0 C:/Freescale/KSDK_1.3.0/lib/ksdk_platform_lib/kds/KL46Z4/debug/libksdk_platform.a(fsl_mcg_hal.o)
 .debug_ranges  0x00000820       0x88 C:/Freescale/KSDK_1.3.0/lib/ksdk_platform_lib/kds/KL46Z4/debug/libksdk_platform.a(fsl_mcg_hal_modes.o)

.debug_macro    0x00000000    0x1e9c5
 .debug_macro   0x00000000      0x2c7 ./utilities/fsl_debug_console.o
 .debug_macro   0x000002c7      0x820 ./utilities/fsl_debug_console.o
 .debug_macro   0x00000ae7       0x58 ./utilities/fsl_debug_console.o
 .debug_macro   0x00000b3f       0x58 ./utilities/fsl_debug_console.o
 .debug_macro   0x00000b97       0x16 ./utilities/fsl_debug_console.o
 .debug_macro   0x00000bad       0x35 ./utilities/fsl_debug_console.o
 .debug_macro   0x00000be2       0xa3 ./utilities/fsl_debug_console.o
 .debug_macro   0x00000c85       0x16 ./utilities/fsl_debug_console.o
 .debug_macro   0x00000c9b       0x97 ./utilities/fsl_debug_console.o
 .debug_macro   0x00000d32       0xef ./utilities/fsl_debug_console.o
 .debug_macro   0x00000e21       0x4a ./utilities/fsl_debug_console.o
 .debug_macro   0x00000e6b       0x52 ./utilities/fsl_debug_console.o
 .debug_macro   0x00000ebd       0x16 ./utilities/fsl_debug_console.o
 .debug_macro   0x00000ed3       0x43 ./utilities/fsl_debug_console.o
 .debug_macro   0x00000f16      0x180 ./utilities/fsl_debug_console.o
 .debug_macro   0x00001096       0x10 ./utilities/fsl_debug_console.o
 .debug_macro   0x000010a6       0x22 ./utilities/fsl_debug_console.o
 .debug_macro   0x000010c8       0xbd ./utilities/fsl_debug_console.o
 .debug_macro   0x00001185       0x16 ./utilities/fsl_debug_console.o
 .debug_macro   0x0000119b      0x14a ./utilities/fsl_debug_console.o
 .debug_macro   0x000012e5       0x16 ./utilities/fsl_debug_console.o
 .debug_macro   0x000012fb       0x35 ./utilities/fsl_debug_console.o
 .debug_macro   0x00001330       0x22 ./utilities/fsl_debug_console.o
 .debug_macro   0x00001352       0x11 ./utilities/fsl_debug_console.o
 .debug_macro   0x00001363       0x16 ./utilities/fsl_debug_console.o
 .debug_macro   0x00001379      0x20f ./utilities/fsl_debug_console.o
 .debug_macro   0x00001588       0x3a ./utilities/fsl_debug_console.o
 .debug_macro   0x000015c2       0x3a ./utilities/fsl_debug_console.o
 .debug_macro   0x000015fc       0x26 ./utilities/fsl_debug_console.o
 .debug_macro   0x00001622      0x306 ./utilities/fsl_debug_console.o
 .debug_macro   0x00001928       0x6b ./utilities/fsl_debug_console.o
 .debug_macro   0x00001993     0xd1e1 ./utilities/fsl_debug_console.o
 .debug_macro   0x0000eb74       0x82 ./utilities/fsl_debug_console.o
 .debug_macro   0x0000ebf6     0xcfd0 ./utilities/fsl_debug_console.o
 .debug_macro   0x0001bbc6     0x1177 ./utilities/fsl_debug_console.o
 .debug_macro   0x0001cd3d       0x22 ./utilities/fsl_debug_console.o
 .debug_macro   0x0001cd5f       0x44 ./utilities/fsl_debug_console.o
 .debug_macro   0x0001cda3       0x22 ./utilities/fsl_debug_console.o
 .debug_macro   0x0001cdc5       0x16 ./utilities/fsl_debug_console.o
 .debug_macro   0x0001cddb       0x10 ./utilities/fsl_debug_console.o
 .debug_macro   0x0001cdeb       0x11 ./utilities/fsl_debug_console.o
 .debug_macro   0x0001cdfc       0x10 ./utilities/fsl_debug_console.o
 .debug_macro   0x0001ce0c      0x2a6 ./utilities/fsl_debug_console.o
 .debug_macro   0x0001d0b2       0x10 ./utilities/fsl_debug_console.o
 .debug_macro   0x0001d0c2      0x17b ./utilities/fsl_misc_utilities.o
 .debug_macro   0x0001d23d       0x2e ./utilities/fsl_misc_utilities.o
 .debug_macro   0x0001d26b       0x10 ./utilities/fsl_misc_utilities.o
 .debug_macro   0x0001d27b      0x241 ./utilities/fsl_misc_utilities.o
 .debug_macro   0x0001d4bc      0x257 ./utilities/print_scan.o
 .debug_macro   0x0001d713       0x10 ./utilities/print_scan.o
 .debug_macro   0x0001d723       0x52 ./utilities/print_scan.o
 .debug_macro   0x0001d775       0x94 ./utilities/print_scan.o
 .debug_macro   0x0001d809      0x270 ./board/board.o
 .debug_macro   0x0001da79       0x44 ./board/board.o
 .debug_macro   0x0001dabd      0x209 ./board/board.o
 .debug_macro   0x0001dcc6      0x10e ./board/board.o
 .debug_macro   0x0001ddd4       0x7f ./board/board.o
 .debug_macro   0x0001de53       0x4c ./board/board.o
 .debug_macro   0x0001de9f       0x22 ./board/board.o
 .debug_macro   0x0001dec1      0x205 ./board/board.o
 .debug_macro   0x0001e0c6       0x10 ./board/board.o
 .debug_macro   0x0001e0d6      0x25d ./board/hardware_init.o
 .debug_macro   0x0001e333      0x183 ./board/pin_mux.o
 .debug_macro   0x0001e4b6       0x7c ./board/pin_mux.o
 .debug_macro   0x0001e532      0x1d4 ./Sources/main.o
 .debug_macro   0x0001e706      0x167 ./Project_Settings/Startup_Code/startup.o
 .debug_macro   0x0001e86d      0x158 ./Project_Settings/Startup_Code/system_MKL46Z4.o

.debug_line     0x00000000     0x5483
 .debug_line    0x00000000      0x7bf ./utilities/fsl_debug_console.o
 .debug_line    0x000007bf      0x329 ./utilities/fsl_misc_utilities.o
 .debug_line    0x00000ae8      0x63b ./utilities/print_scan.o
 .debug_line    0x00001123      0x6c8 ./board/board.o
 .debug_line    0x000017eb      0x5e0 ./board/hardware_init.o
 .debug_line    0x00001dcb      0x53a ./board/pin_mux.o
 .debug_line    0x00002305      0x4f5 ./Sources/main.o
 .debug_line    0x000027fa      0x36d ./Project_Settings/Startup_Code/startup.o
 .debug_line    0x00002b67       0x6c ./Project_Settings/Startup_Code/startup_MKL46Z4.o
 .debug_line    0x00002bd3      0x38e ./Project_Settings/Startup_Code/system_MKL46Z4.o
 .debug_line    0x00002f61      0x386 C:/Freescale/KSDK_1.3.0/lib/ksdk_platform_lib/kds/KL46Z4/debug/libksdk_platform.a(fsl_uart_hal.o)
 .debug_line    0x000032e7      0x3d0 C:/Freescale/KSDK_1.3.0/lib/ksdk_platform_lib/kds/KL46Z4/debug/libksdk_platform.a(fsl_lpsci_hal.o)
 .debug_line    0x000036b7      0x8b2 C:/Freescale/KSDK_1.3.0/lib/ksdk_platform_lib/kds/KL46Z4/debug/libksdk_platform.a(fsl_clock_MKL46Z4.o)
 .debug_line    0x00003f69      0x76d C:/Freescale/KSDK_1.3.0/lib/ksdk_platform_lib/kds/KL46Z4/debug/libksdk_platform.a(fsl_clock_manager.o)
 .debug_line    0x000046d6      0x14b C:/Freescale/KSDK_1.3.0/lib/ksdk_platform_lib/kds/KL46Z4/debug/libksdk_platform.a(fsl_clock_manager_common.o)
 .debug_line    0x00004821      0x362 C:/Freescale/KSDK_1.3.0/lib/ksdk_platform_lib/kds/KL46Z4/debug/libksdk_platform.a(fsl_sim_hal_MKL46Z4.o)
 .debug_line    0x00004b83       0xfb C:/Freescale/KSDK_1.3.0/lib/ksdk_platform_lib/kds/KL46Z4/debug/libksdk_platform.a(fsl_osc_hal.o)
 .debug_line    0x00004c7e      0x455 C:/Freescale/KSDK_1.3.0/lib/ksdk_platform_lib/kds/KL46Z4/debug/libksdk_platform.a(fsl_mcg_hal.o)
 .debug_line    0x000050d3      0x3b0 C:/Freescale/KSDK_1.3.0/lib/ksdk_platform_lib/kds/KL46Z4/debug/libksdk_platform.a(fsl_mcg_hal_modes.o)

.debug_str      0x00000000   0x1198fe
 .debug_str     0x00000000   0x1141e6 ./utilities/fsl_debug_console.o
                             0x114780 (size before relaxing)
 .debug_str     0x001141e6      0x6a7 ./utilities/fsl_misc_utilities.o
                               0x58ff (size before relaxing)
 .debug_str     0x0011488d      0x8a8 ./utilities/print_scan.o
                               0x67e0 (size before relaxing)
 .debug_str     0x00115135     0x12b2 ./board/board.o
                             0x113734 (size before relaxing)
 .debug_str     0x001163e7       0x27 ./board/hardware_init.o
                             0x112df7 (size before relaxing)
 .debug_str     0x0011640e      0x1a2 ./board/pin_mux.o
                             0x1121e2 (size before relaxing)
 .debug_str     0x001165b0       0x17 ./Sources/main.o
                             0x112c95 (size before relaxing)
 .debug_str     0x001165c7      0x12f ./Project_Settings/Startup_Code/startup.o
                             0x111fa3 (size before relaxing)
 .debug_str     0x001166f6       0x87 ./Project_Settings/Startup_Code/system_MKL46Z4.o
                             0x111fea (size before relaxing)
 .debug_str     0x0011677d      0x60a C:/Freescale/KSDK_1.3.0/lib/ksdk_platform_lib/kds/KL46Z4/debug/libksdk_platform.a(fsl_uart_hal.o)
                                0x90b (size before relaxing)
 .debug_str     0x00116d87      0x534 C:/Freescale/KSDK_1.3.0/lib/ksdk_platform_lib/kds/KL46Z4/debug/libksdk_platform.a(fsl_lpsci_hal.o)
                                0xa11 (size before relaxing)
 .debug_str     0x001172bb      0xe52 C:/Freescale/KSDK_1.3.0/lib/ksdk_platform_lib/kds/KL46Z4/debug/libksdk_platform.a(fsl_clock_MKL46Z4.o)
                               0x15a4 (size before relaxing)
 .debug_str     0x0011810d      0xbb3 C:/Freescale/KSDK_1.3.0/lib/ksdk_platform_lib/kds/KL46Z4/debug/libksdk_platform.a(fsl_clock_manager.o)
                               0x1713 (size before relaxing)
 .debug_str     0x00118cc0       0x61 C:/Freescale/KSDK_1.3.0/lib/ksdk_platform_lib/kds/KL46Z4/debug/libksdk_platform.a(fsl_clock_manager_common.o)
                                0x34e (size before relaxing)
 .debug_str     0x00118d21      0x44f C:/Freescale/KSDK_1.3.0/lib/ksdk_platform_lib/kds/KL46Z4/debug/libksdk_platform.a(fsl_sim_hal_MKL46Z4.o)
                                0x778 (size before relaxing)
 .debug_str     0x00119170       0x58 C:/Freescale/KSDK_1.3.0/lib/ksdk_platform_lib/kds/KL46Z4/debug/libksdk_platform.a(fsl_osc_hal.o)
                                0x233 (size before relaxing)
 .debug_str     0x001191c8      0x5d1 C:/Freescale/KSDK_1.3.0/lib/ksdk_platform_lib/kds/KL46Z4/debug/libksdk_platform.a(fsl_mcg_hal.o)
                                0xb66 (size before relaxing)
 .debug_str     0x00119799      0x165 C:/Freescale/KSDK_1.3.0/lib/ksdk_platform_lib/kds/KL46Z4/debug/libksdk_platform.a(fsl_mcg_hal_modes.o)
                                0x8df (size before relaxing)

.comment        0x00000000       0x70
 .comment       0x00000000       0x70 ./utilities/fsl_debug_console.o
                                 0x71 (size before relaxing)
 .comment       0x00000000       0x71 ./utilities/fsl_misc_utilities.o
 .comment       0x00000000       0x71 ./utilities/print_scan.o
 .comment       0x00000000       0x71 ./board/board.o
 .comment       0x00000000       0x71 ./board/hardware_init.o
 .comment       0x00000000       0x71 ./board/pin_mux.o
 .comment       0x00000000       0x71 ./Sources/main.o
 .comment       0x00000000       0x71 ./Project_Settings/Startup_Code/startup.o
 .comment       0x00000000       0x71 ./Project_Settings/Startup_Code/system_MKL46Z4.o
 .comment       0x00000000       0x71 C:/Freescale/KSDK_1.3.0/lib/ksdk_platform_lib/kds/KL46Z4/debug/libksdk_platform.a(fsl_uart_hal.o)
 .comment       0x00000000       0x71 C:/Freescale/KSDK_1.3.0/lib/ksdk_platform_lib/kds/KL46Z4/debug/libksdk_platform.a(fsl_lpsci_hal.o)
 .comment       0x00000000       0x71 C:/Freescale/KSDK_1.3.0/lib/ksdk_platform_lib/kds/KL46Z4/debug/libksdk_platform.a(fsl_clock_MKL46Z4.o)
 .comment       0x00000000       0x71 C:/Freescale/KSDK_1.3.0/lib/ksdk_platform_lib/kds/KL46Z4/debug/libksdk_platform.a(fsl_clock_manager.o)
 .comment       0x00000000       0x71 C:/Freescale/KSDK_1.3.0/lib/ksdk_platform_lib/kds/KL46Z4/debug/libksdk_platform.a(fsl_clock_manager_common.o)
 .comment       0x00000000       0x71 C:/Freescale/KSDK_1.3.0/lib/ksdk_platform_lib/kds/KL46Z4/debug/libksdk_platform.a(fsl_sim_hal_MKL46Z4.o)
 .comment       0x00000000       0x71 C:/Freescale/KSDK_1.3.0/lib/ksdk_platform_lib/kds/KL46Z4/debug/libksdk_platform.a(fsl_osc_hal.o)
 .comment       0x00000000       0x71 C:/Freescale/KSDK_1.3.0/lib/ksdk_platform_lib/kds/KL46Z4/debug/libksdk_platform.a(fsl_mcg_hal.o)
 .comment       0x00000000       0x71 C:/Freescale/KSDK_1.3.0/lib/ksdk_platform_lib/kds/KL46Z4/debug/libksdk_platform.a(fsl_mcg_hal_modes.o)

.debug_frame    0x00000000     0x2ae4
 .debug_frame   0x00000000      0x230 ./utilities/fsl_debug_console.o
 .debug_frame   0x00000230       0x50 ./utilities/fsl_misc_utilities.o
 .debug_frame   0x00000280       0xd4 ./utilities/print_scan.o
 .debug_frame   0x00000354      0x164 ./board/board.o
 .debug_frame   0x000004b8       0x2c ./board/hardware_init.o
 .debug_frame   0x000004e4      0x210 ./board/pin_mux.o
 .debug_frame   0x000006f4       0x2c ./Sources/main.o
 .debug_frame   0x00000720       0x30 ./Project_Settings/Startup_Code/startup.o
 .debug_frame   0x00000750       0x4c ./Project_Settings/Startup_Code/system_MKL46Z4.o
 .debug_frame   0x0000079c      0x270 C:/Freescale/KSDK_1.3.0/lib/ksdk_platform_lib/kds/KL46Z4/debug/libksdk_platform.a(fsl_uart_hal.o)
 .debug_frame   0x00000a0c      0x2d0 C:/Freescale/KSDK_1.3.0/lib/ksdk_platform_lib/kds/KL46Z4/debug/libksdk_platform.a(fsl_lpsci_hal.o)
 .debug_frame   0x00000cdc      0x7fc C:/Freescale/KSDK_1.3.0/lib/ksdk_platform_lib/kds/KL46Z4/debug/libksdk_platform.a(fsl_clock_MKL46Z4.o)
 .debug_frame   0x000014d8      0x4ec C:/Freescale/KSDK_1.3.0/lib/ksdk_platform_lib/kds/KL46Z4/debug/libksdk_platform.a(fsl_clock_manager.o)
 .debug_frame   0x000019c4      0x1f0 C:/Freescale/KSDK_1.3.0/lib/ksdk_platform_lib/kds/KL46Z4/debug/libksdk_platform.a(fsl_sim_hal_MKL46Z4.o)
 .debug_frame   0x00001bb4       0x30 C:/Freescale/KSDK_1.3.0/lib/ksdk_platform_lib/kds/KL46Z4/debug/libksdk_platform.a(fsl_osc_hal.o)
 .debug_frame   0x00001be4      0x370 C:/Freescale/KSDK_1.3.0/lib/ksdk_platform_lib/kds/KL46Z4/debug/libksdk_platform.a(fsl_mcg_hal.o)
 .debug_frame   0x00001f54      0x210 C:/Freescale/KSDK_1.3.0/lib/ksdk_platform_lib/kds/KL46Z4/debug/libksdk_platform.a(fsl_mcg_hal_modes.o)
 .debug_frame   0x00002164       0x20 c:/freescale/kds_v3/toolchain/bin/../lib/gcc/arm-none-eabi/4.8.4/armv6-m\libgcc.a(_udivsi3.o)
 .debug_frame   0x00002184       0x20 c:/freescale/kds_v3/toolchain/bin/../lib/gcc/arm-none-eabi/4.8.4/armv6-m\libgcc.a(_divsi3.o)
 .debug_frame   0x000021a4       0x4c c:/freescale/kds_v3/toolchain/bin/../lib/gcc/arm-none-eabi/4.8.4/../../../../arm-none-eabi/lib/armv6-m\libg_s.a(lib_a-assert.o)
 .debug_frame   0x000021f0       0x20 c:/freescale/kds_v3/toolchain/bin/../lib/gcc/arm-none-eabi/4.8.4/../../../../arm-none-eabi/lib/armv6-m\libg_s.a(lib_a-errno.o)
 .debug_frame   0x00002210       0x28 c:/freescale/kds_v3/toolchain/bin/../lib/gcc/arm-none-eabi/4.8.4/../../../../arm-none-eabi/lib/armv6-m\libg_s.a(lib_a-exit.o)
 .debug_frame   0x00002238       0x4c c:/freescale/kds_v3/toolchain/bin/../lib/gcc/arm-none-eabi/4.8.4/../../../../arm-none-eabi/lib/armv6-m\libg_s.a(lib_a-fprintf.o)
 .debug_frame   0x00002284       0x2c c:/freescale/kds_v3/toolchain/bin/../lib/gcc/arm-none-eabi/4.8.4/../../../../arm-none-eabi/lib/armv6-m\libg_s.a(lib_a-init.o)
 .debug_frame   0x000022b0       0x20 c:/freescale/kds_v3/toolchain/bin/../lib/gcc/arm-none-eabi/4.8.4/../../../../arm-none-eabi/lib/armv6-m\libg_s.a(lib_a-memset.o)
 .debug_frame   0x000022d0       0x2c c:/freescale/kds_v3/toolchain/bin/../lib/gcc/arm-none-eabi/4.8.4/../../../../arm-none-eabi/lib/armv6-m\libg_s.a(lib_a-nano-freer.o)
 .debug_frame   0x000022fc       0x2c c:/freescale/kds_v3/toolchain/bin/../lib/gcc/arm-none-eabi/4.8.4/../../../../arm-none-eabi/lib/armv6-m\libg_s.a(lib_a-nano-mallocr.o)
 .debug_frame   0x00002328       0x2c c:/freescale/kds_v3/toolchain/bin/../lib/gcc/arm-none-eabi/4.8.4/../../../../arm-none-eabi/lib/armv6-m\libg_s.a(lib_a-sbrkr.o)
 .debug_frame   0x00002354       0x20 c:/freescale/kds_v3/toolchain/bin/../lib/gcc/arm-none-eabi/4.8.4/../../../../arm-none-eabi/lib/armv6-m\libg_s.a(lib_a-strlen.o)
 .debug_frame   0x00002374       0xa0 c:/freescale/kds_v3/toolchain/bin/../lib/gcc/arm-none-eabi/4.8.4/../../../../arm-none-eabi/lib/armv6-m\libg_s.a(lib_a-vfprintf.o)
 .debug_frame   0x00002414       0x54 c:/freescale/kds_v3/toolchain/bin/../lib/gcc/arm-none-eabi/4.8.4/../../../../arm-none-eabi/lib/armv6-m\libg_s.a(lib_a-vfprintf_i.o)
 .debug_frame   0x00002468       0x44 c:/freescale/kds_v3/toolchain/bin/../lib/gcc/arm-none-eabi/4.8.4/../../../../arm-none-eabi/lib/armv6-m\libg_s.a(lib_a-wbuf.o)
 .debug_frame   0x000024ac       0x2c c:/freescale/kds_v3/toolchain/bin/../lib/gcc/arm-none-eabi/4.8.4/../../../../arm-none-eabi/lib/armv6-m\libg_s.a(lib_a-wsetup.o)
 .debug_frame   0x000024d8       0x28 c:/freescale/kds_v3/toolchain/bin/../lib/gcc/arm-none-eabi/4.8.4/../../../../arm-none-eabi/lib/armv6-m\libg_s.a(lib_a-abort.o)
 .debug_frame   0x00002500       0x68 c:/freescale/kds_v3/toolchain/bin/../lib/gcc/arm-none-eabi/4.8.4/../../../../arm-none-eabi/lib/armv6-m\libg_s.a(lib_a-fflush.o)
 .debug_frame   0x00002568      0x148 c:/freescale/kds_v3/toolchain/bin/../lib/gcc/arm-none-eabi/4.8.4/../../../../arm-none-eabi/lib/armv6-m\libg_s.a(lib_a-findfp.o)
 .debug_frame   0x000026b0       0x30 c:/freescale/kds_v3/toolchain/bin/../lib/gcc/arm-none-eabi/4.8.4/../../../../arm-none-eabi/lib/armv6-m\libg_s.a(lib_a-makebuf.o)
 .debug_frame   0x000026e0       0x20 c:/freescale/kds_v3/toolchain/bin/../lib/gcc/arm-none-eabi/4.8.4/../../../../arm-none-eabi/lib/armv6-m\libg_s.a(lib_a-memchr-stub.o)
 .debug_frame   0x00002700       0x48 c:/freescale/kds_v3/toolchain/bin/../lib/gcc/arm-none-eabi/4.8.4/../../../../arm-none-eabi/lib/armv6-m\libg_s.a(lib_a-reent.o)
 .debug_frame   0x00002748       0xe0 c:/freescale/kds_v3/toolchain/bin/../lib/gcc/arm-none-eabi/4.8.4/../../../../arm-none-eabi/lib/armv6-m\libg_s.a(lib_a-signal.o)
 .debug_frame   0x00002828       0x44 c:/freescale/kds_v3/toolchain/bin/../lib/gcc/arm-none-eabi/4.8.4/../../../../arm-none-eabi/lib/armv6-m\libg_s.a(lib_a-signalr.o)
 .debug_frame   0x0000286c       0x90 c:/freescale/kds_v3/toolchain/bin/../lib/gcc/arm-none-eabi/4.8.4/../../../../arm-none-eabi/lib/armv6-m\libg_s.a(lib_a-stdio.o)
 .debug_frame   0x000028fc       0x2c c:/freescale/kds_v3/toolchain/bin/../lib/gcc/arm-none-eabi/4.8.4/../../../../arm-none-eabi/lib/armv6-m\libg_s.a(lib_a-writer.o)
 .debug_frame   0x00002928       0x2c c:/freescale/kds_v3/toolchain/bin/../lib/gcc/arm-none-eabi/4.8.4/../../../../arm-none-eabi/lib/armv6-m\libg_s.a(lib_a-closer.o)
 .debug_frame   0x00002954       0x2c c:/freescale/kds_v3/toolchain/bin/../lib/gcc/arm-none-eabi/4.8.4/../../../../arm-none-eabi/lib/armv6-m\libg_s.a(lib_a-fstatr.o)
 .debug_frame   0x00002980       0x2c c:/freescale/kds_v3/toolchain/bin/../lib/gcc/arm-none-eabi/4.8.4/../../../../arm-none-eabi/lib/armv6-m\libg_s.a(lib_a-isattyr.o)
 .debug_frame   0x000029ac       0x2c c:/freescale/kds_v3/toolchain/bin/../lib/gcc/arm-none-eabi/4.8.4/../../../../arm-none-eabi/lib/armv6-m\libg_s.a(lib_a-lseekr.o)
 .debug_frame   0x000029d8       0x2c c:/freescale/kds_v3/toolchain/bin/../lib/gcc/arm-none-eabi/4.8.4/../../../../arm-none-eabi/lib/armv6-m\libg_s.a(lib_a-readr.o)
 .debug_frame   0x00002a04       0x20 c:/freescale/kds_v3/toolchain/bin/../lib/gcc/arm-none-eabi/4.8.4/../../../../arm-none-eabi/lib/armv6-m\libnosys.a(close.o)
 .debug_frame   0x00002a24       0x20 c:/freescale/kds_v3/toolchain/bin/../lib/gcc/arm-none-eabi/4.8.4/../../../../arm-none-eabi/lib/armv6-m\libnosys.a(fstat.o)
 .debug_frame   0x00002a44       0x20 c:/freescale/kds_v3/toolchain/bin/../lib/gcc/arm-none-eabi/4.8.4/../../../../arm-none-eabi/lib/armv6-m\libnosys.a(getpid.o)
 .debug_frame   0x00002a64       0x20 c:/freescale/kds_v3/toolchain/bin/../lib/gcc/arm-none-eabi/4.8.4/../../../../arm-none-eabi/lib/armv6-m\libnosys.a(isatty.o)
 .debug_frame   0x00002a84       0x20 c:/freescale/kds_v3/toolchain/bin/../lib/gcc/arm-none-eabi/4.8.4/../../../../arm-none-eabi/lib/armv6-m\libnosys.a(kill.o)
 .debug_frame   0x00002aa4       0x20 c:/freescale/kds_v3/toolchain/bin/../lib/gcc/arm-none-eabi/4.8.4/../../../../arm-none-eabi/lib/armv6-m\libnosys.a(lseek.o)
 .debug_frame   0x00002ac4       0x20 c:/freescale/kds_v3/toolchain/bin/../lib/gcc/arm-none-eabi/4.8.4/../../../../arm-none-eabi/lib/armv6-m\libnosys.a(_exit.o)

.stab           0x00000000       0x9c
 .stab          0x00000000       0x24 c:/freescale/kds_v3/toolchain/bin/../lib/gcc/arm-none-eabi/4.8.4/../../../../arm-none-eabi/lib/armv6-m\libnosys.a(close.o)
 .stab          0x00000024       0x18 c:/freescale/kds_v3/toolchain/bin/../lib/gcc/arm-none-eabi/4.8.4/../../../../arm-none-eabi/lib/armv6-m\libnosys.a(fstat.o)
                                 0x24 (size before relaxing)
 .stab          0x0000003c       0x18 c:/freescale/kds_v3/toolchain/bin/../lib/gcc/arm-none-eabi/4.8.4/../../../../arm-none-eabi/lib/armv6-m\libnosys.a(getpid.o)
                                 0x24 (size before relaxing)
 .stab          0x00000054       0x18 c:/freescale/kds_v3/toolchain/bin/../lib/gcc/arm-none-eabi/4.8.4/../../../../arm-none-eabi/lib/armv6-m\libnosys.a(isatty.o)
                                 0x24 (size before relaxing)
 .stab          0x0000006c       0x18 c:/freescale/kds_v3/toolchain/bin/../lib/gcc/arm-none-eabi/4.8.4/../../../../arm-none-eabi/lib/armv6-m\libnosys.a(kill.o)
                                 0x24 (size before relaxing)
 .stab          0x00000084       0x18 c:/freescale/kds_v3/toolchain/bin/../lib/gcc/arm-none-eabi/4.8.4/../../../../arm-none-eabi/lib/armv6-m\libnosys.a(lseek.o)
                                 0x24 (size before relaxing)

.stabstr        0x00000000      0x14f
 .stabstr       0x00000000      0x14f c:/freescale/kds_v3/toolchain/bin/../lib/gcc/arm-none-eabi/4.8.4/../../../../arm-none-eabi/lib/armv6-m\libnosys.a(close.o)
