Archive member included because of file (symbol)

C:/Freescale/KSDK_1.3.0/lib/ksdk_platform_lib/kds/KL46Z4/debug/libksdk_platform.a(fsl_uart_hal.o)
                              ./utilities/fsl_debug_console.o (UART_HAL_SetBaudRate)
C:/Freescale/KSDK_1.3.0/lib/ksdk_platform_lib/kds/KL46Z4/debug/libksdk_platform.a(fsl_lpsci_hal.o)
                              ./utilities/fsl_debug_console.o (LPSCI_HAL_SetBaudRate)
C:/Freescale/KSDK_1.3.0/lib/ksdk_platform_lib/kds/KL46Z4/debug/libksdk_platform.a(fsl_clock_MKL46Z4.o)
                              ./board/board.o (CLOCK_SYS_SetSimConfigration)
C:/Freescale/KSDK_1.3.0/lib/ksdk_platform_lib/kds/KL46Z4/debug/libksdk_platform.a(fsl_clock_manager.o)
                              C:/Freescale/KSDK_1.3.0/lib/ksdk_platform_lib/kds/KL46Z4/debug/libksdk_platform.a(fsl_clock_MKL46Z4.o) (CLOCK_SYS_GetSystickFreq)
C:/Freescale/KSDK_1.3.0/lib/ksdk_platform_lib/kds/KL46Z4/debug/libksdk_platform.a(fsl_clock_manager_common.o)
                              C:/Freescale/KSDK_1.3.0/lib/ksdk_platform_lib/kds/KL46Z4/debug/libksdk_platform.a(fsl_clock_MKL46Z4.o) (g_oscBase)
C:/Freescale/KSDK_1.3.0/lib/ksdk_platform_lib/kds/KL46Z4/debug/libksdk_platform.a(fsl_os_abstraction_bm.o)
                              C:/Freescale/KSDK_1.3.0/lib/ksdk_platform_lib/kds/KL46Z4/debug/libksdk_platform.a(fsl_clock_manager.o) (OSA_EnterCritical)
C:/Freescale/KSDK_1.3.0/lib/ksdk_platform_lib/kds/KL46Z4/debug/libksdk_platform.a(fsl_sim_hal_MKL46Z4.o)
                              C:/Freescale/KSDK_1.3.0/lib/ksdk_platform_lib/kds/KL46Z4/debug/libksdk_platform.a(fsl_clock_MKL46Z4.o) (CLOCK_HAL_SetOutDiv)
C:/Freescale/KSDK_1.3.0/lib/ksdk_platform_lib/kds/KL46Z4/debug/libksdk_platform.a(fsl_osc_hal.o)
                              C:/Freescale/KSDK_1.3.0/lib/ksdk_platform_lib/kds/KL46Z4/debug/libksdk_platform.a(fsl_clock_manager.o) (OSC_HAL_SetCapacitor)
C:/Freescale/KSDK_1.3.0/lib/ksdk_platform_lib/kds/KL46Z4/debug/libksdk_platform.a(fsl_mcg_hal.o)
                              C:/Freescale/KSDK_1.3.0/lib/ksdk_platform_lib/kds/KL46Z4/debug/libksdk_platform.a(fsl_clock_MKL46Z4.o) (g_xtal0ClkFreq)
C:/Freescale/KSDK_1.3.0/lib/ksdk_platform_lib/kds/KL46Z4/debug/libksdk_platform.a(fsl_mcg_hal_modes.o)
                              C:/Freescale/KSDK_1.3.0/lib/ksdk_platform_lib/kds/KL46Z4/debug/libksdk_platform.a(fsl_clock_manager.o) (CLOCK_HAL_GetMcgMode)
C:/Freescale/KSDK_1.3.0/lib/ksdk_platform_lib/kds/KL46Z4/debug/libksdk_platform.a(fsl_lptmr_hal.o)
                              C:/Freescale/KSDK_1.3.0/lib/ksdk_platform_lib/kds/KL46Z4/debug/libksdk_platform.a(fsl_os_abstraction_bm.o) (LPTMR_HAL_SetTimerWorkingMode)
C:/Freescale/KSDK_1.3.0/lib/ksdk_platform_lib/kds/KL46Z4/debug/libksdk_platform.a(fsl_interrupt_manager.o)
                              C:/Freescale/KSDK_1.3.0/lib/ksdk_platform_lib/kds/KL46Z4/debug/libksdk_platform.a(fsl_os_abstraction_bm.o) (INT_SYS_InstallHandler)
c:/freescale/kds_v3/toolchain/bin/../lib/gcc/arm-none-eabi/4.8.4/armv6-m\libgcc.a(_udivsi3.o)
                              ./utilities/print_scan.o (__aeabi_uidiv)
c:/freescale/kds_v3/toolchain/bin/../lib/gcc/arm-none-eabi/4.8.4/armv6-m\libgcc.a(_divsi3.o)
                              ./utilities/print_scan.o (__aeabi_idiv)
c:/freescale/kds_v3/toolchain/bin/../lib/gcc/arm-none-eabi/4.8.4/armv6-m\libgcc.a(_dvmd_tls.o)
                              c:/freescale/kds_v3/toolchain/bin/../lib/gcc/arm-none-eabi/4.8.4/armv6-m\libgcc.a(_udivsi3.o) (__aeabi_idiv0)
c:/freescale/kds_v3/toolchain/bin/../lib/gcc/arm-none-eabi/4.8.4/../../../../arm-none-eabi/lib/armv6-m\libg_s.a(lib_a-assert.o)
                              ./board/board.o (__assert_func)
c:/freescale/kds_v3/toolchain/bin/../lib/gcc/arm-none-eabi/4.8.4/../../../../arm-none-eabi/lib/armv6-m\libg_s.a(lib_a-calloc.o)
                              C:/Freescale/KSDK_1.3.0/lib/ksdk_platform_lib/kds/KL46Z4/debug/libksdk_platform.a(fsl_os_abstraction_bm.o) (calloc)
c:/freescale/kds_v3/toolchain/bin/../lib/gcc/arm-none-eabi/4.8.4/../../../../arm-none-eabi/lib/armv6-m\libg_s.a(lib_a-errno.o)
                              ./utilities/fsl_misc_utilities.o (__errno)
c:/freescale/kds_v3/toolchain/bin/../lib/gcc/arm-none-eabi/4.8.4/../../../../arm-none-eabi/lib/armv6-m\libg_s.a(lib_a-exit.o)
                              c:/freescale/kds_v3/toolchain/bin/../lib/gcc/arm-none-eabi/4.8.4/../../../../arm-none-eabi/lib/armv6-m/crt0.o (exit)
c:/freescale/kds_v3/toolchain/bin/../lib/gcc/arm-none-eabi/4.8.4/../../../../arm-none-eabi/lib/armv6-m\libg_s.a(lib_a-fprintf.o)
                              c:/freescale/kds_v3/toolchain/bin/../lib/gcc/arm-none-eabi/4.8.4/../../../../arm-none-eabi/lib/armv6-m\libg_s.a(lib_a-assert.o) (fiprintf)
c:/freescale/kds_v3/toolchain/bin/../lib/gcc/arm-none-eabi/4.8.4/../../../../arm-none-eabi/lib/armv6-m\libg_s.a(lib_a-impure.o)
[...]
Memory Configuration

Name             Origin             Length             Attributes
m_interrupts     0x00000000         0x00000100         xr
m_flash_config   0x00000400         0x00000010         xr
m_text           0x00000410         0x0003fbf0         xr
m_data           0x1fffe000         0x00008000         rw
*default*        0x00000000         0xffffffff

Linker script and memory map

LOAD c:/freescale/kds_v3/toolchain/bin/../lib/gcc/arm-none-eabi/4.8.4/armv6-m/crti.o
LOAD c:/freescale/kds_v3/toolchain/bin/../lib/gcc/arm-none-eabi/4.8.4/armv6-m/crtbegin.o
LOAD c:/freescale/kds_v3/toolchain/bin/../lib/gcc/arm-none-eabi/4.8.4/../../../../arm-none-eabi/lib/armv6-m/crt0.o
LOAD ./utilities/fsl_debug_console.o
LOAD ./utilities/fsl_misc_utilities.o
LOAD ./utilities/print_scan.o
LOAD ./board/board.o
LOAD ./board/gpio_pins.o
LOAD ./board/hardware_init.o
LOAD ./board/pin_mux.o
LOAD ./Sources/main.o
LOAD ./Project_Settings/Startup_Code/startup.o
LOAD ./Project_Settings/Startup_Code/startup_MKL46Z4.o
LOAD ./Project_Settings/Startup_Code/system_MKL46Z4.o
LOAD C:/Freescale/KSDK_1.3.0/lib/ksdk_platform_lib/kds/KL46Z4/debug/libksdk_platform.a
LOAD c:/freescale/kds_v3/toolchain/bin/../lib/gcc/arm-none-eabi/4.8.4/../../../../arm-none-eabi/lib/armv6-m\libstdc++_s.a
LOAD c:/freescale/kds_v3/toolchain/bin/../lib/gcc/arm-none-eabi/4.8.4/../../../../arm-none-eabi/lib/armv6-m\libm.a
START GROUP
LOAD c:/freescale/kds_v3/toolchain/bin/../lib/gcc/arm-none-eabi/4.8.4/armv6-m\libgcc.a
LOAD c:/freescale/kds_v3/toolchain/bin/../lib/gcc/arm-none-eabi/4.8.4/../../../../arm-none-eabi/lib/armv6-m\libg_s.a
LOAD c:/freescale/kds_v3/toolchain/bin/../lib/gcc/arm-none-eabi/4.8.4/../../../../arm-none-eabi/lib/armv6-m\libc_s.a
END GROUP
START GROUP
LOAD c:/freescale/kds_v3/toolchain/bin/../lib/gcc/arm-none-eabi/4.8.4/armv6-m\libgcc.a
LOAD c:/freescale/kds_v3/toolchain/bin/../lib/gcc/arm-none-eabi/4.8.4/../../../../arm-none-eabi/lib/armv6-m\libc_s.a
LOAD c:/freescale/kds_v3/toolchain/bin/../lib/gcc/arm-none-eabi/4.8.4/../../../../arm-none-eabi/lib/armv6-m\libnosys.a
END GROUP
START GROUP
LOAD c:/freescale/kds_v3/toolchain/bin/../lib/gcc/arm-none-eabi/4.8.4/armv6-m\libgcc.a
LOAD c:/freescale/kds_v3/toolchain/bin/../lib/gcc/arm-none-eabi/4.8.4/../../../../arm-none-eabi/lib/armv6-m\libc_s.a
LOAD c:/freescale/kds_v3/toolchain/bin/../lib/gcc/arm-none-eabi/4.8.4/../../../../arm-none-eabi/lib/armv6-m\libnosys.a
END GROUP
LOAD c:/freescale/kds_v3/toolchain/bin/../lib/gcc/arm-none-eabi/4.8.4/armv6-m/crtend.o
LOAD c:/freescale/kds_v3/toolchain/bin/../lib/gcc/arm-none-eabi/4.8.4/armv6-m/crtn.o
                0x00000400                HEAP_SIZE = DEFINED (__heap_size__)?__heap_size__:0x400
                0x00000400                STACK_SIZE = DEFINED (__stack_size__)?__stack_size__:0x400
                0x00000000                M_VECTOR_RAM_SIZE = DEFINED (__ram_vector_table__)?0x100:0x0

.interrupts     0x00000000       0xc0
                0x00000000                __VECTOR_TABLE = .
                0x00000000                . = ALIGN (0x4)
 *(.isr_vector)
 .isr_vector    0x00000000       0xc0 ./Project_Settings/Startup_Code/startup_MKL46Z4.o
                0x00000000                __isr_vector
                0x000000c0                . = ALIGN (0x4)

.flash_config   0x00000400       0x10
                0x00000400                . = ALIGN (0x4)
 *(.FlashConfig)
 .FlashConfig   0x00000400       0x10 ./Project_Settings/Startup_Code/startup_MKL46Z4.o
                0x00000410                . = ALIGN (0x4)

.text           0x00000410     0x3f90
                0x00000410                . = ALIGN (0x4)
 *(.text)
 .text          0x00000410       0x60 c:/freescale/kds_v3/toolchain/bin/../lib/gcc/arm-none-eabi/4.8.4/armv6-m/crtbegin.o
 .text          0x00000470       0x78 c:/freescale/kds_v3/toolchain/bin/../lib/gcc/arm-none-eabi/4.8.4/../../../../arm-none-eabi/lib/armv6-m/crt0.o
                0x00000470                _start
                0x00000470                _mainCRTStartup
 .text          0x000004e8       0x18 ./Project_Settings/Startup_Code/startup_MKL46Z4.o
                0x000004e8                Reset_Handler
                0x000004f8                HardFault_Handler
                0x000004f8                SysTick_Handler
                0x000004f8                PendSV_Handler
                0x000004f8                NMI_Handler
                0x000004f8                PORTC_PORTD_IRQHandler
                0x000004f8                I2C1_IRQHandler
                0x000004f8                UART1_IRQHandler
                0x000004f8                DMA2_IRQHandler
                0x000004f8                TPM0_IRQHandler
                0x000004f8                I2S0_IRQHandler
                0x000004f8                LLWU_IRQHandler
                0x000004f8                TSI0_IRQHandler
                0x000004f8                UART0_IRQHandler
                0x000004f8                ADC0_IRQHandler
                0x000004f8                SPI1_IRQHandler
                0x000004f8                DefaultISR
                0x000004f8                TPM2_IRQHandler
                0x000004f8                RTC_IRQHandler
                0x000004f8                I2C0_IRQHandler
                0x000004f8                LCD_IRQHandler
                0x000004f8                RTC_Seconds_IRQHandler
                0x000004f8                MCG_IRQHandler
                0x000004f8                UART2_IRQHandler
                0x000004f8                Reserved20_IRQHandler
                0x000004f8                USB0_IRQHandler
                0x000004f8                PIT_IRQHandler
                0x000004f8                SVC_Handler
                0x000004f8                DMA3_IRQHandler
                0x000004f8                DMA0_IRQHandler
                0x000004f8                DAC0_IRQHandler
                0x000004f8                TPM1_IRQHandler
                0x000004f8                LVD_LVW_IRQHandler
                0x000004f8                SPI0_IRQHandler
                0x000004f8                PORTA_IRQHandler
                0x000004f8                FTFA_IRQHandler
                0x000004f8                LPTMR0_IRQHandler
                0x000004f8                CMP0_IRQHandler
                0x000004f8                DMA1_IRQHandler
 .text          0x00000500       0x9c c:/freescale/kds_v3/toolchain/bin/../lib/gcc/arm-none-eabi/4.8.4/armv6-m\libgcc.a(_udivsi3.o)
                0x00000500                __aeabi_uidiv
                0x00000500                __udivsi3
                0x00000588                __aeabi_uidivmod
 .text          0x0000059c       0xc0 c:/freescale/kds_v3/toolchain/bin/../lib/gcc/arm-none-eabi/4.8.4/armv6-m\libgcc.a(_divsi3.o)
                0x0000059c                __divsi3
                0x0000059c                __aeabi_idiv
                0x00000648                __aeabi_idivmod
 .text          0x0000065c        0x4 c:/freescale/kds_v3/toolchain/bin/../lib/gcc/arm-none-eabi/4.8.4/armv6-m\libgcc.a(_dvmd_tls.o)
                0x0000065c                __aeabi_idiv0
                0x0000065c                __aeabi_ldiv0
 *(.text*)
 .text.UART_HAL_EnableTransmitter
                0x00000660       0x1c ./utilities/fsl_debug_console.o
 .text.UART_HAL_EnableReceiver
                0x0000067c       0x1c ./utilities/fsl_debug_console.o
 .text.UART_HAL_SetBitCountPerChar
                0x00000698       0x28 ./utilities/fsl_debug_console.o
 .text.UART_HAL_SetStopBitCount
                0x000006c0       0x28 ./utilities/fsl_debug_console.o
 .text.LPSCI_HAL_EnableTransmitter
                0x000006e8       0x1c ./utilities/fsl_debug_console.o
 .text.LPSCI_HAL_EnableReceiver
                0x00000704       0x1c ./utilities/fsl_debug_console.o
 .text.LPSCI_HAL_SetBitCountPerChar
                0x00000720       0x28 ./utilities/fsl_debug_console.o
 .text.LPSCI_HAL_SetStopBitCount
                0x00000748       0x28 ./utilities/fsl_debug_console.o
 .text.DbgConsole_Init
                0x00000770      0x160 ./utilities/fsl_debug_console.o
                0x00000770                DbgConsole_Init
 .text._write   0x000008d0       0x5c ./utilities/fsl_debug_console.o
                0x000008d0                _write
 .text._read    0x0000092c       0x48 ./utilities/fsl_debug_console.o
                0x0000092c                _read
 .text.debug_printf
                0x00000974       0x4c ./utilities/fsl_debug_console.o
                0x00000974                debug_printf
 .text.debug_putc
                0x000009c0       0x44 ./utilities/fsl_debug_console.o
 .text._sbrk    0x00000a04       0x5c ./utilities/fsl_misc_utilities.o
                0x00000a04                _sbrk
 .text._doprint
                0x00000a60      0x6e4 ./utilities/print_scan.o
                0x00000a60                _doprint
 .text.mknumstr
                0x00001144      0x110 ./utilities/print_scan.o
 .text.fput_pad
                0x00001254       0x44 ./utilities/print_scan.o
 .text.PORT_HAL_SetMuxMode
                0x00001298       0x4c ./board/board.o
 .text.CLOCK_HAL_SetLpsciSrc
                0x000012e4       0x30 ./board/board.o
 .text.CLOCK_SYS_SetLpsciSrc
                0x00001314       0x2c ./board/board.o
 .text.SMC_HAL_SetProtection
                0x00001340       0x1c ./board/board.o
 .text.BOARD_InitOsc0
                0x0000135c       0x40 ./board/board.o
                0x0000135c                BOARD_InitOsc0
 .text.CLOCK_SetBootConfig
                0x0000139c       0x3c ./board/board.o
 .text.BOARD_ClockInit
                0x000013d8       0x44 ./board/board.o
                0x000013d8                BOARD_ClockInit
 .text.dbg_uart_init
                0x0000141c       0x24 ./board/board.o
                0x0000141c                dbg_uart_init
 .text.hardware_init
                0x00001440       0x24 ./board/hardware_init.o
                0x00001440                hardware_init
 .text.PORT_HAL_SetMuxMode
                0x00001464       0x4c ./board/pin_mux.o
 .text.configure_lpsci_pins
                0x000014b0       0x34 ./board/pin_mux.o
                0x000014b0                configure_lpsci_pins
 .text.delay    0x000014e4       0x98 ./Sources/main.o
                0x000014e4                delay
 .text.printMoorseChar
                0x0000157c       0xb4 ./Sources/main.o
                0x0000157c                printMoorseChar
 .text.main     0x00001630      0x2e0 ./Sources/main.o
                0x00001630                main
 .text.init_data_bss
                0x00001910       0xc8 ./Project_Settings/Startup_Code/startup.o
                0x00001910                init_data_bss
 .text.SystemInit
                0x000019d8       0x18 ./Project_Settings/Startup_Code/system_MKL46Z4.o
                0x000019d8                SystemInit
 .text.UART_HAL_SetBaudRate
                0x000019f0       0x6c C:/Freescale/KSDK_1.3.0/lib/ksdk_platform_lib/kds/KL46Z4/debug/libksdk_platform.a(fsl_uart_hal.o)
                0x000019f0                UART_HAL_SetBaudRate
 .text.UART_HAL_SetParityMode
                0x00001a5c       0x40 C:/Freescale/KSDK_1.3.0/lib/ksdk_platform_lib/kds/KL46Z4/debug/libksdk_platform.a(fsl_uart_hal.o)
                0x00001a5c                UART_HAL_SetParityMode
 .text.UART_HAL_Putchar
                0x00001a9c       0x34 C:/Freescale/KSDK_1.3.0/lib/ksdk_platform_lib/kds/KL46Z4/debug/libksdk_platform.a(fsl_uart_hal.o)
                0x00001a9c                UART_HAL_Putchar
 .text.UART_HAL_Getchar
                0x00001ad0       0x34 C:/Freescale/KSDK_1.3.0/lib/ksdk_platform_lib/kds/KL46Z4/debug/libksdk_platform.a(fsl_uart_hal.o)
                0x00001ad0                UART_HAL_Getchar
 .text.UART_HAL_SendDataPolling
                0x00001b04       0x44 C:/Freescale/KSDK_1.3.0/lib/ksdk_platform_lib/kds/KL46Z4/debug/libksdk_platform.a(fsl_uart_hal.o)
                0x00001b04                UART_HAL_SendDataPolling
 .text.UART_HAL_ReceiveDataPolling
                0x00001b48       0xa4 C:/Freescale/KSDK_1.3.0/lib/ksdk_platform_lib/kds/KL46Z4/debug/libksdk_platform.a(fsl_uart_hal.o)
                0x00001b48                UART_HAL_ReceiveDataPolling
 .text.LPSCI_HAL_Putchar
                0x00001bec       0x1c C:/Freescale/KSDK_1.3.0/lib/ksdk_platform_lib/kds/KL46Z4/debug/libksdk_platform.a(fsl_lpsci_hal.o)
 .text.LPSCI_HAL_Getchar
                0x00001c08       0x1c C:/Freescale/KSDK_1.3.0/lib/ksdk_platform_lib/kds/KL46Z4/debug/libksdk_platform.a(fsl_lpsci_hal.o)
 .text.LPSCI_HAL_SetBaudRate
                0x00001c24      0x14c C:/Freescale/KSDK_1.3.0/lib/ksdk_platform_lib/kds/KL46Z4/debug/libksdk_platform.a(fsl_lpsci_hal.o)
                0x00001c24                LPSCI_HAL_SetBaudRate
 .text.LPSCI_HAL_SetParityMode
                0x00001d70       0x40 C:/Freescale/KSDK_1.3.0/lib/ksdk_platform_lib/kds/KL46Z4/debug/libksdk_platform.a(fsl_lpsci_hal.o)
                0x00001d70                LPSCI_HAL_SetParityMode
 .text.LPSCI_HAL_SendDataPolling
                0x00001db0       0x44 C:/Freescale/KSDK_1.3.0/lib/ksdk_platform_lib/kds/KL46Z4/debug/libksdk_platform.a(fsl_lpsci_hal.o)
                0x00001db0                LPSCI_HAL_SendDataPolling
 .text.LPSCI_HAL_ReceiveDataPolling
                0x00001df4       0x88 C:/Freescale/KSDK_1.3.0/lib/ksdk_platform_lib/kds/KL46Z4/debug/libksdk_platform.a(fsl_lpsci_hal.o)
                0x00001df4                LPSCI_HAL_ReceiveDataPolling
 .text.SIM_HAL_EnableClock
                0x00001e7c       0x58 C:/Freescale/KSDK_1.3.0/lib/ksdk_platform_lib/kds/KL46Z4/debug/libksdk_platform.a(fsl_clock_MKL46Z4.o)
 .text.CLOCK_HAL_GetLpsciSrc
                0x00001ed4       0x28 C:/Freescale/KSDK_1.3.0/lib/ksdk_platform_lib/kds/KL46Z4/debug/libksdk_platform.a(fsl_clock_MKL46Z4.o)
 .text.CLOCK_HAL_SetExternalRefClock32kSrc
                0x00001efc       0x28 C:/Freescale/KSDK_1.3.0/lib/ksdk_platform_lib/kds/KL46Z4/debug/libksdk_platform.a(fsl_clock_MKL46Z4.o)
 .text.CLOCK_HAL_SetPllfllSel
                0x00001f24       0x2c C:/Freescale/KSDK_1.3.0/lib/ksdk_platform_lib/kds/KL46Z4/debug/libksdk_platform.a(fsl_clock_MKL46Z4.o)
 .text.CLOCK_HAL_GetPllfllSel
                0x00001f50       0x24 C:/Freescale/KSDK_1.3.0/lib/ksdk_platform_lib/kds/KL46Z4/debug/libksdk_platform.a(fsl_clock_MKL46Z4.o)
 .text.CLOCK_HAL_GetOutDiv1
                0x00001f74       0x28 C:/Freescale/KSDK_1.3.0/lib/ksdk_platform_lib/kds/KL46Z4/debug/libksdk_platform.a(fsl_clock_MKL46Z4.o)
 .text.CLOCK_HAL_GetOutDiv4
                0x00001f9c       0x28 C:/Freescale/KSDK_1.3.0/lib/ksdk_platform_lib/kds/KL46Z4/debug/libksdk_platform.a(fsl_clock_MKL46Z4.o)
 .text.OSC_HAL_GetExternalRefClkCmd
                0x00001fc4       0x24 C:/Freescale/KSDK_1.3.0/lib/ksdk_platform_lib/kds/KL46Z4/debug/libksdk_platform.a(fsl_clock_MKL46Z4.o)
 .text.CLOCK_SYS_SetSimConfigration
                0x00001fe8       0x48 C:/Freescale/KSDK_1.3.0/lib/ksdk_platform_lib/kds/KL46Z4/debug/libksdk_platform.a(fsl_clock_MKL46Z4.o)
                0x00001fe8                CLOCK_SYS_SetSimConfigration
 .text.CLOCK_SYS_GetSystemClockFreq
                0x00002030       0x34 C:/Freescale/KSDK_1.3.0/lib/ksdk_platform_lib/kds/KL46Z4/debug/libksdk_platform.a(fsl_clock_MKL46Z4.o)
                0x00002030                CLOCK_SYS_GetSystemClockFreq
 .text.CLOCK_SYS_GetBusClockFreq
                0x00002064       0x2c C:/Freescale/KSDK_1.3.0/lib/ksdk_platform_lib/kds/KL46Z4/debug/libksdk_platform.a(fsl_clock_MKL46Z4.o)
                0x00002064                CLOCK_SYS_GetBusClockFreq
 .text.CLOCK_SYS_GetPllFllClockFreq
                0x00002090       0x5c C:/Freescale/KSDK_1.3.0/lib/ksdk_platform_lib/kds/KL46Z4/debug/libksdk_platform.a(fsl_clock_MKL46Z4.o)
                0x00002090                CLOCK_SYS_GetPllFllClockFreq
 .text.CLOCK_SYS_GetOsc0ExternalRefClockFreq
                0x000020ec       0x2c C:/Freescale/KSDK_1.3.0/lib/ksdk_platform_lib/kds/KL46Z4/debug/libksdk_platform.a(fsl_clock_MKL46Z4.o)
                0x000020ec                CLOCK_SYS_GetOsc0ExternalRefClockFreq
 .text.CLOCK_SYS_GetLpsciFreq
                0x00002118       0x68 C:/Freescale/KSDK_1.3.0/lib/ksdk_platform_lib/kds/KL46Z4/debug/libksdk_platform.a(fsl_clock_MKL46Z4.o)
                0x00002118                CLOCK_SYS_GetLpsciFreq
 .text.CLOCK_SYS_GetUartFreq
                0x00002180       0x2c C:/Freescale/KSDK_1.3.0/lib/ksdk_platform_lib/kds/KL46Z4/debug/libksdk_platform.a(fsl_clock_MKL46Z4.o)
                0x00002180                CLOCK_SYS_GetUartFreq
 .text.CLOCK_SYS_EnablePortClock
                0x000021ac       0x4c C:/Freescale/KSDK_1.3.0/lib/ksdk_platform_lib/kds/KL46Z4/debug/libksdk_platform.a(fsl_clock_MKL46Z4.o)
                0x000021ac                CLOCK_SYS_EnablePortClock
 .text.CLOCK_SYS_EnableLpsciClock
                0x000021f8       0x40 C:/Freescale/KSDK_1.3.0/lib/ksdk_platform_lib/kds/KL46Z4/debug/libksdk_platform.a(fsl_clock_MKL46Z4.o)
                0x000021f8                CLOCK_SYS_EnableLpsciClock
 .text.CLOCK_SYS_EnableUartClock
                0x00002238       0x4c C:/Freescale/KSDK_1.3.0/lib/ksdk_platform_lib/kds/KL46Z4/debug/libksdk_platform.a(fsl_clock_MKL46Z4.o)
                0x00002238                CLOCK_SYS_EnableUartClock
 .text.CLOCK_HAL_SetClkOutSrc
                0x00002284       0x28 C:/Freescale/KSDK_1.3.0/lib/ksdk_platform_lib/kds/KL46Z4/debug/libksdk_platform.a(fsl_clock_manager.o)
 .text.CLOCK_HAL_SetClksFrdivIrefs
                0x000022ac       0x60 C:/Freescale/KSDK_1.3.0/lib/ksdk_platform_lib/kds/KL46Z4/debug/libksdk_platform.a(fsl_clock_manager.o)
 .text.CLOCK_HAL_GetClkOutStat
                0x0000230c       0x20 C:/Freescale/KSDK_1.3.0/lib/ksdk_platform_lib/kds/KL46Z4/debug/libksdk_platform.a(fsl_clock_manager.o)
 .text.CLOCK_HAL_GetFllSrc
                0x0000232c       0x20 C:/Freescale/KSDK_1.3.0/lib/ksdk_platform_lib/kds/KL46Z4/debug/libksdk_platform.a(fsl_clock_manager.o)
 .text.CLOCK_HAL_IsOsc0Stable
                0x0000234c       0x24 C:/Freescale/KSDK_1.3.0/lib/ksdk_platform_lib/kds/KL46Z4/debug/libksdk_platform.a(fsl_clock_manager.o)
 .text.OSC_HAL_SetExternalRefClkCmd
                0x00002370       0x28 C:/Freescale/KSDK_1.3.0/lib/ksdk_platform_lib/kds/KL46Z4/debug/libksdk_platform.a(fsl_clock_manager.o)
 .text.OSC_HAL_SetExternalRefClkInStopModeCmd
                0x00002398       0x28 C:/Freescale/KSDK_1.3.0/lib/ksdk_platform_lib/kds/KL46Z4/debug/libksdk_platform.a(fsl_clock_manager.o)
 .text.CLOCK_SYS_BootToPee
                0x000023c0       0xd0 C:/Freescale/KSDK_1.3.0/lib/ksdk_platform_lib/kds/KL46Z4/debug/libksdk_platform.a(fsl_clock_manager.o)
                0x000023c0                CLOCK_SYS_BootToPee
 .text.CLOCK_SYS_OscInit
                0x00002490       0xf0 C:/Freescale/KSDK_1.3.0/lib/ksdk_platform_lib/kds/KL46Z4/debug/libksdk_platform.a(fsl_clock_manager.o)
                0x00002490                CLOCK_SYS_OscInit
 .text.CLOCK_SYS_SetOscerConfigration
                0x00002580       0x3c C:/Freescale/KSDK_1.3.0/lib/ksdk_platform_lib/kds/KL46Z4/debug/libksdk_platform.a(fsl_clock_manager.o)
                0x00002580                CLOCK_SYS_SetOscerConfigration
 .text.CLOCK_HAL_SetOutDiv
                0x000025bc       0x50 C:/Freescale/KSDK_1.3.0/lib/ksdk_platform_lib/kds/KL46Z4/debug/libksdk_platform.a(fsl_sim_hal_MKL46Z4.o)
                0x000025bc                CLOCK_HAL_SetOutDiv
 .text.OSC_HAL_SetCapacitor
                0x0000260c       0x28 C:/Freescale/KSDK_1.3.0/lib/ksdk_platform_lib/kds/KL46Z4/debug/libksdk_platform.a(fsl_osc_hal.o)
                0x0000260c                OSC_HAL_SetCapacitor
 .text.CLOCK_HAL_GetClkOutStat
                0x00002634       0x20 C:/Freescale/KSDK_1.3.0/lib/ksdk_platform_lib/kds/KL46Z4/debug/libksdk_platform.a(fsl_mcg_hal.o)
 .text.CLOCK_HAL_SetInternalRefClkMode
                0x00002654       0x24 C:/Freescale/KSDK_1.3.0/lib/ksdk_platform_lib/kds/KL46Z4/debug/libksdk_platform.a(fsl_mcg_hal.o)
 .text.CLOCK_HAL_GetInternalRefClkMode
                0x00002678       0x20 C:/Freescale/KSDK_1.3.0/lib/ksdk_platform_lib/kds/KL46Z4/debug/libksdk_platform.a(fsl_mcg_hal.o)
 .text.CLOCK_HAL_IsPllSelected
                0x00002698       0x24 C:/Freescale/KSDK_1.3.0/lib/ksdk_platform_lib/kds/KL46Z4/debug/libksdk_platform.a(fsl_mcg_hal.o)
 .text.CLOCK_HAL_IsOsc0Stable
                0x000026bc       0x24 C:/Freescale/KSDK_1.3.0/lib/ksdk_platform_lib/kds/KL46Z4/debug/libksdk_platform.a(fsl_mcg_hal.o)
 .text.CLOCK_HAL_PrepareOsc
                0x000026e0       0x3c C:/Freescale/KSDK_1.3.0/lib/ksdk_platform_lib/kds/KL46Z4/debug/libksdk_platform.a(fsl_mcg_hal.o)
                0x000026e0                CLOCK_HAL_PrepareOsc
 .text.CLOCK_HAL_GetMcgExternalClkFreq
                0x0000271c       0x18 C:/Freescale/KSDK_1.3.0/lib/ksdk_platform_lib/kds/KL46Z4/debug/libksdk_platform.a(fsl_mcg_hal.o)
 .text.CLOCK_HAL_TestFllExternalRefFreq
                0x00002734       0x7c C:/Freescale/KSDK_1.3.0/lib/ksdk_platform_lib/kds/KL46Z4/debug/libksdk_platform.a(fsl_mcg_hal.o)
                0x00002734                CLOCK_HAL_TestFllExternalRefFreq
 .text.CLOCK_HAL_GetFllRefClk
                0x000027b0       0x8c C:/Freescale/KSDK_1.3.0/lib/ksdk_platform_lib/kds/KL46Z4/debug/libksdk_platform.a(fsl_mcg_hal.o)
                0x000027b0                CLOCK_HAL_GetFllRefClk
 .text.CLOCK_HAL_TestFllFreq
                0x0000283c       0x6c C:/Freescale/KSDK_1.3.0/lib/ksdk_platform_lib/kds/KL46Z4/debug/libksdk_platform.a(fsl_mcg_hal.o)
                0x0000283c                CLOCK_HAL_TestFllFreq
 .text.CLOCK_HAL_GetFllClk
                0x000028a8       0x7c C:/Freescale/KSDK_1.3.0/lib/ksdk_platform_lib/kds/KL46Z4/debug/libksdk_platform.a(fsl_mcg_hal.o)
                0x000028a8                CLOCK_HAL_GetFllClk
 .text.CLOCK_HAL_UpdateFastClkInternalRefDiv
                0x00002924       0xb8 C:/Freescale/KSDK_1.3.0/lib/ksdk_platform_lib/kds/KL46Z4/debug/libksdk_platform.a(fsl_mcg_hal.o)
                0x00002924                CLOCK_HAL_UpdateFastClkInternalRefDiv
 .text.CLOCK_HAL_UpdateInternalRefClk
                0x000029dc       0x8c C:/Freescale/KSDK_1.3.0/lib/ksdk_platform_lib/kds/KL46Z4/debug/libksdk_platform.a(fsl_mcg_hal.o)
                0x000029dc                CLOCK_HAL_UpdateInternalRefClk
 .text.CLOCK_HAL_GetPll0RefFreq
                0x00002a68       0x1c C:/Freescale/KSDK_1.3.0/lib/ksdk_platform_lib/kds/KL46Z4/debug/libksdk_platform.a(fsl_mcg_hal.o)
                0x00002a68                CLOCK_HAL_GetPll0RefFreq
 .text.CLOCK_HAL_GetPll0Clk
                0x00002a84       0x90 C:/Freescale/KSDK_1.3.0/lib/ksdk_platform_lib/kds/KL46Z4/debug/libksdk_platform.a(fsl_mcg_hal.o)
                0x00002a84                CLOCK_HAL_GetPll0Clk
 .text.CLOCK_HAL_GetInternalRefClk
                0x00002b14       0x64 C:/Freescale/KSDK_1.3.0/lib/ksdk_platform_lib/kds/KL46Z4/debug/libksdk_platform.a(fsl_mcg_hal.o)
                0x00002b14                CLOCK_HAL_GetInternalRefClk
 .text.CLOCK_HAL_GetOutClk
                0x00002b78       0x7c C:/Freescale/KSDK_1.3.0/lib/ksdk_platform_lib/kds/KL46Z4/debug/libksdk_platform.a(fsl_mcg_hal.o)
                0x00002b78                CLOCK_HAL_GetOutClk
 .text.CLOCK_HAL_SetOsc0Mode
                0x00002bf4       0x68 C:/Freescale/KSDK_1.3.0/lib/ksdk_platform_lib/kds/KL46Z4/debug/libksdk_platform.a(fsl_mcg_hal.o)
                0x00002bf4                CLOCK_HAL_SetOsc0Mode
 .text.CLOCK_HAL_GetClkOutStat
                0x00002c5c       0x20 C:/Freescale/KSDK_1.3.0/lib/ksdk_platform_lib/kds/KL46Z4/debug/libksdk_platform.a(fsl_mcg_hal_modes.o)
 .text.CLOCK_HAL_SetPll0EnableCmd
                0x00002c7c       0x28 C:/Freescale/KSDK_1.3.0/lib/ksdk_platform_lib/kds/KL46Z4/debug/libksdk_platform.a(fsl_mcg_hal_modes.o)
 .text.CLOCK_HAL_IsPll0Locked
                0x00002ca4       0x24 C:/Freescale/KSDK_1.3.0/lib/ksdk_platform_lib/kds/KL46Z4/debug/libksdk_platform.a(fsl_mcg_hal_modes.o)
 .text.CLOCK_HAL_IsPllSelected
                0x00002cc8       0x24 C:/Freescale/KSDK_1.3.0/lib/ksdk_platform_lib/kds/KL46Z4/debug/libksdk_platform.a(fsl_mcg_hal_modes.o)
 .text.CLOCK_HAL_SetPbeMode
                0x00002cec      0x100 C:/Freescale/KSDK_1.3.0/lib/ksdk_platform_lib/kds/KL46Z4/debug/libksdk_platform.a(fsl_mcg_hal_modes.o)
                0x00002cec                CLOCK_HAL_SetPbeMode
 .text.__assert_func
                0x00002dec       0x3c c:/freescale/kds_v3/toolchain/bin/../lib/gcc/arm-none-eabi/4.8.4/../../../../arm-none-eabi/lib/armv6-m\libg_s.a(lib_a-assert.o)
                0x00002dec                __assert_func
 .text.__errno  0x00002e28        0xc c:/freescale/kds_v3/toolchain/bin/../lib/gcc/arm-none-eabi/4.8.4/../../../../arm-none-eabi/lib/armv6-m\libg_s.a(lib_a-errno.o)
                0x00002e28                __errno
 .text.exit     0x00002e34       0x2c c:/freescale/kds_v3/toolchain/bin/../lib/gcc/arm-none-eabi/4.8.4/../../../../arm-none-eabi/lib/armv6-m\libg_s.a(lib_a-exit.o)
                0x00002e34                exit
 .text.fprintf  0x00002e60       0x24 c:/freescale/kds_v3/toolchain/bin/../lib/gcc/arm-none-eabi/4.8.4/../../../../arm-none-eabi/lib/armv6-m\libg_s.a(lib_a-fprintf.o)
                0x00002e60                fiprintf
                0x00002e60                fprintf
 .text.__libc_init_array
                0x00002e84       0x4c c:/freescale/kds_v3/toolchain/bin/../lib/gcc/arm-none-eabi/4.8.4/../../../../arm-none-eabi/lib/armv6-m\libg_s.a(lib_a-init.o)
                0x00002e84                __libc_init_array
 .text.memset   0x00002ed0       0x10 c:/freescale/kds_v3/toolchain/bin/../lib/gcc/arm-none-eabi/4.8.4/../../../../arm-none-eabi/lib/armv6-m\libg_s.a(lib_a-memset.o)
                0x00002ed0                memset
 .text._free_r  0x00002ee0       0x90 c:/freescale/kds_v3/toolchain/bin/../lib/gcc/arm-none-eabi/4.8.4/../../../../arm-none-eabi/lib/armv6-m\libg_s.a(lib_a-nano-freer.o)
                0x00002ee0                _free_r
 .text._malloc_r
                0x00002f70       0xa8 c:/freescale/kds_v3/toolchain/bin/../lib/gcc/arm-none-eabi/4.8.4/../../../../arm-none-eabi/lib/armv6-m\libg_s.a(lib_a-nano-mallocr.o)
                0x00002f70                _malloc_r
 .text._sbrk_r  0x00003018       0x24 c:/freescale/kds_v3/toolchain/bin/../lib/gcc/arm-none-eabi/4.8.4/../../../../arm-none-eabi/lib/armv6-m\libg_s.a(lib_a-sbrkr.o)
                0x00003018                _sbrk_r
 .text.strlen   0x0000303c        0xe c:/freescale/kds_v3/toolchain/bin/../lib/gcc/arm-none-eabi/4.8.4/../../../../arm-none-eabi/lib/armv6-m\libg_s.a(lib_a-strlen.o)
                0x0000303c                strlen
 .text.__sfputc_r
                0x0000304a       0x2a c:/freescale/kds_v3/toolchain/bin/../lib/gcc/arm-none-eabi/4.8.4/../../../../arm-none-eabi/lib/armv6-m\libg_s.a(lib_a-vfprintf.o)
 .text.__sfputs_r
                0x00003074       0x24 c:/freescale/kds_v3/toolchain/bin/../lib/gcc/arm-none-eabi/4.8.4/../../../../arm-none-eabi/lib/armv6-m\libg_s.a(lib_a-vfprintf.o)
                0x00003074                __sfputs_r
 .text._vfprintf_r
                0x00003098      0x210 c:/freescale/kds_v3/toolchain/bin/../lib/gcc/arm-none-eabi/4.8.4/../../../../arm-none-eabi/lib/armv6-m\libg_s.a(lib_a-vfprintf.o)
                0x00003098                _vfprintf_r
                0x00003098                _vfiprintf_r
 .text._printf_common
                0x000032a8       0xe8 c:/freescale/kds_v3/toolchain/bin/../lib/gcc/arm-none-eabi/4.8.4/../../../../arm-none-eabi/lib/armv6-m\libg_s.a(lib_a-vfprintf_i.o)
                0x000032a8                _printf_common
 .text._printf_i
                0x00003390      0x22c c:/freescale/kds_v3/toolchain/bin/../lib/gcc/arm-none-eabi/4.8.4/../../../../arm-none-eabi/lib/armv6-m\libg_s.a(lib_a-vfprintf_i.o)
                0x00003390                _printf_i
 .text.__swbuf_r
                0x000035bc       0xb0 c:/freescale/kds_v3/toolchain/bin/../lib/gcc/arm-none-eabi/4.8.4/../../../../arm-none-eabi/lib/armv6-m\libg_s.a(lib_a-wbuf.o)
                0x000035bc                __swbuf_r
 .text.__swsetup_r
                0x0000366c       0xe4 c:/freescale/kds_v3/toolchain/bin/../lib/gcc/arm-none-eabi/4.8.4/../../../../arm-none-eabi/lib/armv6-m\libg_s.a(lib_a-wsetup.o)
                0x0000366c                __swsetup_r
 .text.abort    0x00003750        0xe c:/freescale/kds_v3/toolchain/bin/../lib/gcc/arm-none-eabi/4.8.4/../../../../arm-none-eabi/lib/armv6-m\libg_s.a(lib_a-abort.o)
                0x00003750                abort
 .text.__sflush_r
                0x0000375e      0x112 c:/freescale/kds_v3/toolchain/bin/../lib/gcc/arm-none-eabi/4.8.4/../../../../arm-none-eabi/lib/armv6-m\libg_s.a(lib_a-fflush.o)
                0x0000375e                __sflush_r
 .text._fflush_r
                0x00003870       0x58 c:/freescale/kds_v3/toolchain/bin/../lib/gcc/arm-none-eabi/4.8.4/../../../../arm-none-eabi/lib/armv6-m\libg_s.a(lib_a-fflush.o)
                0x00003870                _fflush_r
 .text._cleanup_r
                0x000038c8       0x34 c:/freescale/kds_v3/toolchain/bin/../lib/gcc/arm-none-eabi/4.8.4/../../../../arm-none-eabi/lib/armv6-m\libg_s.a(lib_a-findfp.o)
                0x000038c8                _cleanup_r
 .text.std.isra.0
                0x000038fc       0x48 c:/freescale/kds_v3/toolchain/bin/../lib/gcc/arm-none-eabi/4.8.4/../../../../arm-none-eabi/lib/armv6-m\libg_s.a(lib_a-findfp.o)
 .text.__sfmoreglue
                0x00003944       0x2c c:/freescale/kds_v3/toolchain/bin/../lib/gcc/arm-none-eabi/4.8.4/../../../../arm-none-eabi/lib/armv6-m\libg_s.a(lib_a-findfp.o)
                0x00003944                __sfmoreglue
 .text.__sinit  0x00003970       0x64 c:/freescale/kds_v3/toolchain/bin/../lib/gcc/arm-none-eabi/4.8.4/../../../../arm-none-eabi/lib/armv6-m\libg_s.a(lib_a-findfp.o)
                0x00003970                __sinit
 .text.__sfp    0x000039d4       0x7c c:/freescale/kds_v3/toolchain/bin/../lib/gcc/arm-none-eabi/4.8.4/../../../../arm-none-eabi/lib/armv6-m\libg_s.a(lib_a-findfp.o)
                0x000039d4                __sfp
 .text.__smakebuf_r
                0x00003a50       0xa0 c:/freescale/kds_v3/toolchain/bin/../lib/gcc/arm-none-eabi/4.8.4/../../../../arm-none-eabi/lib/armv6-m\libg_s.a(lib_a-makebuf.o)
                0x00003a50                __smakebuf_r
 .text.memchr   0x00003af0       0x16 c:/freescale/kds_v3/toolchain/bin/../lib/gcc/arm-none-eabi/4.8.4/../../../../arm-none-eabi/lib/armv6-m\libg_s.a(lib_a-memchr-stub.o)
                0x00003af0                memchr
 .text._raise_r
                0x00003b06       0x56 c:/freescale/kds_v3/toolchain/bin/../lib/gcc/arm-none-eabi/4.8.4/../../../../arm-none-eabi/lib/armv6-m\libg_s.a(lib_a-signal.o)
                0x00003b06                _raise_r
 .text.raise    0x00003b5c       0x14 c:/freescale/kds_v3/toolchain/bin/../lib/gcc/arm-none-eabi/4.8.4/../../../../arm-none-eabi/lib/armv6-m\libg_s.a(lib_a-signal.o)
                0x00003b5c                raise
 .text._kill_r  0x00003b70       0x24 c:/freescale/kds_v3/toolchain/bin/../lib/gcc/arm-none-eabi/4.8.4/../../../../arm-none-eabi/lib/armv6-m\libg_s.a(lib_a-signalr.o)
                0x00003b70                _kill_r
 .text._getpid_r
                0x00003b94        0x8 c:/freescale/kds_v3/toolchain/bin/../lib/gcc/arm-none-eabi/4.8.4/../../../../arm-none-eabi/lib/armv6-m\libg_s.a(lib_a-signalr.o)
                0x00003b94                _getpid_r
 .text.__sread  0x00003b9c       0x28 c:/freescale/kds_v3/toolchain/bin/../lib/gcc/arm-none-eabi/4.8.4/../../../../arm-none-eabi/lib/armv6-m\libg_s.a(lib_a-stdio.o)
                0x00003b9c                __sread
 .text.__swrite
                0x00003bc4       0x38 c:/freescale/kds_v3/toolchain/bin/../lib/gcc/arm-none-eabi/4.8.4/../../../../arm-none-eabi/lib/armv6-m\libg_s.a(lib_a-stdio.o)
                0x00003bc4                __swrite
 .text.__sseek  0x00003bfc       0x2c c:/freescale/kds_v3/toolchain/bin/../lib/gcc/arm-none-eabi/4.8.4/../../../../arm-none-eabi/lib/armv6-m\libg_s.a(lib_a-stdio.o)
                0x00003bfc                __sseek
 .text.__sclose
                0x00003c28        0xc c:/freescale/kds_v3/toolchain/bin/../lib/gcc/arm-none-eabi/4.8.4/../../../../arm-none-eabi/lib/armv6-m\libg_s.a(lib_a-stdio.o)
                0x00003c28                __sclose
 .text._write_r
                0x00003c34       0x28 c:/freescale/kds_v3/toolchain/bin/../lib/gcc/arm-none-eabi/4.8.4/../../../../arm-none-eabi/lib/armv6-m\libg_s.a(lib_a-writer.o)
                0x00003c34                _write_r
 .text._close_r
                0x00003c5c       0x24 c:/freescale/kds_v3/toolchain/bin/../lib/gcc/arm-none-eabi/4.8.4/../../../../arm-none-eabi/lib/armv6-m\libg_s.a(lib_a-closer.o)
                0x00003c5c                _close_r
 .text._fstat_r
                0x00003c80       0x24 c:/freescale/kds_v3/toolchain/bin/../lib/gcc/arm-none-eabi/4.8.4/../../../../arm-none-eabi/lib/armv6-m\libg_s.a(lib_a-fstatr.o)
                0x00003c80                _fstat_r
 .text._isatty_r
                0x00003ca4       0x24 c:/freescale/kds_v3/toolchain/bin/../lib/gcc/arm-none-eabi/4.8.4/../../../../arm-none-eabi/lib/armv6-m\libg_s.a(lib_a-isattyr.o)
                0x00003ca4                _isatty_r
 .text._lseek_r
                0x00003cc8       0x28 c:/freescale/kds_v3/toolchain/bin/../lib/gcc/arm-none-eabi/4.8.4/../../../../arm-none-eabi/lib/armv6-m\libg_s.a(lib_a-lseekr.o)
                0x00003cc8                _lseek_r
 .text._read_r  0x00003cf0       0x28 c:/freescale/kds_v3/toolchain/bin/../lib/gcc/arm-none-eabi/4.8.4/../../../../arm-none-eabi/lib/armv6-m\libg_s.a(lib_a-readr.o)
                0x00003cf0                _read_r
 .text._close   0x00003d18       0x10 c:/freescale/kds_v3/toolchain/bin/../lib/gcc/arm-none-eabi/4.8.4/../../../../arm-none-eabi/lib/armv6-m\libnosys.a(close.o)
                0x00003d18                _close
 .text._fstat   0x00003d28       0x10 c:/freescale/kds_v3/toolchain/bin/../lib/gcc/arm-none-eabi/4.8.4/../../../../arm-none-eabi/lib/armv6-m\libnosys.a(fstat.o)
                0x00003d28                _fstat
 .text._getpid  0x00003d38       0x10 c:/freescale/kds_v3/toolchain/bin/../lib/gcc/arm-none-eabi/4.8.4/../../../../arm-none-eabi/lib/armv6-m\libnosys.a(getpid.o)
                0x00003d38                _getpid
 .text._isatty  0x00003d48       0x10 c:/freescale/kds_v3/toolchain/bin/../lib/gcc/arm-none-eabi/4.8.4/../../../../arm-none-eabi/lib/armv6-m\libnosys.a(isatty.o)
                0x00003d48                _isatty
 .text._kill    0x00003d58       0x10 c:/freescale/kds_v3/toolchain/bin/../lib/gcc/arm-none-eabi/4.8.4/../../../../arm-none-eabi/lib/armv6-m\libnosys.a(kill.o)
                0x00003d58                _kill
 .text._lseek   0x00003d68       0x10 c:/freescale/kds_v3/toolchain/bin/../lib/gcc/arm-none-eabi/4.8.4/../../../../arm-none-eabi/lib/armv6-m\libnosys.a(lseek.o)
                0x00003d68                _lseek
 .text._exit    0x00003d78        0x4 c:/freescale/kds_v3/toolchain/bin/../lib/gcc/arm-none-eabi/4.8.4/../../../../arm-none-eabi/lib/armv6-m\libnosys.a(_exit.o)
                0x00003d78                _exit
 *(.rodata)
 .rodata        0x00003d7c        0xc ./utilities/fsl_debug_console.o
 .rodata        0x00003d88       0x44 ./board/board.o
 .rodata        0x00003dcc       0x44 ./board/pin_mux.o
 .rodata        0x00003e10       0x1c ./Sources/main.o
 .rodata        0x00003e2c      0x22c C:/Freescale/KSDK_1.3.0/lib/ksdk_platform_lib/kds/KL46Z4/debug/libksdk_platform.a(fsl_clock_MKL46Z4.o)
 .rodata        0x00004058       0xcc C:/Freescale/KSDK_1.3.0/lib/ksdk_platform_lib/kds/KL46Z4/debug/libksdk_platform.a(fsl_clock_manager.o)
 *(.rodata*)
 .rodata._doprint
                0x00004124       0xc8 ./utilities/print_scan.o
 .rodata.g_defaultClockConfigRun
                0x000041ec       0x14 ./board/board.o
                0x000041ec                g_defaultClockConfigRun
 .rodata.__func__.5167
                0x00004200       0x14 ./board/board.o
 .rodata.__func__.5143
                0x00004214       0x14 ./board/pin_mux.o
 .rodata.portGateTable
                0x00004228        0x8 C:/Freescale/KSDK_1.3.0/lib/ksdk_platform_lib/kds/KL46Z4/debug/libksdk_platform.a(fsl_clock_MKL46Z4.o)
 .rodata.uartGateTable
                0x00004230        0x4 C:/Freescale/KSDK_1.3.0/lib/ksdk_platform_lib/kds/KL46Z4/debug/libksdk_platform.a(fsl_clock_MKL46Z4.o)
 .rodata.__func__.6396
                0x00004234       0x1c C:/Freescale/KSDK_1.3.0/lib/ksdk_platform_lib/kds/KL46Z4/debug/libksdk_platform.a(fsl_clock_MKL46Z4.o)
 .rodata.__func__.6469
                0x00004250       0x1c C:/Freescale/KSDK_1.3.0/lib/ksdk_platform_lib/kds/KL46Z4/debug/libksdk_platform.a(fsl_clock_MKL46Z4.o)
 .rodata.__func__.6474
                0x0000426c       0x1c C:/Freescale/KSDK_1.3.0/lib/ksdk_platform_lib/kds/KL46Z4/debug/libksdk_platform.a(fsl_clock_MKL46Z4.o)
 .rodata.__func__.6697
                0x00004288       0x14 C:/Freescale/KSDK_1.3.0/lib/ksdk_platform_lib/kds/KL46Z4/debug/libksdk_platform.a(fsl_clock_manager.o)
 .rodata.g_oscBase
                0x0000429c        0x4 C:/Freescale/KSDK_1.3.0/lib/ksdk_platform_lib/kds/KL46Z4/debug/libksdk_platform.a(fsl_clock_manager_common.o)
                0x0000429c                g_oscBase
 .rodata.fllFactorTable.5252
                0x000042a0       0x10 C:/Freescale/KSDK_1.3.0/lib/ksdk_platform_lib/kds/KL46Z4/debug/libksdk_platform.a(fsl_mcg_hal.o)
 .rodata.str1.1
                0x000042b0       0x3c c:/freescale/kds_v3/toolchain/bin/../lib/gcc/arm-none-eabi/4.8.4/../../../../arm-none-eabi/lib/armv6-m\libg_s.a(lib_a-assert.o)
                                 0x3d (size before relaxing)
 .rodata.str1.1
                0x000042ec        0x2 c:/freescale/kds_v3/toolchain/bin/../lib/gcc/arm-none-eabi/4.8.4/../../../../arm-none-eabi/lib/armv6-m\libg_s.a(lib_a-impure.o)
 *fill*         0x000042ee        0x2 
 .rodata._global_impure_ptr
                0x000042f0        0x4 c:/freescale/kds_v3/toolchain/bin/../lib/gcc/arm-none-eabi/4.8.4/../../../../arm-none-eabi/lib/armv6-m\libg_s.a(lib_a-impure.o)
                0x000042f0                _global_impure_ptr
 .rodata.str1.1
                0x000042f4       0x11 c:/freescale/kds_v3/toolchain/bin/../lib/gcc/arm-none-eabi/4.8.4/../../../../arm-none-eabi/lib/armv6-m\libg_s.a(lib_a-vfprintf.o)
 .rodata.str1.1
                0x00004305       0x22 c:/freescale/kds_v3/toolchain/bin/../lib/gcc/arm-none-eabi/4.8.4/../../../../arm-none-eabi/lib/armv6-m\libg_s.a(lib_a-vfprintf_i.o)
 *fill*         0x00004327        0x1 
 .rodata.__sf_fake_stdin
                0x00004328       0x20 c:/freescale/kds_v3/toolchain/bin/../lib/gcc/arm-none-eabi/4.8.4/../../../../arm-none-eabi/lib/armv6-m\libg_s.a(lib_a-findfp.o)
                0x00004328                __sf_fake_stdin
 .rodata.__sf_fake_stdout
                0x00004348       0x20 c:/freescale/kds_v3/toolchain/bin/../lib/gcc/arm-none-eabi/4.8.4/../../../../arm-none-eabi/lib/armv6-m\libg_s.a(lib_a-findfp.o)
                0x00004348                __sf_fake_stdout
 .rodata.__sf_fake_stderr
                0x00004368       0x20 c:/freescale/kds_v3/toolchain/bin/../lib/gcc/arm-none-eabi/4.8.4/../../../../arm-none-eabi/lib/armv6-m\libg_s.a(lib_a-findfp.o)
                0x00004368                __sf_fake_stderr
 *(.glue_7)
 .glue_7        0x00000000        0x0 linker stubs
 *(.glue_7t)
 .glue_7t       0x00000000        0x0 linker stubs
 *(.eh_frame)
 .eh_frame      0x00004388        0x0 c:/freescale/kds_v3/toolchain/bin/../lib/gcc/arm-none-eabi/4.8.4/armv6-m/crtbegin.o
 *(.init)
 .init          0x00004388        0x4 c:/freescale/kds_v3/toolchain/bin/../lib/gcc/arm-none-eabi/4.8.4/armv6-m/crti.o
                0x00004388                _init
 .init          0x0000438c        0x8 c:/freescale/kds_v3/toolchain/bin/../lib/gcc/arm-none-eabi/4.8.4/armv6-m/crtn.o
 *(.fini)
 .fini          0x00004394        0x4 c:/freescale/kds_v3/toolchain/bin/../lib/gcc/arm-none-eabi/4.8.4/armv6-m/crti.o
                0x00004394                _fini
 .fini          0x00004398        0x8 c:/freescale/kds_v3/toolchain/bin/../lib/gcc/arm-none-eabi/4.8.4/armv6-m/crtn.o
                0x000043a0                . = ALIGN (0x4)

.vfp11_veneer   0x000043a0        0x0
 .vfp11_veneer  0x00000000        0x0 linker stubs

.v4_bx          0x000043a0        0x0
 .v4_bx         0x00000000        0x0 linker stubs

.iplt           0x000043a0        0x0
 .iplt          0x00000000        0x0 c:/freescale/kds_v3/toolchain/bin/../lib/gcc/arm-none-eabi/4.8.4/armv6-m/crtbegin.o

.ARM.extab
 *(.ARM.extab* .gnu.linkonce.armextab.*)

.ARM            0x000043a0        0x8
                0x000043a0                __exidx_start = .
 *(.ARM.exidx*)
 .ARM.exidx     0x000043a0        0x8 c:/freescale/kds_v3/toolchain/bin/../lib/gcc/arm-none-eabi/4.8.4/../../../../arm-none-eabi/lib/armv6-m/crt0.o
                0x000043a8                __exidx_end = .

.rel.dyn        0x000043a8        0x0
 .rel.iplt      0x00000000        0x0 c:/freescale/kds_v3/toolchain/bin/../lib/gcc/arm-none-eabi/4.8.4/armv6-m/crtbegin.o

.ctors          0x000043a8        0x0
                0x000043a8                __CTOR_LIST__ = .
 *crtbegin.o(.ctors)
 *crtbegin?.o(.ctors)
 *(EXCLUDE_FILE(*crtend.o *crtend?.o) .ctors)
 *(SORT(.ctors.*))
 *(.ctors)
                0x000043a8                __CTOR_END__ = .

.dtors          0x000043a8        0x0
                0x000043a8                __DTOR_LIST__ = .
 *crtbegin.o(.dtors)
 *crtbegin?.o(.dtors)
 *(EXCLUDE_FILE(*crtend.o *crtend?.o) .dtors)
 *(SORT(.dtors.*))
 *(.dtors)
                0x000043a8                __DTOR_END__ = .

.preinit_array  0x000043a8        0x0
                0x000043a8                PROVIDE (__preinit_array_start, .)
 *(.preinit_array*)
                0x000043a8                PROVIDE (__preinit_array_end, .)

.init_array     0x000043a8        0x4
                0x000043a8                PROVIDE (__init_array_start, .)
 *(SORT(.init_array.*))
 *(.init_array*)
 .init_array    0x000043a8        0x4 c:/freescale/kds_v3/toolchain/bin/../lib/gcc/arm-none-eabi/4.8.4/armv6-m/crtbegin.o
                0x000043ac                PROVIDE (__init_array_end, .)

.fini_array     0x000043ac        0x4
                0x000043ac                PROVIDE (__fini_array_start, .)
 *(SORT(.fini_array.*))
 *(.fini_array*)
 .fini_array    0x000043ac        0x4 c:/freescale/kds_v3/toolchain/bin/../lib/gcc/arm-none-eabi/4.8.4/armv6-m/crtbegin.o
                0x000043b0                PROVIDE (__fini_array_end, .)
                0x000043b0                __etext = .
                0x000043b0                __DATA_ROM = .

.mtb            0x1fffe000        0x0
                0x1fffe000                . = ALIGN (0x8)
                0x1fffe000                _mtb_start = .
 *(.mtb_buf)
                0x1fffe000                . = ALIGN (0x8)
                0x1fffe000                _mtb_end = .

.interrupts_ram
                0x1fffe000        0x0
                0x1fffe000                . = ALIGN (0x4)
                0x1fffe000                __VECTOR_RAM__ = .
                0x1fffe000                __interrupts_ram_start__ = .
 *(.m_interrupts_ram)
                0x1fffe000                . = (. + M_VECTOR_RAM_SIZE)
                0x1fffe000                . = ALIGN (0x4)
                0x1fffe000                __interrupts_ram_end__ = .
                0x00000000                __VECTOR_RAM = DEFINED (__ram_vector_table__)?__VECTOR_RAM__:ORIGIN (m_interrupts)
                0x00000000                __RAM_VECTOR_TABLE_SIZE_BYTES = DEFINED (__ram_vector_table__)?(__interrupts_ram_end__ - __interrupts_ram_start__):0x0

.data           0x1fffe000       0x74 load address 0x000043b0
                0x1fffe000                . = ALIGN (0x4)
                0x1fffe000                __DATA_RAM = .
                0x1fffe000                __data_start__ = .
 *(.data)
 *(.data*)
 .data.SystemCoreClock
                0x1fffe000        0x4 ./Project_Settings/Startup_Code/system_MKL46Z4.o
                0x1fffe000                SystemCoreClock
 .data.g_fastInternalRefClkFreq
                0x1fffe004        0x4 C:/Freescale/KSDK_1.3.0/lib/ksdk_platform_lib/kds/KL46Z4/debug/libksdk_platform.a(fsl_mcg_hal.o)
                0x1fffe004                g_fastInternalRefClkFreq
 .data.g_slowInternalRefClkFreq
                0x1fffe008        0x4 C:/Freescale/KSDK_1.3.0/lib/ksdk_platform_lib/kds/KL46Z4/debug/libksdk_platform.a(fsl_mcg_hal.o)
                0x1fffe008                g_slowInternalRefClkFreq
 .data.impure_data
                0x1fffe00c       0x60 c:/freescale/kds_v3/toolchain/bin/../lib/gcc/arm-none-eabi/4.8.4/../../../../arm-none-eabi/lib/armv6-m\libg_s.a(lib_a-impure.o)
 .data._impure_ptr
                0x1fffe06c        0x4 c:/freescale/kds_v3/toolchain/bin/../lib/gcc/arm-none-eabi/4.8.4/../../../../arm-none-eabi/lib/armv6-m\libg_s.a(lib_a-impure.o)
                0x1fffe06c                _impure_ptr
 *(.jcr*)
 .jcr           0x1fffe070        0x0 c:/freescale/kds_v3/toolchain/bin/../lib/gcc/arm-none-eabi/4.8.4/armv6-m/crtbegin.o
 .jcr           0x1fffe070        0x4 c:/freescale/kds_v3/toolchain/bin/../lib/gcc/arm-none-eabi/4.8.4/armv6-m/crtend.o
                0x1fffe074                . = ALIGN (0x4)
                0x1fffe074                __data_end__ = .
                0x00004424                __DATA_END = (__DATA_ROM + (__data_end__ - __data_start__))
                0x00040000                text_end = (ORIGIN (m_text) + 0x3fbf0)
                0x00000001                ASSERT ((__DATA_END <= text_end), region m_text overflowed with text and data)

.igot.plt       0x1fffe074        0x0 load address 0x00004424
 .igot.plt      0x00000000        0x0 c:/freescale/kds_v3/toolchain/bin/../lib/gcc/arm-none-eabi/4.8.4/armv6-m/crtbegin.o

.bss            0x1fffe074       0x40 load address 0x00004424
                0x1fffe074                . = ALIGN (0x4)
                0x1fffe074                __START_BSS = .
                0x1fffe074                __bss_start__ = .
 *(.bss)
 .bss           0x1fffe074       0x1c c:/freescale/kds_v3/toolchain/bin/../lib/gcc/arm-none-eabi/4.8.4/armv6-m/crtbegin.o
 *(.bss*)
 .bss.s_debugConsole
                0x1fffe090       0x10 ./utilities/fsl_debug_console.o
 .bss.heap_end.5138
                0x1fffe0a0        0x4 ./utilities/fsl_misc_utilities.o
 .bss.g_xtal0ClkFreq
                0x1fffe0a4        0x4 C:/Freescale/KSDK_1.3.0/lib/ksdk_platform_lib/kds/KL46Z4/debug/libksdk_platform.a(fsl_mcg_hal.o)
                0x1fffe0a4                g_xtal0ClkFreq
 .bss.__malloc_sbrk_start
                0x1fffe0a8        0x4 c:/freescale/kds_v3/toolchain/bin/../lib/gcc/arm-none-eabi/4.8.4/../../../../arm-none-eabi/lib/armv6-m\libg_s.a(lib_a-nano-mallocr.o)
                0x1fffe0a8                __malloc_sbrk_start
 .bss.__malloc_free_list
                0x1fffe0ac        0x4 c:/freescale/kds_v3/toolchain/bin/../lib/gcc/arm-none-eabi/4.8.4/../../../../arm-none-eabi/lib/armv6-m\libg_s.a(lib_a-nano-mallocr.o)
                0x1fffe0ac                __malloc_free_list
 *(COMMON)
 COMMON         0x1fffe0b0        0x4 c:/freescale/kds_v3/toolchain/bin/../lib/gcc/arm-none-eabi/4.8.4/../../../../arm-none-eabi/lib/armv6-m\libg_s.a(lib_a-reent.o)
                0x1fffe0b0                errno
                0x1fffe0b4                . = ALIGN (0x4)
                0x1fffe0b4                __bss_end__ = .
                0x1fffe0b4                __END_BSS = .

.heap           0x1fffe0b4      0x404 load address 0x00004464
                0x1fffe0b8                . = ALIGN (0x8)
 *fill*         0x1fffe0b4        0x4 
                0x1fffe0b8                __end__ = .
                0x1fffe0b8                PROVIDE (end, .)
                0x1fffe0b8                __HeapBase = .
                0x1fffe4b8                . = (. + HEAP_SIZE)
 *fill*         0x1fffe0b8      0x400 
                0x1fffe4b8                __HeapLimit = .

.stack          0x1fffe4b8      0x400 load address 0x00004868
                0x1fffe4b8                . = ALIGN (0x8)
                0x1fffe8b8                . = (. + STACK_SIZE)
 *fill*         0x1fffe4b8      0x400 
                0x20006000                __StackTop = (ORIGIN (m_data) + 0x8000)
                0x20005c00                __StackLimit = (__StackTop - STACK_SIZE)
                0x20006000                PROVIDE (__stack, __StackTop)

.ARM.attributes
                0x00000000       0x28
 *(.ARM.attributes)
 .ARM.attributes
                0x00000000       0x1e c:/freescale/kds_v3/toolchain/bin/../lib/gcc/arm-none-eabi/4.8.4/armv6-m/crti.o
 .ARM.attributes
                0x0000001e       0x2c c:/freescale/kds_v3/toolchain/bin/../lib/gcc/arm-none-eabi/4.8.4/armv6-m/crtbegin.o
 .ARM.attributes
                0x0000004a       0x1b c:/freescale/kds_v3/toolchain/bin/../lib/gcc/arm-none-eabi/4.8.4/../../../../arm-none-eabi/lib/armv6-m/crt0.o
 .ARM.attributes
                0x00000065       0x32 ./utilities/fsl_debug_console.o
 .ARM.attributes
                0x00000097       0x32 ./utilities/fsl_misc_utilities.o
 .ARM.attributes
                0x000000c9       0x32 ./utilities/print_scan.o
 .ARM.attributes
                0x000000fb       0x32 ./board/board.o
 .ARM.attributes
                0x0000012d       0x32 ./board/hardware_init.o
 .ARM.attributes
                0x0000015f       0x32 ./board/pin_mux.o
 .ARM.attributes
                0x00000191       0x32 ./Sources/main.o
 .ARM.attributes
                0x000001c3       0x32 ./Project_Settings/Startup_Code/startup.o
 .ARM.attributes
                0x000001f5       0x1b ./Project_Settings/Startup_Code/startup_MKL46Z4.o
 .ARM.attributes
                0x00000210       0x32 ./Project_Settings/Startup_Code/system_MKL46Z4.o
 .ARM.attributes
                0x00000242       0x32 C:/Freescale/KSDK_1.3.0/lib/ksdk_platform_lib/kds/KL46Z4/debug/libksdk_platform.a(fsl_uart_hal.o)
 .ARM.attributes
                0x00000274       0x32 C:/Freescale/KSDK_1.3.0/lib/ksdk_platform_lib/kds/KL46Z4/debug/libksdk_platform.a(fsl_lpsci_hal.o)
 .ARM.attributes
                0x000002a6       0x32 C:/Freescale/KSDK_1.3.0/lib/ksdk_platform_lib/kds/KL46Z4/debug/libksdk_platform.a(fsl_clock_MKL46Z4.o)
 .ARM.attributes
                0x000002d8       0x32 C:/Freescale/KSDK_1.3.0/lib/ksdk_platform_lib/kds/KL46Z4/debug/libksdk_platform.a(fsl_clock_manager.o)
 .ARM.attributes
                0x0000030a       0x32 C:/Freescale/KSDK_1.3.0/lib/ksdk_platform_lib/kds/KL46Z4/debug/libksdk_platform.a(fsl_clock_manager_common.o)
 .ARM.attributes
                0x0000033c       0x32 C:/Freescale/KSDK_1.3.0/lib/ksdk_platform_lib/kds/KL46Z4/debug/libksdk_platform.a(fsl_sim_hal_MKL46Z4.o)
 .ARM.attributes
                0x0000036e       0x32 C:/Freescale/KSDK_1.3.0/lib/ksdk_platform_lib/kds/KL46Z4/debug/libksdk_platform.a(fsl_osc_hal.o)
 .ARM.attributes
                0x000003a0       0x32 C:/Freescale/KSDK_1.3.0/lib/ksdk_platform_lib/kds/KL46Z4/debug/libksdk_platform.a(fsl_mcg_hal.o)
 .ARM.attributes
                0x000003d2       0x32 C:/Freescale/KSDK_1.3.0/lib/ksdk_platform_lib/kds/KL46Z4/debug/libksdk_platform.a(fsl_mcg_hal_modes.o)
 .ARM.attributes
                0x00000404       0x1e c:/freescale/kds_v3/toolchain/bin/../lib/gcc/arm-none-eabi/4.8.4/armv6-m\libgcc.a(_udivsi3.o)
 .ARM.attributes
                0x00000422       0x1e c:/freescale/kds_v3/toolchain/bin/../lib/gcc/arm-none-eabi/4.8.4/armv6-m\libgcc.a(_divsi3.o)
 .ARM.attributes
                0x00000440       0x1e c:/freescale/kds_v3/toolchain/bin/../lib/gcc/arm-none-eabi/4.8.4/armv6-m\libgcc.a(_dvmd_tls.o)
 .ARM.attributes
                0x0000045e       0x2c c:/freescale/kds_v3/toolchain/bin/../lib/gcc/arm-none-eabi/4.8.4/../../../../arm-none-eabi/lib/armv6-m\libg_s.a(lib_a-assert.o)
 .ARM.attributes
                0x0000048a       0x2c c:/freescale/kds_v3/toolchain/bin/../lib/gcc/arm-none-eabi/4.8.4/../../../../arm-none-eabi/lib/armv6-m\libg_s.a(lib_a-errno.o)
 .ARM.attributes
                0x000004b6       0x2c c:/freescale/kds_v3/toolchain/bin/../lib/gcc/arm-none-eabi/4.8.4/../../../../arm-none-eabi/lib/armv6-m\libg_s.a(lib_a-exit.o)
 .ARM.attributes
                0x000004e2       0x2c c:/freescale/kds_v3/toolchain/bin/../lib/gcc/arm-none-eabi/4.8.4/../../../../arm-none-eabi/lib/armv6-m\libg_s.a(lib_a-fprintf.o)
 .ARM.attributes
                0x0000050e       0x2c c:/freescale/kds_v3/toolchain/bin/../lib/gcc/arm-none-eabi/4.8.4/../../../../arm-none-eabi/lib/armv6-m\libg_s.a(lib_a-impure.o)
 .ARM.attributes
                0x0000053a       0x2c c:/freescale/kds_v3/toolchain/bin/../lib/gcc/arm-none-eabi/4.8.4/../../../../arm-none-eabi/lib/armv6-m\libg_s.a(lib_a-init.o)
 .ARM.attributes
                0x00000566       0x2c c:/freescale/kds_v3/toolchain/bin/../lib/gcc/arm-none-eabi/4.8.4/../../../../arm-none-eabi/lib/armv6-m\libg_s.a(lib_a-memset.o)
 .ARM.attributes
                0x00000592       0x2c c:/freescale/kds_v3/toolchain/bin/../lib/gcc/arm-none-eabi/4.8.4/../../../../arm-none-eabi/lib/armv6-m\libg_s.a(lib_a-nano-freer.o)
 .ARM.attributes
                0x000005be       0x2c c:/freescale/kds_v3/toolchain/bin/../lib/gcc/arm-none-eabi/4.8.4/../../../../arm-none-eabi/lib/armv6-m\libg_s.a(lib_a-nano-mallocr.o)
 .ARM.attributes
                0x000005ea       0x2c c:/freescale/kds_v3/toolchain/bin/../lib/gcc/arm-none-eabi/4.8.4/../../../../arm-none-eabi/lib/armv6-m\libg_s.a(lib_a-sbrkr.o)
 .ARM.attributes
                0x00000616       0x2c c:/freescale/kds_v3/toolchain/bin/../lib/gcc/arm-none-eabi/4.8.4/../../../../arm-none-eabi/lib/armv6-m\libg_s.a(lib_a-strlen.o)
 .ARM.attributes
                0x00000642       0x2c c:/freescale/kds_v3/toolchain/bin/../lib/gcc/arm-none-eabi/4.8.4/../../../../arm-none-eabi/lib/armv6-m\libg_s.a(lib_a-vfprintf.o)
 .ARM.attributes
                0x0000066e       0x2c c:/freescale/kds_v3/toolchain/bin/../lib/gcc/arm-none-eabi/4.8.4/../../../../arm-none-eabi/lib/armv6-m\libg_s.a(lib_a-vfprintf_i.o)
 .ARM.attributes
                0x0000069a       0x2c c:/freescale/kds_v3/toolchain/bin/../lib/gcc/arm-none-eabi/4.8.4/../../../../arm-none-eabi/lib/armv6-m\libg_s.a(lib_a-wbuf.o)
 .ARM.attributes
                0x000006c6       0x2c c:/freescale/kds_v3/toolchain/bin/../lib/gcc/arm-none-eabi/4.8.4/../../../../arm-none-eabi/lib/armv6-m\libg_s.a(lib_a-wsetup.o)
 .ARM.attributes
                0x000006f2       0x2c c:/freescale/kds_v3/toolchain/bin/../lib/gcc/arm-none-eabi/4.8.4/../../../../arm-none-eabi/lib/armv6-m\libg_s.a(lib_a-abort.o)
 .ARM.attributes
                0x0000071e       0x2c c:/freescale/kds_v3/toolchain/bin/../lib/gcc/arm-none-eabi/4.8.4/../../../../arm-none-eabi/lib/armv6-m\libg_s.a(lib_a-fflush.o)
 .ARM.attributes
                0x0000074a       0x2c c:/freescale/kds_v3/toolchain/bin/../lib/gcc/arm-none-eabi/4.8.4/../../../../arm-none-eabi/lib/armv6-m\libg_s.a(lib_a-findfp.o)
 .ARM.attributes
                0x00000776       0x2c c:/freescale/kds_v3/toolchain/bin/../lib/gcc/arm-none-eabi/4.8.4/../../../../arm-none-eabi/lib/armv6-m\libg_s.a(lib_a-makebuf.o)
 .ARM.attributes
                0x000007a2       0x2c c:/freescale/kds_v3/toolchain/bin/../lib/gcc/arm-none-eabi/4.8.4/../../../../arm-none-eabi/lib/armv6-m\libg_s.a(lib_a-memchr-stub.o)
 .ARM.attributes
                0x000007ce       0x2c c:/freescale/kds_v3/toolchain/bin/../lib/gcc/arm-none-eabi/4.8.4/../../../../arm-none-eabi/lib/armv6-m\libg_s.a(lib_a-reent.o)
 .ARM.attributes
                0x000007fa       0x2c c:/freescale/kds_v3/toolchain/bin/../lib/gcc/arm-none-eabi/4.8.4/../../../../arm-none-eabi/lib/armv6-m\libg_s.a(lib_a-signal.o)
 .ARM.attributes
                0x00000826       0x2c c:/freescale/kds_v3/toolchain/bin/../lib/gcc/arm-none-eabi/4.8.4/../../../../arm-none-eabi/lib/armv6-m\libg_s.a(lib_a-signalr.o)
 .ARM.attributes
                0x00000852       0x2c c:/freescale/kds_v3/toolchain/bin/../lib/gcc/arm-none-eabi/4.8.4/../../../../arm-none-eabi/lib/armv6-m\libg_s.a(lib_a-stdio.o)
 .ARM.attributes
                0x0000087e       0x2c c:/freescale/kds_v3/toolchain/bin/../lib/gcc/arm-none-eabi/4.8.4/../../../../arm-none-eabi/lib/armv6-m\libg_s.a(lib_a-writer.o)
 .ARM.attributes
                0x000008aa       0x2c c:/freescale/kds_v3/toolchain/bin/../lib/gcc/arm-none-eabi/4.8.4/../../../../arm-none-eabi/lib/armv6-m\libg_s.a(lib_a-closer.o)
 .ARM.attributes
                0x000008d6       0x2c c:/freescale/kds_v3/toolchain/bin/../lib/gcc/arm-none-eabi/4.8.4/../../../../arm-none-eabi/lib/armv6-m\libg_s.a(lib_a-fstatr.o)
 .ARM.attributes
                0x00000902       0x2c c:/freescale/kds_v3/toolchain/bin/../lib/gcc/arm-none-eabi/4.8.4/../../../../arm-none-eabi/lib/armv6-m\libg_s.a(lib_a-isattyr.o)
 .ARM.attributes
                0x0000092e       0x2c c:/freescale/kds_v3/toolchain/bin/../lib/gcc/arm-none-eabi/4.8.4/../../../../arm-none-eabi/lib/armv6-m\libg_s.a(lib_a-lseekr.o)
 .ARM.attributes
                0x0000095a       0x2c c:/freescale/kds_v3/toolchain/bin/../lib/gcc/arm-none-eabi/4.8.4/../../../../arm-none-eabi/lib/armv6-m\libg_s.a(lib_a-readr.o)
 .ARM.attributes
                0x00000986       0x2c c:/freescale/kds_v3/toolchain/bin/../lib/gcc/arm-none-eabi/4.8.4/../../../../arm-none-eabi/lib/armv6-m\libnosys.a(close.o)
 .ARM.attributes
                0x000009b2       0x2c c:/freescale/kds_v3/toolchain/bin/../lib/gcc/arm-none-eabi/4.8.4/../../../../arm-none-eabi/lib/armv6-m\libnosys.a(fstat.o)
 .ARM.attributes
                0x000009de       0x2c c:/freescale/kds_v3/toolchain/bin/../lib/gcc/arm-none-eabi/4.8.4/../../../../arm-none-eabi/lib/armv6-m\libnosys.a(getpid.o)
 .ARM.attributes
                0x00000a0a       0x2c c:/freescale/kds_v3/toolchain/bin/../lib/gcc/arm-none-eabi/4.8.4/../../../../arm-none-eabi/lib/armv6-m\libnosys.a(isatty.o)
 .ARM.attributes
                0x00000a36       0x2c c:/freescale/kds_v3/toolchain/bin/../lib/gcc/arm-none-eabi/4.8.4/../../../../arm-none-eabi/lib/armv6-m\libnosys.a(kill.o)
 .ARM.attributes
                0x00000a62       0x2c c:/freescale/kds_v3/toolchain/bin/../lib/gcc/arm-none-eabi/4.8.4/../../../../arm-none-eabi/lib/armv6-m\libnosys.a(lseek.o)
 .ARM.attributes
                0x00000a8e       0x2c c:/freescale/kds_v3/toolchain/bin/../lib/gcc/arm-none-eabi/4.8.4/../../../../arm-none-eabi/lib/armv6-m\libnosys.a(_exit.o)
 .ARM.attributes
                0x00000aba       0x2c c:/freescale/kds_v3/toolchain/bin/../lib/gcc/arm-none-eabi/4.8.4/armv6-m/crtend.o
 .ARM.attributes
                0x00000ae6       0x1e c:/freescale/kds_v3/toolchain/bin/../lib/gcc/arm-none-eabi/4.8.4/armv6-m/crtn.o
                0x00000001                ASSERT ((__StackLimit >= __HeapLimit), region m_data overflowed with stack and heap)
OUTPUT(Template Project (Rename Me!).elf elf32-littlearm)

.debug_info     0x00000000     0x9289
 .debug_info    0x00000000      0xa71 ./utilities/fsl_debug_console.o
 .debug_info    0x00000a71      0x172 ./utilities/fsl_misc_utilities.o
 .debug_info    0x00000be3      0x5eb ./utilities/print_scan.o
 .debug_info    0x000011ce      0xa73 ./board/board.o
 .debug_info    0x00001c41       0xe2 ./board/hardware_init.o
 .debug_info    0x00001d23      0x4e6 ./board/pin_mux.o
 .debug_info    0x00002209      0x673 ./Sources/main.o
 .debug_info    0x0000287c      0x296 ./Project_Settings/Startup_Code/startup.o
 .debug_info    0x00002b12       0x9d ./Project_Settings/Startup_Code/startup_MKL46Z4.o
 .debug_info    0x00002baf      0x3f5 ./Project_Settings/Startup_Code/system_MKL46Z4.o
 .debug_info    0x00002fa4      0x80e C:/Freescale/KSDK_1.3.0/lib/ksdk_platform_lib/kds/KL46Z4/debug/libksdk_platform.a(fsl_uart_hal.o)
 .debug_info    0x000037b2      0x917 C:/Freescale/KSDK_1.3.0/lib/ksdk_platform_lib/kds/KL46Z4/debug/libksdk_platform.a(fsl_lpsci_hal.o)
 .debug_info    0x000040c9     0x1829 C:/Freescale/KSDK_1.3.0/lib/ksdk_platform_lib/kds/KL46Z4/debug/libksdk_platform.a(fsl_clock_MKL46Z4.o)
 .debug_info    0x000058f2     0x1693 C:/Freescale/KSDK_1.3.0/lib/ksdk_platform_lib/kds/KL46Z4/debug/libksdk_platform.a(fsl_clock_manager.o)
 .debug_info    0x00006f85      0x449 C:/Freescale/KSDK_1.3.0/lib/ksdk_platform_lib/kds/KL46Z4/debug/libksdk_platform.a(fsl_clock_manager_common.o)
 .debug_info    0x000073ce      0x957 C:/Freescale/KSDK_1.3.0/lib/ksdk_platform_lib/kds/KL46Z4/debug/libksdk_platform.a(fsl_sim_hal_MKL46Z4.o)
 .debug_info    0x00007d25       0xef C:/Freescale/KSDK_1.3.0/lib/ksdk_platform_lib/kds/KL46Z4/debug/libksdk_platform.a(fsl_osc_hal.o)
 .debug_info    0x00007e14      0xc24 C:/Freescale/KSDK_1.3.0/lib/ksdk_platform_lib/kds/KL46Z4/debug/libksdk_platform.a(fsl_mcg_hal.o)
 .debug_info    0x00008a38      0x851 C:/Freescale/KSDK_1.3.0/lib/ksdk_platform_lib/kds/KL46Z4/debug/libksdk_platform.a(fsl_mcg_hal_modes.o)

.debug_abbrev   0x00000000     0x1c8d
 .debug_abbrev  0x00000000      0x23a ./utilities/fsl_debug_console.o
 .debug_abbrev  0x0000023a       0xc4 ./utilities/fsl_misc_utilities.o
 .debug_abbrev  0x000002fe      0x1b6 ./utilities/print_scan.o
 .debug_abbrev  0x000004b4      0x256 ./board/board.o
 .debug_abbrev  0x0000070a       0x75 ./board/hardware_init.o
 .debug_abbrev  0x0000077f      0x128 ./board/pin_mux.o
 .debug_abbrev  0x000008a7      0x15d ./Sources/main.o
 .debug_abbrev  0x00000a04       0xe9 ./Project_Settings/Startup_Code/startup.o
 .debug_abbrev  0x00000aed       0x14 ./Project_Settings/Startup_Code/startup_MKL46Z4.o
 .debug_abbrev  0x00000b01      0x109 ./Project_Settings/Startup_Code/system_MKL46Z4.o
 .debug_abbrev  0x00000c0a      0x1eb C:/Freescale/KSDK_1.3.0/lib/ksdk_platform_lib/kds/KL46Z4/debug/libksdk_platform.a(fsl_uart_hal.o)
 .debug_abbrev  0x00000df5      0x20e C:/Freescale/KSDK_1.3.0/lib/ksdk_platform_lib/kds/KL46Z4/debug/libksdk_platform.a(fsl_lpsci_hal.o)
 .debug_abbrev  0x00001003      0x2fe C:/Freescale/KSDK_1.3.0/lib/ksdk_platform_lib/kds/KL46Z4/debug/libksdk_platform.a(fsl_clock_MKL46Z4.o)
 .debug_abbrev  0x00001301      0x2a9 C:/Freescale/KSDK_1.3.0/lib/ksdk_platform_lib/kds/KL46Z4/debug/libksdk_platform.a(fsl_clock_manager.o)
 .debug_abbrev  0x000015aa       0xdb C:/Freescale/KSDK_1.3.0/lib/ksdk_platform_lib/kds/KL46Z4/debug/libksdk_platform.a(fsl_clock_manager_common.o)
 .debug_abbrev  0x00001685      0x197 C:/Freescale/KSDK_1.3.0/lib/ksdk_platform_lib/kds/KL46Z4/debug/libksdk_platform.a(fsl_sim_hal_MKL46Z4.o)
 .debug_abbrev  0x0000181c       0x99 C:/Freescale/KSDK_1.3.0/lib/ksdk_platform_lib/kds/KL46Z4/debug/libksdk_platform.a(fsl_osc_hal.o)
 .debug_abbrev  0x000018b5      0x234 C:/Freescale/KSDK_1.3.0/lib/ksdk_platform_lib/kds/KL46Z4/debug/libksdk_platform.a(fsl_mcg_hal.o)
 .debug_abbrev  0x00001ae9      0x1a4 C:/Freescale/KSDK_1.3.0/lib/ksdk_platform_lib/kds/KL46Z4/debug/libksdk_platform.a(fsl_mcg_hal_modes.o)

.debug_aranges  0x00000000      0xa00
 .debug_aranges
                0x00000000       0xa0 ./utilities/fsl_debug_console.o
 .debug_aranges
                0x000000a0       0x28 ./utilities/fsl_misc_utilities.o
 .debug_aranges
                0x000000c8       0x48 ./utilities/print_scan.o
 .debug_aranges
                0x00000110       0x70 ./board/board.o
 .debug_aranges
                0x00000180       0x20 ./board/hardware_init.o
 .debug_aranges
                0x000001a0       0x98 ./board/pin_mux.o
 .debug_aranges
                0x00000238       0x30 ./Sources/main.o
 .debug_aranges
                0x00000268       0x20 ./Project_Settings/Startup_Code/startup.o
 .debug_aranges
                0x00000288       0x20 ./Project_Settings/Startup_Code/startup_MKL46Z4.o
 .debug_aranges
                0x000002a8       0x28 ./Project_Settings/Startup_Code/system_MKL46Z4.o
 .debug_aranges
                0x000002d0       0xb0 C:/Freescale/KSDK_1.3.0/lib/ksdk_platform_lib/kds/KL46Z4/debug/libksdk_platform.a(fsl_uart_hal.o)
 .debug_aranges
                0x00000380       0xc8 C:/Freescale/KSDK_1.3.0/lib/ksdk_platform_lib/kds/KL46Z4/debug/libksdk_platform.a(fsl_lpsci_hal.o)
 .debug_aranges
                0x00000448      0x218 C:/Freescale/KSDK_1.3.0/lib/ksdk_platform_lib/kds/KL46Z4/debug/libksdk_platform.a(fsl_clock_MKL46Z4.o)
 .debug_aranges
                0x00000660      0x150 C:/Freescale/KSDK_1.3.0/lib/ksdk_platform_lib/kds/KL46Z4/debug/libksdk_platform.a(fsl_clock_manager.o)
 .debug_aranges
                0x000007b0       0x18 C:/Freescale/KSDK_1.3.0/lib/ksdk_platform_lib/kds/KL46Z4/debug/libksdk_platform.a(fsl_clock_manager_common.o)
 .debug_aranges
                0x000007c8       0x90 C:/Freescale/KSDK_1.3.0/lib/ksdk_platform_lib/kds/KL46Z4/debug/libksdk_platform.a(fsl_sim_hal_MKL46Z4.o)
 .debug_aranges
                0x00000858       0x20 C:/Freescale/KSDK_1.3.0/lib/ksdk_platform_lib/kds/KL46Z4/debug/libksdk_platform.a(fsl_osc_hal.o)
 .debug_aranges
                0x00000878       0xf0 C:/Freescale/KSDK_1.3.0/lib/ksdk_platform_lib/kds/KL46Z4/debug/libksdk_platform.a(fsl_mcg_hal.o)
 .debug_aranges
                0x00000968       0x98 C:/Freescale/KSDK_1.3.0/lib/ksdk_platform_lib/kds/KL46Z4/debug/libksdk_platform.a(fsl_mcg_hal_modes.o)

.debug_ranges   0x00000000      0x8b8
 .debug_ranges  0x00000000       0x90 ./utilities/fsl_debug_console.o
 .debug_ranges  0x00000090       0x18 ./utilities/fsl_misc_utilities.o
 .debug_ranges  0x000000a8       0x38 ./utilities/print_scan.o
 .debug_ranges  0x000000e0       0x60 ./board/board.o
 .debug_ranges  0x00000140       0x10 ./board/hardware_init.o
 .debug_ranges  0x00000150       0x88 ./board/pin_mux.o
 .debug_ranges  0x000001d8       0x20 ./Sources/main.o
 .debug_ranges  0x000001f8       0x10 ./Project_Settings/Startup_Code/startup.o
 .debug_ranges  0x00000208       0x18 ./Project_Settings/Startup_Code/system_MKL46Z4.o
 .debug_ranges  0x00000220       0xa0 C:/Freescale/KSDK_1.3.0/lib/ksdk_platform_lib/kds/KL46Z4/debug/libksdk_platform.a(fsl_uart_hal.o)
 .debug_ranges  0x000002c0       0xb8 C:/Freescale/KSDK_1.3.0/lib/ksdk_platform_lib/kds/KL46Z4/debug/libksdk_platform.a(fsl_lpsci_hal.o)
 .debug_ranges  0x00000378      0x208 C:/Freescale/KSDK_1.3.0/lib/ksdk_platform_lib/kds/KL46Z4/debug/libksdk_platform.a(fsl_clock_MKL46Z4.o)
 .debug_ranges  0x00000580      0x140 C:/Freescale/KSDK_1.3.0/lib/ksdk_platform_lib/kds/KL46Z4/debug/libksdk_platform.a(fsl_clock_manager.o)
 .debug_ranges  0x000006c0       0x80 C:/Freescale/KSDK_1.3.0/lib/ksdk_platform_lib/kds/KL46Z4/debug/libksdk_platform.a(fsl_sim_hal_MKL46Z4.o)
 .debug_ranges  0x00000740       0x10 C:/Freescale/KSDK_1.3.0/lib/ksdk_platform_lib/kds/KL46Z4/debug/libksdk_platform.a(fsl_osc_hal.o)
 .debug_ranges  0x00000750       0xe0 C:/Freescale/KSDK_1.3.0/lib/ksdk_platform_lib/kds/KL46Z4/debug/libksdk_platform.a(fsl_mcg_hal.o)
 .debug_ranges  0x00000830       0x88 C:/Freescale/KSDK_1.3.0/lib/ksdk_platform_lib/kds/KL46Z4/debug/libksdk_platform.a(fsl_mcg_hal_modes.o)

.debug_macro    0x00000000    0x1e9c5
 .debug_macro   0x00000000      0x2c7 ./utilities/fsl_debug_console.o
 .debug_macro   0x000002c7      0x820 ./utilities/fsl_debug_console.o
 .debug_macro   0x00000ae7       0x58 ./utilities/fsl_debug_console.o
 .debug_macro   0x00000b3f       0x58 ./utilities/fsl_debug_console.o
 .debug_macro   0x00000b97       0x16 ./utilities/fsl_debug_console.o
 .debug_macro   0x00000bad       0x35 ./utilities/fsl_debug_console.o
 .debug_macro   0x00000be2       0xa3 ./utilities/fsl_debug_console.o
 .debug_macro   0x00000c85       0x16 ./utilities/fsl_debug_console.o
 .debug_macro   0x00000c9b       0x97 ./utilities/fsl_debug_console.o
 .debug_macro   0x00000d32       0xef ./utilities/fsl_debug_console.o
 .debug_macro   0x00000e21       0x4a ./utilities/fsl_debug_console.o
 .debug_macro   0x00000e6b       0x52 ./utilities/fsl_debug_console.o
 .debug_macro   0x00000ebd       0x16 ./utilities/fsl_debug_console.o
 .debug_macro   0x00000ed3       0x43 ./utilities/fsl_debug_console.o
 .debug_macro   0x00000f16      0x180 ./utilities/fsl_debug_console.o
 .debug_macro   0x00001096       0x10 ./utilities/fsl_debug_console.o
 .debug_macro   0x000010a6       0x22 ./utilities/fsl_debug_console.o
 .debug_macro   0x000010c8       0xbd ./utilities/fsl_debug_console.o
 .debug_macro   0x00001185       0x16 ./utilities/fsl_debug_console.o
 .debug_macro   0x0000119b      0x14a ./utilities/fsl_debug_console.o
 .debug_macro   0x000012e5       0x16 ./utilities/fsl_debug_console.o
 .debug_macro   0x000012fb       0x35 ./utilities/fsl_debug_console.o
 .debug_macro   0x00001330       0x22 ./utilities/fsl_debug_console.o
 .debug_macro   0x00001352       0x11 ./utilities/fsl_debug_console.o
 .debug_macro   0x00001363       0x16 ./utilities/fsl_debug_console.o
 .debug_macro   0x00001379      0x20f ./utilities/fsl_debug_console.o
 .debug_macro   0x00001588       0x3a ./utilities/fsl_debug_console.o
 .debug_macro   0x000015c2       0x3a ./utilities/fsl_debug_console.o
 .debug_macro   0x000015fc       0x26 ./utilities/fsl_debug_console.o
 .debug_macro   0x00001622      0x306 ./utilities/fsl_debug_console.o
 .debug_macro   0x00001928       0x6b ./utilities/fsl_debug_console.o
 .debug_macro   0x00001993     0xd1e1 ./utilities/fsl_debug_console.o
 .debug_macro   0x0000eb74       0x82 ./utilities/fsl_debug_console.o
 .debug_macro   0x0000ebf6     0xcfd0 ./utilities/fsl_debug_console.o
 .debug_macro   0x0001bbc6     0x1177 ./utilities/fsl_debug_console.o
 .debug_macro   0x0001cd3d       0x22 ./utilities/fsl_debug_console.o
 .debug_macro   0x0001cd5f       0x44 ./utilities/fsl_debug_console.o
 .debug_macro   0x0001cda3       0x22 ./utilities/fsl_debug_console.o
 .debug_macro   0x0001cdc5       0x16 ./utilities/fsl_debug_console.o
 .debug_macro   0x0001cddb       0x10 ./utilities/fsl_debug_console.o
 .debug_macro   0x0001cdeb       0x11 ./utilities/fsl_debug_console.o
 .debug_macro   0x0001cdfc       0x10 ./utilities/fsl_debug_console.o
 .debug_macro   0x0001ce0c      0x2a6 ./utilities/fsl_debug_console.o
 .debug_macro   0x0001d0b2       0x10 ./utilities/fsl_debug_console.o
 .debug_macro   0x0001d0c2      0x17b ./utilities/fsl_misc_utilities.o
 .debug_macro   0x0001d23d       0x2e ./utilities/fsl_misc_utilities.o
 .debug_macro   0x0001d26b       0x10 ./utilities/fsl_misc_utilities.o
 .debug_macro   0x0001d27b      0x241 ./utilities/fsl_misc_utilities.o
 .debug_macro   0x0001d4bc      0x257 ./utilities/print_scan.o
 .debug_macro   0x0001d713       0x10 ./utilities/print_scan.o
 .debug_macro   0x0001d723       0x52 ./utilities/print_scan.o
 .debug_macro   0x0001d775       0x94 ./utilities/print_scan.o
 .debug_macro   0x0001d809      0x270 ./board/board.o
 .debug_macro   0x0001da79       0x44 ./board/board.o
 .debug_macro   0x0001dabd      0x209 ./board/board.o
 .debug_macro   0x0001dcc6      0x10e ./board/board.o
 .debug_macro   0x0001ddd4       0x7f ./board/board.o
 .debug_macro   0x0001de53       0x4c ./board/board.o
 .debug_macro   0x0001de9f       0x22 ./board/board.o
 .debug_macro   0x0001dec1      0x205 ./board/board.o
 .debug_macro   0x0001e0c6       0x10 ./board/board.o
 .debug_macro   0x0001e0d6      0x25d ./board/hardware_init.o
 .debug_macro   0x0001e333      0x183 ./board/pin_mux.o
 .debug_macro   0x0001e4b6       0x7c ./board/pin_mux.o
 .debug_macro   0x0001e532      0x1d4 ./Sources/main.o
 .debug_macro   0x0001e706      0x167 ./Project_Settings/Startup_Code/startup.o
 .debug_macro   0x0001e86d      0x158 ./Project_Settings/Startup_Code/system_MKL46Z4.o

.debug_line     0x00000000     0x554d
 .debug_line    0x00000000      0x7bf ./utilities/fsl_debug_console.o
 .debug_line    0x000007bf      0x329 ./utilities/fsl_misc_utilities.o
 .debug_line    0x00000ae8      0x63b ./utilities/print_scan.o
 .debug_line    0x00001123      0x6c8 ./board/board.o
 .debug_line    0x000017eb      0x5e0 ./board/hardware_init.o
 .debug_line    0x00001dcb      0x53a ./board/pin_mux.o
 .debug_line    0x00002305      0x5bf ./Sources/main.o
 .debug_line    0x000028c4      0x36d ./Project_Settings/Startup_Code/startup.o
 .debug_line    0x00002c31       0x6c ./Project_Settings/Startup_Code/startup_MKL46Z4.o
 .debug_line    0x00002c9d      0x38e ./Project_Settings/Startup_Code/system_MKL46Z4.o
 .debug_line    0x0000302b      0x386 C:/Freescale/KSDK_1.3.0/lib/ksdk_platform_lib/kds/KL46Z4/debug/libksdk_platform.a(fsl_uart_hal.o)
 .debug_line    0x000033b1      0x3d0 C:/Freescale/KSDK_1.3.0/lib/ksdk_platform_lib/kds/KL46Z4/debug/libksdk_platform.a(fsl_lpsci_hal.o)
 .debug_line    0x00003781      0x8b2 C:/Freescale/KSDK_1.3.0/lib/ksdk_platform_lib/kds/KL46Z4/debug/libksdk_platform.a(fsl_clock_MKL46Z4.o)
 .debug_line    0x00004033      0x76d C:/Freescale/KSDK_1.3.0/lib/ksdk_platform_lib/kds/KL46Z4/debug/libksdk_platform.a(fsl_clock_manager.o)
 .debug_line    0x000047a0      0x14b C:/Freescale/KSDK_1.3.0/lib/ksdk_platform_lib/kds/KL46Z4/debug/libksdk_platform.a(fsl_clock_manager_common.o)
 .debug_line    0x000048eb      0x362 C:/Freescale/KSDK_1.3.0/lib/ksdk_platform_lib/kds/KL46Z4/debug/libksdk_platform.a(fsl_sim_hal_MKL46Z4.o)
 .debug_line    0x00004c4d       0xfb C:/Freescale/KSDK_1.3.0/lib/ksdk_platform_lib/kds/KL46Z4/debug/libksdk_platform.a(fsl_osc_hal.o)
 .debug_line    0x00004d48      0x455 C:/Freescale/KSDK_1.3.0/lib/ksdk_platform_lib/kds/KL46Z4/debug/libksdk_platform.a(fsl_mcg_hal.o)
 .debug_line    0x0000519d      0x3b0 C:/Freescale/KSDK_1.3.0/lib/ksdk_platform_lib/kds/KL46Z4/debug/libksdk_platform.a(fsl_mcg_hal_modes.o)

.debug_str      0x00000000   0x1199e3
 .debug_str     0x00000000   0x1141e6 ./utilities/fsl_debug_console.o
                             0x114780 (size before relaxing)
 .debug_str     0x001141e6      0x6a7 ./utilities/fsl_misc_utilities.o
                               0x58ff (size before relaxing)
 .debug_str     0x0011488d      0x8a8 ./utilities/print_scan.o
                               0x67e0 (size before relaxing)
 .debug_str     0x00115135     0x12b2 ./board/board.o
                             0x113734 (size before relaxing)
 .debug_str     0x001163e7       0x27 ./board/hardware_init.o
                             0x112df7 (size before relaxing)
 .debug_str     0x0011640e      0x1a2 ./board/pin_mux.o
                             0x1121e2 (size before relaxing)
 .debug_str     0x001165b0       0xfc ./Sources/main.o
                             0x112ea0 (size before relaxing)
 .debug_str     0x001166ac      0x12f ./Project_Settings/Startup_Code/startup.o
                             0x111fa3 (size before relaxing)
 .debug_str     0x001167db       0x87 ./Project_Settings/Startup_Code/system_MKL46Z4.o
                             0x111fea (size before relaxing)
 .debug_str     0x00116862      0x60a C:/Freescale/KSDK_1.3.0/lib/ksdk_platform_lib/kds/KL46Z4/debug/libksdk_platform.a(fsl_uart_hal.o)
                                0x90b (size before relaxing)
 .debug_str     0x00116e6c      0x534 C:/Freescale/KSDK_1.3.0/lib/ksdk_platform_lib/kds/KL46Z4/debug/libksdk_platform.a(fsl_lpsci_hal.o)
                                0xa11 (size before relaxing)
 .debug_str     0x001173a0      0xe52 C:/Freescale/KSDK_1.3.0/lib/ksdk_platform_lib/kds/KL46Z4/debug/libksdk_platform.a(fsl_clock_MKL46Z4.o)
                               0x15a4 (size before relaxing)
 .debug_str     0x001181f2      0xbb3 C:/Freescale/KSDK_1.3.0/lib/ksdk_platform_lib/kds/KL46Z4/debug/libksdk_platform.a(fsl_clock_manager.o)
                               0x1713 (size before relaxing)
 .debug_str     0x00118da5       0x61 C:/Freescale/KSDK_1.3.0/lib/ksdk_platform_lib/kds/KL46Z4/debug/libksdk_platform.a(fsl_clock_manager_common.o)
                                0x34e (size before relaxing)
 .debug_str     0x00118e06      0x44f C:/Freescale/KSDK_1.3.0/lib/ksdk_platform_lib/kds/KL46Z4/debug/libksdk_platform.a(fsl_sim_hal_MKL46Z4.o)
                                0x778 (size before relaxing)
 .debug_str     0x00119255       0x58 C:/Freescale/KSDK_1.3.0/lib/ksdk_platform_lib/kds/KL46Z4/debug/libksdk_platform.a(fsl_osc_hal.o)
                                0x233 (size before relaxing)
 .debug_str     0x001192ad      0x5d1 C:/Freescale/KSDK_1.3.0/lib/ksdk_platform_lib/kds/KL46Z4/debug/libksdk_platform.a(fsl_mcg_hal.o)
                                0xb66 (size before relaxing)
 .debug_str     0x0011987e      0x165 C:/Freescale/KSDK_1.3.0/lib/ksdk_platform_lib/kds/KL46Z4/debug/libksdk_platform.a(fsl_mcg_hal_modes.o)
                                0x8df (size before relaxing)

.comment        0x00000000       0x70
 .comment       0x00000000       0x70 ./utilities/fsl_debug_console.o
                                 0x71 (size before relaxing)
 .comment       0x00000000       0x71 ./utilities/fsl_misc_utilities.o
 .comment       0x00000000       0x71 ./utilities/print_scan.o
 .comment       0x00000000       0x71 ./board/board.o
 .comment       0x00000000       0x71 ./board/hardware_init.o
 .comment       0x00000000       0x71 ./board/pin_mux.o
 .comment       0x00000000       0x71 ./Sources/main.o
 .comment       0x00000000       0x71 ./Project_Settings/Startup_Code/startup.o
 .comment       0x00000000       0x71 ./Project_Settings/Startup_Code/system_MKL46Z4.o
 .comment       0x00000000       0x71 C:/Freescale/KSDK_1.3.0/lib/ksdk_platform_lib/kds/KL46Z4/debug/libksdk_platform.a(fsl_uart_hal.o)
 .comment       0x00000000       0x71 C:/Freescale/KSDK_1.3.0/lib/ksdk_platform_lib/kds/KL46Z4/debug/libksdk_platform.a(fsl_lpsci_hal.o)
 .comment       0x00000000       0x71 C:/Freescale/KSDK_1.3.0/lib/ksdk_platform_lib/kds/KL46Z4/debug/libksdk_platform.a(fsl_clock_MKL46Z4.o)
 .comment       0x00000000       0x71 C:/Freescale/KSDK_1.3.0/lib/ksdk_platform_lib/kds/KL46Z4/debug/libksdk_platform.a(fsl_clock_manager.o)
 .comment       0x00000000       0x71 C:/Freescale/KSDK_1.3.0/lib/ksdk_platform_lib/kds/KL46Z4/debug/libksdk_platform.a(fsl_clock_manager_common.o)
 .comment       0x00000000       0x71 C:/Freescale/KSDK_1.3.0/lib/ksdk_platform_lib/kds/KL46Z4/debug/libksdk_platform.a(fsl_sim_hal_MKL46Z4.o)
 .comment       0x00000000       0x71 C:/Freescale/KSDK_1.3.0/lib/ksdk_platform_lib/kds/KL46Z4/debug/libksdk_platform.a(fsl_osc_hal.o)
 .comment       0x00000000       0x71 C:/Freescale/KSDK_1.3.0/lib/ksdk_platform_lib/kds/KL46Z4/debug/libksdk_platform.a(fsl_mcg_hal.o)
 .comment       0x00000000       0x71 C:/Freescale/KSDK_1.3.0/lib/ksdk_platform_lib/kds/KL46Z4/debug/libksdk_platform.a(fsl_mcg_hal_modes.o)

.debug_frame    0x00000000     0x2b28
 .debug_frame   0x00000000      0x230 ./utilities/fsl_debug_console.o
 .debug_frame   0x00000230       0x50 ./utilities/fsl_misc_utilities.o
 .debug_frame   0x00000280       0xd4 ./utilities/print_scan.o
 .debug_frame   0x00000354      0x164 ./board/board.o
 .debug_frame   0x000004b8       0x2c ./board/hardware_init.o
 .debug_frame   0x000004e4      0x210 ./board/pin_mux.o
 .debug_frame   0x000006f4       0x70 ./Sources/main.o
 .debug_frame   0x00000764       0x30 ./Project_Settings/Startup_Code/startup.o
 .debug_frame   0x00000794       0x4c ./Project_Settings/Startup_Code/system_MKL46Z4.o
 .debug_frame   0x000007e0      0x270 C:/Freescale/KSDK_1.3.0/lib/ksdk_platform_lib/kds/KL46Z4/debug/libksdk_platform.a(fsl_uart_hal.o)
 .debug_frame   0x00000a50      0x2d0 C:/Freescale/KSDK_1.3.0/lib/ksdk_platform_lib/kds/KL46Z4/debug/libksdk_platform.a(fsl_lpsci_hal.o)
 .debug_frame   0x00000d20      0x7fc C:/Freescale/KSDK_1.3.0/lib/ksdk_platform_lib/kds/KL46Z4/debug/libksdk_platform.a(fsl_clock_MKL46Z4.o)
 .debug_frame   0x0000151c      0x4ec C:/Freescale/KSDK_1.3.0/lib/ksdk_platform_lib/kds/KL46Z4/debug/libksdk_platform.a(fsl_clock_manager.o)
 .debug_frame   0x00001a08      0x1f0 C:/Freescale/KSDK_1.3.0/lib/ksdk_platform_lib/kds/KL46Z4/debug/libksdk_platform.a(fsl_sim_hal_MKL46Z4.o)
 .debug_frame   0x00001bf8       0x30 C:/Freescale/KSDK_1.3.0/lib/ksdk_platform_lib/kds/KL46Z4/debug/libksdk_platform.a(fsl_osc_hal.o)
 .debug_frame   0x00001c28      0x370 C:/Freescale/KSDK_1.3.0/lib/ksdk_platform_lib/kds/KL46Z4/debug/libksdk_platform.a(fsl_mcg_hal.o)
 .debug_frame   0x00001f98      0x210 C:/Freescale/KSDK_1.3.0/lib/ksdk_platform_lib/kds/KL46Z4/debug/libksdk_platform.a(fsl_mcg_hal_modes.o)
 .debug_frame   0x000021a8       0x20 c:/freescale/kds_v3/toolchain/bin/../lib/gcc/arm-none-eabi/4.8.4/armv6-m\libgcc.a(_udivsi3.o)
 .debug_frame   0x000021c8       0x20 c:/freescale/kds_v3/toolchain/bin/../lib/gcc/arm-none-eabi/4.8.4/armv6-m\libgcc.a(_divsi3.o)
 .debug_frame   0x000021e8       0x4c c:/freescale/kds_v3/toolchain/bin/../lib/gcc/arm-none-eabi/4.8.4/../../../../arm-none-eabi/lib/armv6-m\libg_s.a(lib_a-assert.o)
 .debug_frame   0x00002234       0x20 c:/freescale/kds_v3/toolchain/bin/../lib/gcc/arm-none-eabi/4.8.4/../../../../arm-none-eabi/lib/armv6-m\libg_s.a(lib_a-errno.o)
 .debug_frame   0x00002254       0x28 c:/freescale/kds_v3/toolchain/bin/../lib/gcc/arm-none-eabi/4.8.4/../../../../arm-none-eabi/lib/armv6-m\libg_s.a(lib_a-exit.o)
 .debug_frame   0x0000227c       0x4c c:/freescale/kds_v3/toolchain/bin/../lib/gcc/arm-none-eabi/4.8.4/../../../../arm-none-eabi/lib/armv6-m\libg_s.a(lib_a-fprintf.o)
 .debug_frame   0x000022c8       0x2c c:/freescale/kds_v3/toolchain/bin/../lib/gcc/arm-none-eabi/4.8.4/../../../../arm-none-eabi/lib/armv6-m\libg_s.a(lib_a-init.o)
 .debug_frame   0x000022f4       0x20 c:/freescale/kds_v3/toolchain/bin/../lib/gcc/arm-none-eabi/4.8.4/../../../../arm-none-eabi/lib/armv6-m\libg_s.a(lib_a-memset.o)
 .debug_frame   0x00002314       0x2c c:/freescale/kds_v3/toolchain/bin/../lib/gcc/arm-none-eabi/4.8.4/../../../../arm-none-eabi/lib/armv6-m\libg_s.a(lib_a-nano-freer.o)
 .debug_frame   0x00002340       0x2c c:/freescale/kds_v3/toolchain/bin/../lib/gcc/arm-none-eabi/4.8.4/../../../../arm-none-eabi/lib/armv6-m\libg_s.a(lib_a-nano-mallocr.o)
 .debug_frame   0x0000236c       0x2c c:/freescale/kds_v3/toolchain/bin/../lib/gcc/arm-none-eabi/4.8.4/../../../../arm-none-eabi/lib/armv6-m\libg_s.a(lib_a-sbrkr.o)
 .debug_frame   0x00002398       0x20 c:/freescale/kds_v3/toolchain/bin/../lib/gcc/arm-none-eabi/4.8.4/../../../../arm-none-eabi/lib/armv6-m\libg_s.a(lib_a-strlen.o)
 .debug_frame   0x000023b8       0xa0 c:/freescale/kds_v3/toolchain/bin/../lib/gcc/arm-none-eabi/4.8.4/../../../../arm-none-eabi/lib/armv6-m\libg_s.a(lib_a-vfprintf.o)
 .debug_frame   0x00002458       0x54 c:/freescale/kds_v3/toolchain/bin/../lib/gcc/arm-none-eabi/4.8.4/../../../../arm-none-eabi/lib/armv6-m\libg_s.a(lib_a-vfprintf_i.o)
 .debug_frame   0x000024ac       0x44 c:/freescale/kds_v3/toolchain/bin/../lib/gcc/arm-none-eabi/4.8.4/../../../../arm-none-eabi/lib/armv6-m\libg_s.a(lib_a-wbuf.o)
 .debug_frame   0x000024f0       0x2c c:/freescale/kds_v3/toolchain/bin/../lib/gcc/arm-none-eabi/4.8.4/../../../../arm-none-eabi/lib/armv6-m\libg_s.a(lib_a-wsetup.o)
 .debug_frame   0x0000251c       0x28 c:/freescale/kds_v3/toolchain/bin/../lib/gcc/arm-none-eabi/4.8.4/../../../../arm-none-eabi/lib/armv6-m\libg_s.a(lib_a-abort.o)
 .debug_frame   0x00002544       0x68 c:/freescale/kds_v3/toolchain/bin/../lib/gcc/arm-none-eabi/4.8.4/../../../../arm-none-eabi/lib/armv6-m\libg_s.a(lib_a-fflush.o)
 .debug_frame   0x000025ac      0x148 c:/freescale/kds_v3/toolchain/bin/../lib/gcc/arm-none-eabi/4.8.4/../../../../arm-none-eabi/lib/armv6-m\libg_s.a(lib_a-findfp.o)
 .debug_frame   0x000026f4       0x30 c:/freescale/kds_v3/toolchain/bin/../lib/gcc/arm-none-eabi/4.8.4/../../../../arm-none-eabi/lib/armv6-m\libg_s.a(lib_a-makebuf.o)
 .debug_frame   0x00002724       0x20 c:/freescale/kds_v3/toolchain/bin/../lib/gcc/arm-none-eabi/4.8.4/../../../../arm-none-eabi/lib/armv6-m\libg_s.a(lib_a-memchr-stub.o)
 .debug_frame   0x00002744       0x48 c:/freescale/kds_v3/toolchain/bin/../lib/gcc/arm-none-eabi/4.8.4/../../../../arm-none-eabi/lib/armv6-m\libg_s.a(lib_a-reent.o)
 .debug_frame   0x0000278c       0xe0 c:/freescale/kds_v3/toolchain/bin/../lib/gcc/arm-none-eabi/4.8.4/../../../../arm-none-eabi/lib/armv6-m\libg_s.a(lib_a-signal.o)
 .debug_frame   0x0000286c       0x44 c:/freescale/kds_v3/toolchain/bin/../lib/gcc/arm-none-eabi/4.8.4/../../../../arm-none-eabi/lib/armv6-m\libg_s.a(lib_a-signalr.o)
 .debug_frame   0x000028b0       0x90 c:/freescale/kds_v3/toolchain/bin/../lib/gcc/arm-none-eabi/4.8.4/../../../../arm-none-eabi/lib/armv6-m\libg_s.a(lib_a-stdio.o)
 .debug_frame   0x00002940       0x2c c:/freescale/kds_v3/toolchain/bin/../lib/gcc/arm-none-eabi/4.8.4/../../../../arm-none-eabi/lib/armv6-m\libg_s.a(lib_a-writer.o)
 .debug_frame   0x0000296c       0x2c c:/freescale/kds_v3/toolchain/bin/../lib/gcc/arm-none-eabi/4.8.4/../../../../arm-none-eabi/lib/armv6-m\libg_s.a(lib_a-closer.o)
 .debug_frame   0x00002998       0x2c c:/freescale/kds_v3/toolchain/bin/../lib/gcc/arm-none-eabi/4.8.4/../../../../arm-none-eabi/lib/armv6-m\libg_s.a(lib_a-fstatr.o)
 .debug_frame   0x000029c4       0x2c c:/freescale/kds_v3/toolchain/bin/../lib/gcc/arm-none-eabi/4.8.4/../../../../arm-none-eabi/lib/armv6-m\libg_s.a(lib_a-isattyr.o)
 .debug_frame   0x000029f0       0x2c c:/freescale/kds_v3/toolchain/bin/../lib/gcc/arm-none-eabi/4.8.4/../../../../arm-none-eabi/lib/armv6-m\libg_s.a(lib_a-lseekr.o)
 .debug_frame   0x00002a1c       0x2c c:/freescale/kds_v3/toolchain/bin/../lib/gcc/arm-none-eabi/4.8.4/../../../../arm-none-eabi/lib/armv6-m\libg_s.a(lib_a-readr.o)
 .debug_frame   0x00002a48       0x20 c:/freescale/kds_v3/toolchain/bin/../lib/gcc/arm-none-eabi/4.8.4/../../../../arm-none-eabi/lib/armv6-m\libnosys.a(close.o)
 .debug_frame   0x00002a68       0x20 c:/freescale/kds_v3/toolchain/bin/../lib/gcc/arm-none-eabi/4.8.4/../../../../arm-none-eabi/lib/armv6-m\libnosys.a(fstat.o)
 .debug_frame   0x00002a88       0x20 c:/freescale/kds_v3/toolchain/bin/../lib/gcc/arm-none-eabi/4.8.4/../../../../arm-none-eabi/lib/armv6-m\libnosys.a(getpid.o)
 .debug_frame   0x00002aa8       0x20 c:/freescale/kds_v3/toolchain/bin/../lib/gcc/arm-none-eabi/4.8.4/../../../../arm-none-eabi/lib/armv6-m\libnosys.a(isatty.o)
 .debug_frame   0x00002ac8       0x20 c:/freescale/kds_v3/toolchain/bin/../lib/gcc/arm-none-eabi/4.8.4/../../../../arm-none-eabi/lib/armv6-m\libnosys.a(kill.o)
 .debug_frame   0x00002ae8       0x20 c:/freescale/kds_v3/toolchain/bin/../lib/gcc/arm-none-eabi/4.8.4/../../../../arm-none-eabi/lib/armv6-m\libnosys.a(lseek.o)
 .debug_frame   0x00002b08       0x20 c:/freescale/kds_v3/toolchain/bin/../lib/gcc/arm-none-eabi/4.8.4/../../../../arm-none-eabi/lib/armv6-m\libnosys.a(_exit.o)

.stab           0x00000000       0x9c
 .stab          0x00000000       0x24 c:/freescale/kds_v3/toolchain/bin/../lib/gcc/arm-none-eabi/4.8.4/../../../../arm-none-eabi/lib/armv6-m\libnosys.a(close.o)
 .stab          0x00000024       0x18 c:/freescale/kds_v3/toolchain/bin/../lib/gcc/arm-none-eabi/4.8.4/../../../../arm-none-eabi/lib/armv6-m\libnosys.a(fstat.o)
                                 0x24 (size before relaxing)
 .stab          0x0000003c       0x18 c:/freescale/kds_v3/toolchain/bin/../lib/gcc/arm-none-eabi/4.8.4/../../../../arm-none-eabi/lib/armv6-m\libnosys.a(getpid.o)
                                 0x24 (size before relaxing)
 .stab          0x00000054       0x18 c:/freescale/kds_v3/toolchain/bin/../lib/gcc/arm-none-eabi/4.8.4/../../../../arm-none-eabi/lib/armv6-m\libnosys.a(isatty.o)
                                 0x24 (size before relaxing)
 .stab          0x0000006c       0x18 c:/freescale/kds_v3/toolchain/bin/../lib/gcc/arm-none-eabi/4.8.4/../../../../arm-none-eabi/lib/armv6-m\libnosys.a(kill.o)
                                 0x24 (size before relaxing)
 .stab          0x00000084       0x18 c:/freescale/kds_v3/toolchain/bin/../lib/gcc/arm-none-eabi/4.8.4/../../../../arm-none-eabi/lib/armv6-m\libnosys.a(lseek.o)
                                 0x24 (size before relaxing)

.stabstr        0x00000000      0x14f
 .stabstr       0x00000000      0x14f c:/freescale/kds_v3/toolchain/bin/../lib/gcc/arm-none-eabi/4.8.4/../../../../arm-none-eabi/lib/armv6-m\libnosys.a(close.o)
